2025-05-08 21:06:37,764 - DEBUG - Using proactor: IocpProactor
2025-05-08 21:06:37,807 - DEBUG - caching sha2: Trying fast path
2025-05-08 21:06:37,807 - DEBUG - caching sha2: Trying full auth...
2025-05-08 21:06:37,807 - DEBUG - -----BEGIN PUBLIC KEY-----
MIIBIjANBgkqhkiG9w0BAQEFAAOCAQ8AMIIBCgKCAQEAho32nDGmqcw9sbhYSLbB
42VfcolqOPklO17ZrwwtBxmfQuoFLvorXJbF0KPIF29XWsWMmEdc+WltEmqeF/90
Z/RvI7Y4nE0UwQty3Ls3qqKXWZrdLzjxN+sumpsimC+Zc+e+FwqvRC7UfyzFxxPi
dIs4zJkDhyfXst37emBWAX6IJtq/nPv17BEOV0lVkaW91MC2zNM7pDyN6hbw40sI
KYrrsEZin7c0aZM+bp2b2tL+QGKgIfGLkHvepEWAi5GJLaKIwm5+j0X55k4ANUgp
pY6vs75NujPLpjdP0xGJNN71KCQ8uxjcsUHUuGZ23uxHrrJvWm1CNvrBUjXeGr+2
bwIDAQAB
-----END PUBLIC KEY-----

2025-05-08 21:06:37,822 - DEBUG - caching sha2: Trying fast path
2025-05-08 21:06:37,823 - DEBUG - caching sha2: Trying full auth...
2025-05-08 21:06:37,823 - DEBUG - -----BEGIN PUBLIC KEY-----
MIIBIjANBgkqhkiG9w0BAQEFAAOCAQ8AMIIBCgKCAQEAho32nDGmqcw9sbhYSLbB
42VfcolqOPklO17ZrwwtBxmfQuoFLvorXJbF0KPIF29XWsWMmEdc+WltEmqeF/90
Z/RvI7Y4nE0UwQty3Ls3qqKXWZrdLzjxN+sumpsimC+Zc+e+FwqvRC7UfyzFxxPi
dIs4zJkDhyfXst37emBWAX6IJtq/nPv17BEOV0lVkaW91MC2zNM7pDyN6hbw40sI
KYrrsEZin7c0aZM+bp2b2tL+QGKgIfGLkHvepEWAi5GJLaKIwm5+j0X55k4ANUgp
pY6vs75NujPLpjdP0xGJNN71KCQ8uxjcsUHUuGZ23uxHrrJvWm1CNvrBUjXeGr+2
bwIDAQAB
-----END PUBLIC KEY-----

2025-05-08 21:06:37,828 - DEBUG - caching sha2: Trying fast path
2025-05-08 21:06:37,828 - DEBUG - caching sha2: Trying full auth...
2025-05-08 21:06:37,828 - DEBUG - -----BEGIN PUBLIC KEY-----
MIIBIjANBgkqhkiG9w0BAQEFAAOCAQ8AMIIBCgKCAQEAho32nDGmqcw9sbhYSLbB
42VfcolqOPklO17ZrwwtBxmfQuoFLvorXJbF0KPIF29XWsWMmEdc+WltEmqeF/90
Z/RvI7Y4nE0UwQty3Ls3qqKXWZrdLzjxN+sumpsimC+Zc+e+FwqvRC7UfyzFxxPi
dIs4zJkDhyfXst37emBWAX6IJtq/nPv17BEOV0lVkaW91MC2zNM7pDyN6hbw40sI
KYrrsEZin7c0aZM+bp2b2tL+QGKgIfGLkHvepEWAi5GJLaKIwm5+j0X55k4ANUgp
pY6vs75NujPLpjdP0xGJNN71KCQ8uxjcsUHUuGZ23uxHrrJvWm1CNvrBUjXeGr+2
bwIDAQAB
-----END PUBLIC KEY-----

2025-05-08 21:06:37,833 - DEBUG - caching sha2: Trying fast path
2025-05-08 21:06:37,833 - DEBUG - caching sha2: Trying full auth...
2025-05-08 21:06:37,833 - DEBUG - -----BEGIN PUBLIC KEY-----
MIIBIjANBgkqhkiG9w0BAQEFAAOCAQ8AMIIBCgKCAQEAho32nDGmqcw9sbhYSLbB
42VfcolqOPklO17ZrwwtBxmfQuoFLvorXJbF0KPIF29XWsWMmEdc+WltEmqeF/90
Z/RvI7Y4nE0UwQty3Ls3qqKXWZrdLzjxN+sumpsimC+Zc+e+FwqvRC7UfyzFxxPi
dIs4zJkDhyfXst37emBWAX6IJtq/nPv17BEOV0lVkaW91MC2zNM7pDyN6hbw40sI
KYrrsEZin7c0aZM+bp2b2tL+QGKgIfGLkHvepEWAi5GJLaKIwm5+j0X55k4ANUgp
pY6vs75NujPLpjdP0xGJNN71KCQ8uxjcsUHUuGZ23uxHrrJvWm1CNvrBUjXeGr+2
bwIDAQAB
-----END PUBLIC KEY-----

2025-05-08 21:06:37,839 - DEBUG - caching sha2: Trying fast path
2025-05-08 21:06:37,839 - DEBUG - caching sha2: Trying full auth...
2025-05-08 21:06:37,839 - DEBUG - -----BEGIN PUBLIC KEY-----
MIIBIjANBgkqhkiG9w0BAQEFAAOCAQ8AMIIBCgKCAQEAho32nDGmqcw9sbhYSLbB
42VfcolqOPklO17ZrwwtBxmfQuoFLvorXJbF0KPIF29XWsWMmEdc+WltEmqeF/90
Z/RvI7Y4nE0UwQty3Ls3qqKXWZrdLzjxN+sumpsimC+Zc+e+FwqvRC7UfyzFxxPi
dIs4zJkDhyfXst37emBWAX6IJtq/nPv17BEOV0lVkaW91MC2zNM7pDyN6hbw40sI
KYrrsEZin7c0aZM+bp2b2tL+QGKgIfGLkHvepEWAi5GJLaKIwm5+j0X55k4ANUgp
pY6vs75NujPLpjdP0xGJNN71KCQ8uxjcsUHUuGZ23uxHrrJvWm1CNvrBUjXeGr+2
bwIDAQAB
-----END PUBLIC KEY-----

2025-05-08 21:06:37,844 - DEBUG - caching sha2: Trying fast path
2025-05-08 21:06:37,845 - DEBUG - caching sha2: Trying full auth...
2025-05-08 21:06:37,845 - DEBUG - -----BEGIN PUBLIC KEY-----
MIIBIjANBgkqhkiG9w0BAQEFAAOCAQ8AMIIBCgKCAQEAho32nDGmqcw9sbhYSLbB
42VfcolqOPklO17ZrwwtBxmfQuoFLvorXJbF0KPIF29XWsWMmEdc+WltEmqeF/90
Z/RvI7Y4nE0UwQty3Ls3qqKXWZrdLzjxN+sumpsimC+Zc+e+FwqvRC7UfyzFxxPi
dIs4zJkDhyfXst37emBWAX6IJtq/nPv17BEOV0lVkaW91MC2zNM7pDyN6hbw40sI
KYrrsEZin7c0aZM+bp2b2tL+QGKgIfGLkHvepEWAi5GJLaKIwm5+j0X55k4ANUgp
pY6vs75NujPLpjdP0xGJNN71KCQ8uxjcsUHUuGZ23uxHrrJvWm1CNvrBUjXeGr+2
bwIDAQAB
-----END PUBLIC KEY-----

2025-05-08 21:06:37,851 - DEBUG - caching sha2: Trying fast path
2025-05-08 21:06:37,852 - DEBUG - caching sha2: Trying full auth...
2025-05-08 21:06:37,852 - DEBUG - -----BEGIN PUBLIC KEY-----
MIIBIjANBgkqhkiG9w0BAQEFAAOCAQ8AMIIBCgKCAQEAho32nDGmqcw9sbhYSLbB
42VfcolqOPklO17ZrwwtBxmfQuoFLvorXJbF0KPIF29XWsWMmEdc+WltEmqeF/90
Z/RvI7Y4nE0UwQty3Ls3qqKXWZrdLzjxN+sumpsimC+Zc+e+FwqvRC7UfyzFxxPi
dIs4zJkDhyfXst37emBWAX6IJtq/nPv17BEOV0lVkaW91MC2zNM7pDyN6hbw40sI
KYrrsEZin7c0aZM+bp2b2tL+QGKgIfGLkHvepEWAi5GJLaKIwm5+j0X55k4ANUgp
pY6vs75NujPLpjdP0xGJNN71KCQ8uxjcsUHUuGZ23uxHrrJvWm1CNvrBUjXeGr+2
bwIDAQAB
-----END PUBLIC KEY-----

2025-05-08 21:06:37,857 - DEBUG - caching sha2: Trying fast path
2025-05-08 21:06:37,857 - DEBUG - caching sha2: Trying full auth...
2025-05-08 21:06:37,858 - DEBUG - -----BEGIN PUBLIC KEY-----
MIIBIjANBgkqhkiG9w0BAQEFAAOCAQ8AMIIBCgKCAQEAho32nDGmqcw9sbhYSLbB
42VfcolqOPklO17ZrwwtBxmfQuoFLvorXJbF0KPIF29XWsWMmEdc+WltEmqeF/90
Z/RvI7Y4nE0UwQty3Ls3qqKXWZrdLzjxN+sumpsimC+Zc+e+FwqvRC7UfyzFxxPi
dIs4zJkDhyfXst37emBWAX6IJtq/nPv17BEOV0lVkaW91MC2zNM7pDyN6hbw40sI
KYrrsEZin7c0aZM+bp2b2tL+QGKgIfGLkHvepEWAi5GJLaKIwm5+j0X55k4ANUgp
pY6vs75NujPLpjdP0xGJNN71KCQ8uxjcsUHUuGZ23uxHrrJvWm1CNvrBUjXeGr+2
bwIDAQAB
-----END PUBLIC KEY-----

2025-05-08 21:06:37,868 - DEBUG - caching sha2: Trying fast path
2025-05-08 21:06:37,868 - DEBUG - caching sha2: Trying full auth...
2025-05-08 21:06:37,868 - DEBUG - -----BEGIN PUBLIC KEY-----
MIIBIjANBgkqhkiG9w0BAQEFAAOCAQ8AMIIBCgKCAQEAho32nDGmqcw9sbhYSLbB
42VfcolqOPklO17ZrwwtBxmfQuoFLvorXJbF0KPIF29XWsWMmEdc+WltEmqeF/90
Z/RvI7Y4nE0UwQty3Ls3qqKXWZrdLzjxN+sumpsimC+Zc+e+FwqvRC7UfyzFxxPi
dIs4zJkDhyfXst37emBWAX6IJtq/nPv17BEOV0lVkaW91MC2zNM7pDyN6hbw40sI
KYrrsEZin7c0aZM+bp2b2tL+QGKgIfGLkHvepEWAi5GJLaKIwm5+j0X55k4ANUgp
pY6vs75NujPLpjdP0xGJNN71KCQ8uxjcsUHUuGZ23uxHrrJvWm1CNvrBUjXeGr+2
bwIDAQAB
-----END PUBLIC KEY-----

2025-05-08 21:06:37,874 - DEBUG - caching sha2: Trying fast path
2025-05-08 21:06:37,874 - DEBUG - caching sha2: Trying full auth...
2025-05-08 21:06:37,874 - DEBUG - -----BEGIN PUBLIC KEY-----
MIIBIjANBgkqhkiG9w0BAQEFAAOCAQ8AMIIBCgKCAQEAho32nDGmqcw9sbhYSLbB
42VfcolqOPklO17ZrwwtBxmfQuoFLvorXJbF0KPIF29XWsWMmEdc+WltEmqeF/90
Z/RvI7Y4nE0UwQty3Ls3qqKXWZrdLzjxN+sumpsimC+Zc+e+FwqvRC7UfyzFxxPi
dIs4zJkDhyfXst37emBWAX6IJtq/nPv17BEOV0lVkaW91MC2zNM7pDyN6hbw40sI
KYrrsEZin7c0aZM+bp2b2tL+QGKgIfGLkHvepEWAi5GJLaKIwm5+j0X55k4ANUgp
pY6vs75NujPLpjdP0xGJNN71KCQ8uxjcsUHUuGZ23uxHrrJvWm1CNvrBUjXeGr+2
bwIDAQAB
-----END PUBLIC KEY-----

2025-05-08 21:06:51,242 - ERROR - WebSocket error: name 'Decimal' is not defined
2025-05-08 21:07:31,671 - DEBUG - Calling on_part_begin with no data
2025-05-08 21:07:31,671 - DEBUG - Calling on_header_field with data[36:48]
2025-05-08 21:07:31,671 - DEBUG - Calling on_header_value with data[50:75]
2025-05-08 21:07:31,671 - DEBUG - Calling on_header_end with no data
2025-05-08 21:07:31,671 - DEBUG - Calling on_header_field with data[77:96]
2025-05-08 21:07:31,671 - DEBUG - Calling on_header_value with data[98:123]
2025-05-08 21:07:31,671 - DEBUG - Calling on_header_end with no data
2025-05-08 21:07:31,671 - DEBUG - Calling on_headers_finished with no data
2025-05-08 21:07:31,671 - DEBUG - Calling on_part_data with data[127:128]
2025-05-08 21:07:31,671 - DEBUG - Calling on_part_end with no data
2025-05-08 21:07:31,671 - DEBUG - Calling on_part_begin with no data
2025-05-08 21:07:31,671 - DEBUG - Calling on_header_field with data[166:178]
2025-05-08 21:07:31,671 - DEBUG - Calling on_header_value with data[180:205]
2025-05-08 21:07:31,671 - DEBUG - Calling on_header_end with no data
2025-05-08 21:07:31,671 - DEBUG - Calling on_header_field with data[207:226]
2025-05-08 21:07:31,671 - DEBUG - Calling on_header_value with data[228:251]
2025-05-08 21:07:31,671 - DEBUG - Calling on_header_end with no data
2025-05-08 21:07:31,671 - DEBUG - Calling on_headers_finished with no data
2025-05-08 21:07:31,672 - DEBUG - Calling on_part_data with data[255:259]
2025-05-08 21:07:31,672 - DEBUG - Calling on_part_end with no data
2025-05-08 21:07:31,672 - DEBUG - Calling on_part_begin with no data
2025-05-08 21:07:31,672 - DEBUG - Calling on_header_field with data[297:309]
2025-05-08 21:07:31,672 - DEBUG - Calling on_header_value with data[311:336]
2025-05-08 21:07:31,672 - DEBUG - Calling on_header_end with no data
2025-05-08 21:07:31,672 - DEBUG - Calling on_header_field with data[338:357]
2025-05-08 21:07:31,672 - DEBUG - Calling on_header_value with data[359:382]
2025-05-08 21:07:31,672 - DEBUG - Calling on_header_end with no data
2025-05-08 21:07:31,672 - DEBUG - Calling on_headers_finished with no data
2025-05-08 21:07:31,672 - DEBUG - Calling on_part_data with data[386:387]
2025-05-08 21:07:31,672 - DEBUG - Calling on_part_end with no data
2025-05-08 21:07:31,672 - DEBUG - Calling on_part_begin with no data
2025-05-08 21:07:31,672 - DEBUG - Calling on_header_field with data[425:437]
2025-05-08 21:07:31,672 - DEBUG - Calling on_header_value with data[439:464]
2025-05-08 21:07:31,672 - DEBUG - Calling on_header_end with no data
2025-05-08 21:07:31,672 - DEBUG - Calling on_header_field with data[466:485]
2025-05-08 21:07:31,672 - DEBUG - Calling on_header_value with data[487:510]
2025-05-08 21:07:31,672 - DEBUG - Calling on_header_end with no data
2025-05-08 21:07:31,672 - DEBUG - Calling on_headers_finished with no data
2025-05-08 21:07:31,672 - DEBUG - Calling on_part_data with data[514:535]
2025-05-08 21:07:31,672 - DEBUG - Calling on_part_end with no data
2025-05-08 21:07:31,672 - DEBUG - Calling on_part_begin with no data
2025-05-08 21:07:31,672 - DEBUG - Calling on_header_field with data[573:585]
2025-05-08 21:07:31,672 - DEBUG - Calling on_header_value with data[587:612]
2025-05-08 21:07:31,672 - DEBUG - Calling on_header_end with no data
2025-05-08 21:07:31,672 - DEBUG - Calling on_header_field with data[614:633]
2025-05-08 21:07:31,672 - DEBUG - Calling on_header_value with data[635:660]
2025-05-08 21:07:31,672 - DEBUG - Calling on_header_end with no data
2025-05-08 21:07:31,672 - DEBUG - Calling on_headers_finished with no data
2025-05-08 21:07:31,672 - DEBUG - Calling on_part_data with data[664:674]
2025-05-08 21:07:31,673 - DEBUG - Calling on_part_end with no data
2025-05-08 21:07:31,673 - DEBUG - Calling on_part_begin with no data
2025-05-08 21:07:31,673 - DEBUG - Calling on_header_field with data[712:724]
2025-05-08 21:07:31,673 - DEBUG - Calling on_header_value with data[726:751]
2025-05-08 21:07:31,673 - DEBUG - Calling on_header_end with no data
2025-05-08 21:07:31,673 - DEBUG - Calling on_header_field with data[753:772]
2025-05-08 21:07:31,673 - DEBUG - Calling on_header_value with data[774:796]
2025-05-08 21:07:31,673 - DEBUG - Calling on_header_end with no data
2025-05-08 21:07:31,673 - DEBUG - Calling on_headers_finished with no data
2025-05-08 21:07:31,673 - DEBUG - Calling on_part_data with data[800:802]
2025-05-08 21:07:31,673 - DEBUG - Calling on_part_end with no data
2025-05-08 21:07:31,673 - DEBUG - Calling on_part_begin with no data
2025-05-08 21:07:31,673 - DEBUG - Calling on_header_field with data[840:852]
2025-05-08 21:07:31,673 - DEBUG - Calling on_header_value with data[854:879]
2025-05-08 21:07:31,673 - DEBUG - Calling on_header_end with no data
2025-05-08 21:07:31,673 - DEBUG - Calling on_header_field with data[881:900]
2025-05-08 21:07:31,673 - DEBUG - Calling on_header_value with data[902:934]
2025-05-08 21:07:31,673 - DEBUG - Calling on_header_end with no data
2025-05-08 21:07:31,673 - DEBUG - Calling on_headers_finished with no data
2025-05-08 21:07:31,673 - DEBUG - Calling on_part_data with data[938:942]
2025-05-08 21:07:31,673 - DEBUG - Calling on_part_end with no data
2025-05-08 21:07:31,673 - DEBUG - Calling on_part_begin with no data
2025-05-08 21:07:31,673 - DEBUG - Calling on_header_field with data[980:992]
2025-05-08 21:07:31,673 - DEBUG - Calling on_header_value with data[994:1019]
2025-05-08 21:07:31,673 - DEBUG - Calling on_header_end with no data
2025-05-08 21:07:31,673 - DEBUG - Calling on_header_field with data[1021:1040]
2025-05-08 21:07:31,673 - DEBUG - Calling on_header_value with data[1042:1068]
2025-05-08 21:07:31,673 - DEBUG - Calling on_header_end with no data
2025-05-08 21:07:31,673 - DEBUG - Calling on_headers_finished with no data
2025-05-08 21:07:31,673 - DEBUG - Calling on_part_data with data[1072:1078]
2025-05-08 21:07:31,673 - DEBUG - Calling on_part_end with no data
2025-05-08 21:07:31,673 - DEBUG - Calling on_part_begin with no data
2025-05-08 21:07:31,673 - DEBUG - Calling on_header_field with data[1116:1128]
2025-05-08 21:07:31,674 - DEBUG - Calling on_header_value with data[1130:1154]
2025-05-08 21:07:31,674 - DEBUG - Calling on_header_end with no data
2025-05-08 21:07:31,674 - DEBUG - Calling on_header_field with data[1156:1175]
2025-05-08 21:07:31,674 - DEBUG - Calling on_header_value with data[1177:1301]
2025-05-08 21:07:31,674 - DEBUG - Calling on_header_end with no data
2025-05-08 21:07:31,674 - DEBUG - Calling on_headers_finished with no data
2025-05-08 21:07:31,674 - DEBUG - Calling on_part_data with data[1305:21827]
2025-05-08 21:07:31,674 - DEBUG - Calling on_part_end with no data
2025-05-08 21:07:31,674 - DEBUG - Calling on_end with no data
2025-05-08 21:07:55,214 - DEBUG - = connection is CONNECTING
2025-05-08 21:07:55,215 - DEBUG - > GET /notify HTTP/1.1
2025-05-08 21:07:55,215 - DEBUG - > Host: localhost:8001
2025-05-08 21:07:55,215 - DEBUG - > Upgrade: websocket
2025-05-08 21:07:55,215 - DEBUG - > Connection: Upgrade
2025-05-08 21:07:55,215 - DEBUG - > Sec-WebSocket-Key: SNXtV9yRKVqCZNVB+Rf8Xw==
2025-05-08 21:07:55,215 - DEBUG - > Sec-WebSocket-Version: 13
2025-05-08 21:07:55,215 - DEBUG - > Sec-WebSocket-Extensions: permessage-deflate; client_max_window_bits
2025-05-08 21:07:55,215 - DEBUG - > User-Agent: Python/3.12 websockets/15.0.1
2025-05-08 21:07:55,216 - DEBUG - < HTTP/1.1 101 Switching Protocols
2025-05-08 21:07:55,216 - DEBUG - < Date: Thu, 08 May 2025 18:07:55 GMT
2025-05-08 21:07:55,216 - DEBUG - < Upgrade: websocket
2025-05-08 21:07:55,216 - DEBUG - < Connection: Upgrade
2025-05-08 21:07:55,216 - DEBUG - < Sec-WebSocket-Accept: HY8bhmsBLCqCfyRfLD9gx489bN8=
2025-05-08 21:07:55,216 - DEBUG - < Sec-WebSocket-Extensions: permessage-deflate; server_max_window_bits=12; client_max_window_bits=12
2025-05-08 21:07:55,216 - DEBUG - < Server: Python/3.12 websockets/15.0.1
2025-05-08 21:07:55,216 - DEBUG - = connection is OPEN
2025-05-08 21:07:55,216 - DEBUG - > TEXT '{"type": "status_update", "status": "\\u0433\\u... 39, "address": "sdvs"}' [129 bytes]
2025-05-08 21:07:55,216 - DEBUG - > CLOSE 1000 (OK) [2 bytes]
2025-05-08 21:07:55,217 - DEBUG - = connection is CLOSING
2025-05-08 21:07:55,217 - DEBUG - < CLOSE 1000 (OK) [2 bytes]
2025-05-08 21:07:55,217 - DEBUG - < EOF
2025-05-08 21:07:55,217 - DEBUG - > EOF
2025-05-08 21:07:55,217 - DEBUG - = connection is CLOSED
2025-05-08 21:07:55,217 - DEBUG - x half-closing TCP connection
2025-05-08 21:08:05,089 - ERROR - Critical error: Traceback (most recent call last):
  File "C:\send_to_ptint\send-to-print\project\api\api.py", line 223, in complete_order
    (data.status, order_id)
     ^^^^
NameError: name 'data' is not defined

2025-05-08 21:08:13,486 - ERROR - Critical error: Traceback (most recent call last):
  File "C:\send_to_ptint\send-to-print\project\api\api.py", line 223, in complete_order
    (data.status, order_id)
     ^^^^
NameError: name 'data' is not defined

2025-05-08 21:11:30,174 - DEBUG - Using proactor: IocpProactor
2025-05-08 21:11:30,229 - DEBUG - caching sha2: Trying fast path
2025-05-08 21:11:30,229 - DEBUG - caching sha2: Trying full auth...
2025-05-08 21:11:30,229 - DEBUG - -----BEGIN PUBLIC KEY-----
MIIBIjANBgkqhkiG9w0BAQEFAAOCAQ8AMIIBCgKCAQEAho32nDGmqcw9sbhYSLbB
42VfcolqOPklO17ZrwwtBxmfQuoFLvorXJbF0KPIF29XWsWMmEdc+WltEmqeF/90
Z/RvI7Y4nE0UwQty3Ls3qqKXWZrdLzjxN+sumpsimC+Zc+e+FwqvRC7UfyzFxxPi
dIs4zJkDhyfXst37emBWAX6IJtq/nPv17BEOV0lVkaW91MC2zNM7pDyN6hbw40sI
KYrrsEZin7c0aZM+bp2b2tL+QGKgIfGLkHvepEWAi5GJLaKIwm5+j0X55k4ANUgp
pY6vs75NujPLpjdP0xGJNN71KCQ8uxjcsUHUuGZ23uxHrrJvWm1CNvrBUjXeGr+2
bwIDAQAB
-----END PUBLIC KEY-----

2025-05-08 21:11:30,240 - DEBUG - caching sha2: Trying fast path
2025-05-08 21:11:30,240 - DEBUG - caching sha2: Trying full auth...
2025-05-08 21:11:30,240 - DEBUG - -----BEGIN PUBLIC KEY-----
MIIBIjANBgkqhkiG9w0BAQEFAAOCAQ8AMIIBCgKCAQEAho32nDGmqcw9sbhYSLbB
42VfcolqOPklO17ZrwwtBxmfQuoFLvorXJbF0KPIF29XWsWMmEdc+WltEmqeF/90
Z/RvI7Y4nE0UwQty3Ls3qqKXWZrdLzjxN+sumpsimC+Zc+e+FwqvRC7UfyzFxxPi
dIs4zJkDhyfXst37emBWAX6IJtq/nPv17BEOV0lVkaW91MC2zNM7pDyN6hbw40sI
KYrrsEZin7c0aZM+bp2b2tL+QGKgIfGLkHvepEWAi5GJLaKIwm5+j0X55k4ANUgp
pY6vs75NujPLpjdP0xGJNN71KCQ8uxjcsUHUuGZ23uxHrrJvWm1CNvrBUjXeGr+2
bwIDAQAB
-----END PUBLIC KEY-----

2025-05-08 21:11:30,245 - DEBUG - caching sha2: Trying fast path
2025-05-08 21:11:30,245 - DEBUG - caching sha2: Trying full auth...
2025-05-08 21:11:30,245 - DEBUG - -----BEGIN PUBLIC KEY-----
MIIBIjANBgkqhkiG9w0BAQEFAAOCAQ8AMIIBCgKCAQEAho32nDGmqcw9sbhYSLbB
42VfcolqOPklO17ZrwwtBxmfQuoFLvorXJbF0KPIF29XWsWMmEdc+WltEmqeF/90
Z/RvI7Y4nE0UwQty3Ls3qqKXWZrdLzjxN+sumpsimC+Zc+e+FwqvRC7UfyzFxxPi
dIs4zJkDhyfXst37emBWAX6IJtq/nPv17BEOV0lVkaW91MC2zNM7pDyN6hbw40sI
KYrrsEZin7c0aZM+bp2b2tL+QGKgIfGLkHvepEWAi5GJLaKIwm5+j0X55k4ANUgp
pY6vs75NujPLpjdP0xGJNN71KCQ8uxjcsUHUuGZ23uxHrrJvWm1CNvrBUjXeGr+2
bwIDAQAB
-----END PUBLIC KEY-----

2025-05-08 21:11:30,250 - DEBUG - caching sha2: Trying fast path
2025-05-08 21:11:30,250 - DEBUG - caching sha2: Trying full auth...
2025-05-08 21:11:30,250 - DEBUG - -----BEGIN PUBLIC KEY-----
MIIBIjANBgkqhkiG9w0BAQEFAAOCAQ8AMIIBCgKCAQEAho32nDGmqcw9sbhYSLbB
42VfcolqOPklO17ZrwwtBxmfQuoFLvorXJbF0KPIF29XWsWMmEdc+WltEmqeF/90
Z/RvI7Y4nE0UwQty3Ls3qqKXWZrdLzjxN+sumpsimC+Zc+e+FwqvRC7UfyzFxxPi
dIs4zJkDhyfXst37emBWAX6IJtq/nPv17BEOV0lVkaW91MC2zNM7pDyN6hbw40sI
KYrrsEZin7c0aZM+bp2b2tL+QGKgIfGLkHvepEWAi5GJLaKIwm5+j0X55k4ANUgp
pY6vs75NujPLpjdP0xGJNN71KCQ8uxjcsUHUuGZ23uxHrrJvWm1CNvrBUjXeGr+2
bwIDAQAB
-----END PUBLIC KEY-----

2025-05-08 21:11:30,255 - DEBUG - caching sha2: Trying fast path
2025-05-08 21:11:30,255 - DEBUG - caching sha2: Trying full auth...
2025-05-08 21:11:30,255 - DEBUG - -----BEGIN PUBLIC KEY-----
MIIBIjANBgkqhkiG9w0BAQEFAAOCAQ8AMIIBCgKCAQEAho32nDGmqcw9sbhYSLbB
42VfcolqOPklO17ZrwwtBxmfQuoFLvorXJbF0KPIF29XWsWMmEdc+WltEmqeF/90
Z/RvI7Y4nE0UwQty3Ls3qqKXWZrdLzjxN+sumpsimC+Zc+e+FwqvRC7UfyzFxxPi
dIs4zJkDhyfXst37emBWAX6IJtq/nPv17BEOV0lVkaW91MC2zNM7pDyN6hbw40sI
KYrrsEZin7c0aZM+bp2b2tL+QGKgIfGLkHvepEWAi5GJLaKIwm5+j0X55k4ANUgp
pY6vs75NujPLpjdP0xGJNN71KCQ8uxjcsUHUuGZ23uxHrrJvWm1CNvrBUjXeGr+2
bwIDAQAB
-----END PUBLIC KEY-----

2025-05-08 21:11:30,260 - DEBUG - caching sha2: Trying fast path
2025-05-08 21:11:30,260 - DEBUG - caching sha2: Trying full auth...
2025-05-08 21:11:30,260 - DEBUG - -----BEGIN PUBLIC KEY-----
MIIBIjANBgkqhkiG9w0BAQEFAAOCAQ8AMIIBCgKCAQEAho32nDGmqcw9sbhYSLbB
42VfcolqOPklO17ZrwwtBxmfQuoFLvorXJbF0KPIF29XWsWMmEdc+WltEmqeF/90
Z/RvI7Y4nE0UwQty3Ls3qqKXWZrdLzjxN+sumpsimC+Zc+e+FwqvRC7UfyzFxxPi
dIs4zJkDhyfXst37emBWAX6IJtq/nPv17BEOV0lVkaW91MC2zNM7pDyN6hbw40sI
KYrrsEZin7c0aZM+bp2b2tL+QGKgIfGLkHvepEWAi5GJLaKIwm5+j0X55k4ANUgp
pY6vs75NujPLpjdP0xGJNN71KCQ8uxjcsUHUuGZ23uxHrrJvWm1CNvrBUjXeGr+2
bwIDAQAB
-----END PUBLIC KEY-----

2025-05-08 21:11:30,265 - DEBUG - caching sha2: Trying fast path
2025-05-08 21:11:30,265 - DEBUG - caching sha2: Trying full auth...
2025-05-08 21:11:30,265 - DEBUG - -----BEGIN PUBLIC KEY-----
MIIBIjANBgkqhkiG9w0BAQEFAAOCAQ8AMIIBCgKCAQEAho32nDGmqcw9sbhYSLbB
42VfcolqOPklO17ZrwwtBxmfQuoFLvorXJbF0KPIF29XWsWMmEdc+WltEmqeF/90
Z/RvI7Y4nE0UwQty3Ls3qqKXWZrdLzjxN+sumpsimC+Zc+e+FwqvRC7UfyzFxxPi
dIs4zJkDhyfXst37emBWAX6IJtq/nPv17BEOV0lVkaW91MC2zNM7pDyN6hbw40sI
KYrrsEZin7c0aZM+bp2b2tL+QGKgIfGLkHvepEWAi5GJLaKIwm5+j0X55k4ANUgp
pY6vs75NujPLpjdP0xGJNN71KCQ8uxjcsUHUuGZ23uxHrrJvWm1CNvrBUjXeGr+2
bwIDAQAB
-----END PUBLIC KEY-----

2025-05-08 21:11:30,270 - DEBUG - caching sha2: Trying fast path
2025-05-08 21:11:30,271 - DEBUG - caching sha2: Trying full auth...
2025-05-08 21:11:30,271 - DEBUG - -----BEGIN PUBLIC KEY-----
MIIBIjANBgkqhkiG9w0BAQEFAAOCAQ8AMIIBCgKCAQEAho32nDGmqcw9sbhYSLbB
42VfcolqOPklO17ZrwwtBxmfQuoFLvorXJbF0KPIF29XWsWMmEdc+WltEmqeF/90
Z/RvI7Y4nE0UwQty3Ls3qqKXWZrdLzjxN+sumpsimC+Zc+e+FwqvRC7UfyzFxxPi
dIs4zJkDhyfXst37emBWAX6IJtq/nPv17BEOV0lVkaW91MC2zNM7pDyN6hbw40sI
KYrrsEZin7c0aZM+bp2b2tL+QGKgIfGLkHvepEWAi5GJLaKIwm5+j0X55k4ANUgp
pY6vs75NujPLpjdP0xGJNN71KCQ8uxjcsUHUuGZ23uxHrrJvWm1CNvrBUjXeGr+2
bwIDAQAB
-----END PUBLIC KEY-----

2025-05-08 21:11:30,275 - DEBUG - caching sha2: Trying fast path
2025-05-08 21:11:30,276 - DEBUG - caching sha2: Trying full auth...
2025-05-08 21:11:30,276 - DEBUG - -----BEGIN PUBLIC KEY-----
MIIBIjANBgkqhkiG9w0BAQEFAAOCAQ8AMIIBCgKCAQEAho32nDGmqcw9sbhYSLbB
42VfcolqOPklO17ZrwwtBxmfQuoFLvorXJbF0KPIF29XWsWMmEdc+WltEmqeF/90
Z/RvI7Y4nE0UwQty3Ls3qqKXWZrdLzjxN+sumpsimC+Zc+e+FwqvRC7UfyzFxxPi
dIs4zJkDhyfXst37emBWAX6IJtq/nPv17BEOV0lVkaW91MC2zNM7pDyN6hbw40sI
KYrrsEZin7c0aZM+bp2b2tL+QGKgIfGLkHvepEWAi5GJLaKIwm5+j0X55k4ANUgp
pY6vs75NujPLpjdP0xGJNN71KCQ8uxjcsUHUuGZ23uxHrrJvWm1CNvrBUjXeGr+2
bwIDAQAB
-----END PUBLIC KEY-----

2025-05-08 21:11:30,281 - DEBUG - caching sha2: Trying fast path
2025-05-08 21:11:30,281 - DEBUG - caching sha2: Trying full auth...
2025-05-08 21:11:30,281 - DEBUG - -----BEGIN PUBLIC KEY-----
MIIBIjANBgkqhkiG9w0BAQEFAAOCAQ8AMIIBCgKCAQEAho32nDGmqcw9sbhYSLbB
42VfcolqOPklO17ZrwwtBxmfQuoFLvorXJbF0KPIF29XWsWMmEdc+WltEmqeF/90
Z/RvI7Y4nE0UwQty3Ls3qqKXWZrdLzjxN+sumpsimC+Zc+e+FwqvRC7UfyzFxxPi
dIs4zJkDhyfXst37emBWAX6IJtq/nPv17BEOV0lVkaW91MC2zNM7pDyN6hbw40sI
KYrrsEZin7c0aZM+bp2b2tL+QGKgIfGLkHvepEWAi5GJLaKIwm5+j0X55k4ANUgp
pY6vs75NujPLpjdP0xGJNN71KCQ8uxjcsUHUuGZ23uxHrrJvWm1CNvrBUjXeGr+2
bwIDAQAB
-----END PUBLIC KEY-----

2025-05-08 21:11:44,611 - ERROR - WebSocket error: name 'Decimal' is not defined
2025-05-08 21:12:09,862 - ERROR - Critical error: Traceback (most recent call last):
  File "C:\send_to_ptint\send-to-print\project\api\api.py", line 223, in complete_order
    (data.status, order_id)
     ^^^^
NameError: name 'data' is not defined

2025-05-08 21:12:09,863 - ERROR - Critical error: Traceback (most recent call last):
  File "C:\send_to_ptint\send-to-print\project\api\api.py", line 223, in complete_order
    (data.status, order_id)
     ^^^^
NameError: name 'data' is not defined

2025-05-08 21:12:09,864 - ERROR - Critical error: Traceback (most recent call last):
  File "C:\send_to_ptint\send-to-print\project\api\api.py", line 223, in complete_order
    (data.status, order_id)
     ^^^^
NameError: name 'data' is not defined

2025-05-08 21:12:09,865 - ERROR - Critical error: Traceback (most recent call last):
  File "C:\send_to_ptint\send-to-print\project\api\api.py", line 223, in complete_order
    (data.status, order_id)
     ^^^^
NameError: name 'data' is not defined

2025-05-08 21:12:09,865 - ERROR - Critical error: Traceback (most recent call last):
  File "C:\send_to_ptint\send-to-print\project\api\api.py", line 223, in complete_order
    (data.status, order_id)
     ^^^^
NameError: name 'data' is not defined

2025-05-08 21:12:09,866 - ERROR - Critical error: Traceback (most recent call last):
  File "C:\send_to_ptint\send-to-print\project\api\api.py", line 223, in complete_order
    (data.status, order_id)
     ^^^^
NameError: name 'data' is not defined

2025-05-08 21:12:09,867 - ERROR - Critical error: Traceback (most recent call last):
  File "C:\send_to_ptint\send-to-print\project\api\api.py", line 223, in complete_order
    (data.status, order_id)
     ^^^^
NameError: name 'data' is not defined

2025-05-08 21:12:12,769 - ERROR - Critical error: Traceback (most recent call last):
  File "C:\send_to_ptint\send-to-print\project\api\api.py", line 223, in complete_order
    (data.status, order_id)
     ^^^^
NameError: name 'data' is not defined

2025-05-08 21:12:57,240 - ERROR - Critical error: Traceback (most recent call last):
  File "C:\send_to_ptint\send-to-print\project\api\api.py", line 223, in complete_order
    (data.status, order_id)
     ^^^^
NameError: name 'data' is not defined

2025-05-08 21:18:56,912 - DEBUG - Using proactor: IocpProactor
2025-05-08 21:18:56,950 - DEBUG - caching sha2: Trying fast path
2025-05-08 21:18:56,950 - DEBUG - caching sha2: Trying full auth...
2025-05-08 21:18:56,950 - DEBUG - -----BEGIN PUBLIC KEY-----
MIIBIjANBgkqhkiG9w0BAQEFAAOCAQ8AMIIBCgKCAQEAho32nDGmqcw9sbhYSLbB
42VfcolqOPklO17ZrwwtBxmfQuoFLvorXJbF0KPIF29XWsWMmEdc+WltEmqeF/90
Z/RvI7Y4nE0UwQty3Ls3qqKXWZrdLzjxN+sumpsimC+Zc+e+FwqvRC7UfyzFxxPi
dIs4zJkDhyfXst37emBWAX6IJtq/nPv17BEOV0lVkaW91MC2zNM7pDyN6hbw40sI
KYrrsEZin7c0aZM+bp2b2tL+QGKgIfGLkHvepEWAi5GJLaKIwm5+j0X55k4ANUgp
pY6vs75NujPLpjdP0xGJNN71KCQ8uxjcsUHUuGZ23uxHrrJvWm1CNvrBUjXeGr+2
bwIDAQAB
-----END PUBLIC KEY-----

2025-05-08 21:18:56,961 - DEBUG - caching sha2: Trying fast path
2025-05-08 21:18:56,961 - DEBUG - caching sha2: Trying full auth...
2025-05-08 21:18:56,961 - DEBUG - -----BEGIN PUBLIC KEY-----
MIIBIjANBgkqhkiG9w0BAQEFAAOCAQ8AMIIBCgKCAQEAho32nDGmqcw9sbhYSLbB
42VfcolqOPklO17ZrwwtBxmfQuoFLvorXJbF0KPIF29XWsWMmEdc+WltEmqeF/90
Z/RvI7Y4nE0UwQty3Ls3qqKXWZrdLzjxN+sumpsimC+Zc+e+FwqvRC7UfyzFxxPi
dIs4zJkDhyfXst37emBWAX6IJtq/nPv17BEOV0lVkaW91MC2zNM7pDyN6hbw40sI
KYrrsEZin7c0aZM+bp2b2tL+QGKgIfGLkHvepEWAi5GJLaKIwm5+j0X55k4ANUgp
pY6vs75NujPLpjdP0xGJNN71KCQ8uxjcsUHUuGZ23uxHrrJvWm1CNvrBUjXeGr+2
bwIDAQAB
-----END PUBLIC KEY-----

2025-05-08 21:18:56,966 - DEBUG - caching sha2: Trying fast path
2025-05-08 21:18:56,966 - DEBUG - caching sha2: Trying full auth...
2025-05-08 21:18:56,966 - DEBUG - -----BEGIN PUBLIC KEY-----
MIIBIjANBgkqhkiG9w0BAQEFAAOCAQ8AMIIBCgKCAQEAho32nDGmqcw9sbhYSLbB
42VfcolqOPklO17ZrwwtBxmfQuoFLvorXJbF0KPIF29XWsWMmEdc+WltEmqeF/90
Z/RvI7Y4nE0UwQty3Ls3qqKXWZrdLzjxN+sumpsimC+Zc+e+FwqvRC7UfyzFxxPi
dIs4zJkDhyfXst37emBWAX6IJtq/nPv17BEOV0lVkaW91MC2zNM7pDyN6hbw40sI
KYrrsEZin7c0aZM+bp2b2tL+QGKgIfGLkHvepEWAi5GJLaKIwm5+j0X55k4ANUgp
pY6vs75NujPLpjdP0xGJNN71KCQ8uxjcsUHUuGZ23uxHrrJvWm1CNvrBUjXeGr+2
bwIDAQAB
-----END PUBLIC KEY-----

2025-05-08 21:18:56,970 - DEBUG - caching sha2: Trying fast path
2025-05-08 21:18:56,970 - DEBUG - caching sha2: Trying full auth...
2025-05-08 21:18:56,971 - DEBUG - -----BEGIN PUBLIC KEY-----
MIIBIjANBgkqhkiG9w0BAQEFAAOCAQ8AMIIBCgKCAQEAho32nDGmqcw9sbhYSLbB
42VfcolqOPklO17ZrwwtBxmfQuoFLvorXJbF0KPIF29XWsWMmEdc+WltEmqeF/90
Z/RvI7Y4nE0UwQty3Ls3qqKXWZrdLzjxN+sumpsimC+Zc+e+FwqvRC7UfyzFxxPi
dIs4zJkDhyfXst37emBWAX6IJtq/nPv17BEOV0lVkaW91MC2zNM7pDyN6hbw40sI
KYrrsEZin7c0aZM+bp2b2tL+QGKgIfGLkHvepEWAi5GJLaKIwm5+j0X55k4ANUgp
pY6vs75NujPLpjdP0xGJNN71KCQ8uxjcsUHUuGZ23uxHrrJvWm1CNvrBUjXeGr+2
bwIDAQAB
-----END PUBLIC KEY-----

2025-05-08 21:18:56,975 - DEBUG - caching sha2: Trying fast path
2025-05-08 21:18:56,975 - DEBUG - caching sha2: Trying full auth...
2025-05-08 21:18:56,975 - DEBUG - -----BEGIN PUBLIC KEY-----
MIIBIjANBgkqhkiG9w0BAQEFAAOCAQ8AMIIBCgKCAQEAho32nDGmqcw9sbhYSLbB
42VfcolqOPklO17ZrwwtBxmfQuoFLvorXJbF0KPIF29XWsWMmEdc+WltEmqeF/90
Z/RvI7Y4nE0UwQty3Ls3qqKXWZrdLzjxN+sumpsimC+Zc+e+FwqvRC7UfyzFxxPi
dIs4zJkDhyfXst37emBWAX6IJtq/nPv17BEOV0lVkaW91MC2zNM7pDyN6hbw40sI
KYrrsEZin7c0aZM+bp2b2tL+QGKgIfGLkHvepEWAi5GJLaKIwm5+j0X55k4ANUgp
pY6vs75NujPLpjdP0xGJNN71KCQ8uxjcsUHUuGZ23uxHrrJvWm1CNvrBUjXeGr+2
bwIDAQAB
-----END PUBLIC KEY-----

2025-05-08 21:18:56,980 - DEBUG - caching sha2: Trying fast path
2025-05-08 21:18:56,980 - DEBUG - caching sha2: Trying full auth...
2025-05-08 21:18:56,980 - DEBUG - -----BEGIN PUBLIC KEY-----
MIIBIjANBgkqhkiG9w0BAQEFAAOCAQ8AMIIBCgKCAQEAho32nDGmqcw9sbhYSLbB
42VfcolqOPklO17ZrwwtBxmfQuoFLvorXJbF0KPIF29XWsWMmEdc+WltEmqeF/90
Z/RvI7Y4nE0UwQty3Ls3qqKXWZrdLzjxN+sumpsimC+Zc+e+FwqvRC7UfyzFxxPi
dIs4zJkDhyfXst37emBWAX6IJtq/nPv17BEOV0lVkaW91MC2zNM7pDyN6hbw40sI
KYrrsEZin7c0aZM+bp2b2tL+QGKgIfGLkHvepEWAi5GJLaKIwm5+j0X55k4ANUgp
pY6vs75NujPLpjdP0xGJNN71KCQ8uxjcsUHUuGZ23uxHrrJvWm1CNvrBUjXeGr+2
bwIDAQAB
-----END PUBLIC KEY-----

2025-05-08 21:18:56,985 - DEBUG - caching sha2: Trying fast path
2025-05-08 21:18:56,985 - DEBUG - caching sha2: Trying full auth...
2025-05-08 21:18:56,985 - DEBUG - -----BEGIN PUBLIC KEY-----
MIIBIjANBgkqhkiG9w0BAQEFAAOCAQ8AMIIBCgKCAQEAho32nDGmqcw9sbhYSLbB
42VfcolqOPklO17ZrwwtBxmfQuoFLvorXJbF0KPIF29XWsWMmEdc+WltEmqeF/90
Z/RvI7Y4nE0UwQty3Ls3qqKXWZrdLzjxN+sumpsimC+Zc+e+FwqvRC7UfyzFxxPi
dIs4zJkDhyfXst37emBWAX6IJtq/nPv17BEOV0lVkaW91MC2zNM7pDyN6hbw40sI
KYrrsEZin7c0aZM+bp2b2tL+QGKgIfGLkHvepEWAi5GJLaKIwm5+j0X55k4ANUgp
pY6vs75NujPLpjdP0xGJNN71KCQ8uxjcsUHUuGZ23uxHrrJvWm1CNvrBUjXeGr+2
bwIDAQAB
-----END PUBLIC KEY-----

2025-05-08 21:18:56,990 - DEBUG - caching sha2: Trying fast path
2025-05-08 21:18:56,990 - DEBUG - caching sha2: Trying full auth...
2025-05-08 21:18:56,990 - DEBUG - -----BEGIN PUBLIC KEY-----
MIIBIjANBgkqhkiG9w0BAQEFAAOCAQ8AMIIBCgKCAQEAho32nDGmqcw9sbhYSLbB
42VfcolqOPklO17ZrwwtBxmfQuoFLvorXJbF0KPIF29XWsWMmEdc+WltEmqeF/90
Z/RvI7Y4nE0UwQty3Ls3qqKXWZrdLzjxN+sumpsimC+Zc+e+FwqvRC7UfyzFxxPi
dIs4zJkDhyfXst37emBWAX6IJtq/nPv17BEOV0lVkaW91MC2zNM7pDyN6hbw40sI
KYrrsEZin7c0aZM+bp2b2tL+QGKgIfGLkHvepEWAi5GJLaKIwm5+j0X55k4ANUgp
pY6vs75NujPLpjdP0xGJNN71KCQ8uxjcsUHUuGZ23uxHrrJvWm1CNvrBUjXeGr+2
bwIDAQAB
-----END PUBLIC KEY-----

2025-05-08 21:18:56,995 - DEBUG - caching sha2: Trying fast path
2025-05-08 21:18:56,995 - DEBUG - caching sha2: Trying full auth...
2025-05-08 21:18:56,996 - DEBUG - -----BEGIN PUBLIC KEY-----
MIIBIjANBgkqhkiG9w0BAQEFAAOCAQ8AMIIBCgKCAQEAho32nDGmqcw9sbhYSLbB
42VfcolqOPklO17ZrwwtBxmfQuoFLvorXJbF0KPIF29XWsWMmEdc+WltEmqeF/90
Z/RvI7Y4nE0UwQty3Ls3qqKXWZrdLzjxN+sumpsimC+Zc+e+FwqvRC7UfyzFxxPi
dIs4zJkDhyfXst37emBWAX6IJtq/nPv17BEOV0lVkaW91MC2zNM7pDyN6hbw40sI
KYrrsEZin7c0aZM+bp2b2tL+QGKgIfGLkHvepEWAi5GJLaKIwm5+j0X55k4ANUgp
pY6vs75NujPLpjdP0xGJNN71KCQ8uxjcsUHUuGZ23uxHrrJvWm1CNvrBUjXeGr+2
bwIDAQAB
-----END PUBLIC KEY-----

2025-05-08 21:18:57,001 - DEBUG - caching sha2: Trying fast path
2025-05-08 21:18:57,001 - DEBUG - caching sha2: Trying full auth...
2025-05-08 21:18:57,001 - DEBUG - -----BEGIN PUBLIC KEY-----
MIIBIjANBgkqhkiG9w0BAQEFAAOCAQ8AMIIBCgKCAQEAho32nDGmqcw9sbhYSLbB
42VfcolqOPklO17ZrwwtBxmfQuoFLvorXJbF0KPIF29XWsWMmEdc+WltEmqeF/90
Z/RvI7Y4nE0UwQty3Ls3qqKXWZrdLzjxN+sumpsimC+Zc+e+FwqvRC7UfyzFxxPi
dIs4zJkDhyfXst37emBWAX6IJtq/nPv17BEOV0lVkaW91MC2zNM7pDyN6hbw40sI
KYrrsEZin7c0aZM+bp2b2tL+QGKgIfGLkHvepEWAi5GJLaKIwm5+j0X55k4ANUgp
pY6vs75NujPLpjdP0xGJNN71KCQ8uxjcsUHUuGZ23uxHrrJvWm1CNvrBUjXeGr+2
bwIDAQAB
-----END PUBLIC KEY-----

2025-05-08 21:20:00,433 - DEBUG - Calling on_part_begin with no data
2025-05-08 21:20:00,434 - DEBUG - Calling on_header_field with data[36:48]
2025-05-08 21:20:00,434 - DEBUG - Calling on_header_value with data[50:75]
2025-05-08 21:20:00,434 - DEBUG - Calling on_header_end with no data
2025-05-08 21:20:00,434 - DEBUG - Calling on_header_field with data[77:96]
2025-05-08 21:20:00,434 - DEBUG - Calling on_header_value with data[98:123]
2025-05-08 21:20:00,434 - DEBUG - Calling on_header_end with no data
2025-05-08 21:20:00,434 - DEBUG - Calling on_headers_finished with no data
2025-05-08 21:20:00,434 - DEBUG - Calling on_part_data with data[127:128]
2025-05-08 21:20:00,434 - DEBUG - Calling on_part_end with no data
2025-05-08 21:20:00,434 - DEBUG - Calling on_part_begin with no data
2025-05-08 21:20:00,434 - DEBUG - Calling on_header_field with data[166:178]
2025-05-08 21:20:00,434 - DEBUG - Calling on_header_value with data[180:205]
2025-05-08 21:20:00,434 - DEBUG - Calling on_header_end with no data
2025-05-08 21:20:00,434 - DEBUG - Calling on_header_field with data[207:226]
2025-05-08 21:20:00,434 - DEBUG - Calling on_header_value with data[228:251]
2025-05-08 21:20:00,434 - DEBUG - Calling on_header_end with no data
2025-05-08 21:20:00,434 - DEBUG - Calling on_headers_finished with no data
2025-05-08 21:20:00,434 - DEBUG - Calling on_part_data with data[255:259]
2025-05-08 21:20:00,434 - DEBUG - Calling on_part_end with no data
2025-05-08 21:20:00,434 - DEBUG - Calling on_part_begin with no data
2025-05-08 21:20:00,434 - DEBUG - Calling on_header_field with data[297:309]
2025-05-08 21:20:00,434 - DEBUG - Calling on_header_value with data[311:336]
2025-05-08 21:20:00,434 - DEBUG - Calling on_header_end with no data
2025-05-08 21:20:00,434 - DEBUG - Calling on_header_field with data[338:357]
2025-05-08 21:20:00,434 - DEBUG - Calling on_header_value with data[359:382]
2025-05-08 21:20:00,434 - DEBUG - Calling on_header_end with no data
2025-05-08 21:20:00,434 - DEBUG - Calling on_headers_finished with no data
2025-05-08 21:20:00,434 - DEBUG - Calling on_part_data with data[386:387]
2025-05-08 21:20:00,434 - DEBUG - Calling on_part_end with no data
2025-05-08 21:20:00,435 - DEBUG - Calling on_part_begin with no data
2025-05-08 21:20:00,435 - DEBUG - Calling on_header_field with data[425:437]
2025-05-08 21:20:00,435 - DEBUG - Calling on_header_value with data[439:464]
2025-05-08 21:20:00,435 - DEBUG - Calling on_header_end with no data
2025-05-08 21:20:00,435 - DEBUG - Calling on_header_field with data[466:485]
2025-05-08 21:20:00,435 - DEBUG - Calling on_header_value with data[487:510]
2025-05-08 21:20:00,435 - DEBUG - Calling on_header_end with no data
2025-05-08 21:20:00,435 - DEBUG - Calling on_headers_finished with no data
2025-05-08 21:20:00,435 - DEBUG - Calling on_part_data with data[514:535]
2025-05-08 21:20:00,435 - DEBUG - Calling on_part_end with no data
2025-05-08 21:20:00,435 - DEBUG - Calling on_part_begin with no data
2025-05-08 21:20:00,435 - DEBUG - Calling on_header_field with data[573:585]
2025-05-08 21:20:00,435 - DEBUG - Calling on_header_value with data[587:612]
2025-05-08 21:20:00,435 - DEBUG - Calling on_header_end with no data
2025-05-08 21:20:00,435 - DEBUG - Calling on_header_field with data[614:633]
2025-05-08 21:20:00,435 - DEBUG - Calling on_header_value with data[635:660]
2025-05-08 21:20:00,435 - DEBUG - Calling on_header_end with no data
2025-05-08 21:20:00,435 - DEBUG - Calling on_headers_finished with no data
2025-05-08 21:20:00,435 - DEBUG - Calling on_part_data with data[664:674]
2025-05-08 21:20:00,435 - DEBUG - Calling on_part_end with no data
2025-05-08 21:20:00,435 - DEBUG - Calling on_part_begin with no data
2025-05-08 21:20:00,435 - DEBUG - Calling on_header_field with data[712:724]
2025-05-08 21:20:00,435 - DEBUG - Calling on_header_value with data[726:751]
2025-05-08 21:20:00,435 - DEBUG - Calling on_header_end with no data
2025-05-08 21:20:00,435 - DEBUG - Calling on_header_field with data[753:772]
2025-05-08 21:20:00,435 - DEBUG - Calling on_header_value with data[774:796]
2025-05-08 21:20:00,435 - DEBUG - Calling on_header_end with no data
2025-05-08 21:20:00,435 - DEBUG - Calling on_headers_finished with no data
2025-05-08 21:20:00,435 - DEBUG - Calling on_part_data with data[800:802]
2025-05-08 21:20:00,435 - DEBUG - Calling on_part_end with no data
2025-05-08 21:20:00,435 - DEBUG - Calling on_part_begin with no data
2025-05-08 21:20:00,435 - DEBUG - Calling on_header_field with data[840:852]
2025-05-08 21:20:00,435 - DEBUG - Calling on_header_value with data[854:879]
2025-05-08 21:20:00,436 - DEBUG - Calling on_header_end with no data
2025-05-08 21:20:00,436 - DEBUG - Calling on_header_field with data[881:900]
2025-05-08 21:20:00,436 - DEBUG - Calling on_header_value with data[902:934]
2025-05-08 21:20:00,436 - DEBUG - Calling on_header_end with no data
2025-05-08 21:20:00,436 - DEBUG - Calling on_headers_finished with no data
2025-05-08 21:20:00,436 - DEBUG - Calling on_part_data with data[938:942]
2025-05-08 21:20:00,436 - DEBUG - Calling on_part_end with no data
2025-05-08 21:20:00,436 - DEBUG - Calling on_part_begin with no data
2025-05-08 21:20:00,436 - DEBUG - Calling on_header_field with data[980:992]
2025-05-08 21:20:00,436 - DEBUG - Calling on_header_value with data[994:1019]
2025-05-08 21:20:00,436 - DEBUG - Calling on_header_end with no data
2025-05-08 21:20:00,436 - DEBUG - Calling on_header_field with data[1021:1040]
2025-05-08 21:20:00,436 - DEBUG - Calling on_header_value with data[1042:1068]
2025-05-08 21:20:00,436 - DEBUG - Calling on_header_end with no data
2025-05-08 21:20:00,436 - DEBUG - Calling on_headers_finished with no data
2025-05-08 21:20:00,436 - DEBUG - Calling on_part_data with data[1072:1078]
2025-05-08 21:20:00,436 - DEBUG - Calling on_part_end with no data
2025-05-08 21:20:00,436 - DEBUG - Calling on_part_begin with no data
2025-05-08 21:20:00,436 - DEBUG - Calling on_header_field with data[1116:1128]
2025-05-08 21:20:00,436 - DEBUG - Calling on_header_value with data[1130:1154]
2025-05-08 21:20:00,436 - DEBUG - Calling on_header_end with no data
2025-05-08 21:20:00,436 - DEBUG - Calling on_header_field with data[1156:1175]
2025-05-08 21:20:00,436 - DEBUG - Calling on_header_value with data[1177:1301]
2025-05-08 21:20:00,436 - DEBUG - Calling on_header_end with no data
2025-05-08 21:20:00,436 - DEBUG - Calling on_headers_finished with no data
2025-05-08 21:20:00,436 - DEBUG - Calling on_part_data with data[1305:21827]
2025-05-08 21:20:00,436 - DEBUG - Calling on_part_end with no data
2025-05-08 21:20:00,436 - DEBUG - Calling on_end with no data
2025-05-08 21:20:15,921 - ERROR - WebSocket error: name 'Decimal' is not defined
2025-05-08 21:20:25,829 - DEBUG - caching sha2: Trying fast path
2025-05-08 21:20:25,829 - DEBUG - caching sha2: Trying full auth...
2025-05-08 21:20:25,829 - DEBUG - -----BEGIN PUBLIC KEY-----
MIIBIjANBgkqhkiG9w0BAQEFAAOCAQ8AMIIBCgKCAQEAho32nDGmqcw9sbhYSLbB
42VfcolqOPklO17ZrwwtBxmfQuoFLvorXJbF0KPIF29XWsWMmEdc+WltEmqeF/90
Z/RvI7Y4nE0UwQty3Ls3qqKXWZrdLzjxN+sumpsimC+Zc+e+FwqvRC7UfyzFxxPi
dIs4zJkDhyfXst37emBWAX6IJtq/nPv17BEOV0lVkaW91MC2zNM7pDyN6hbw40sI
KYrrsEZin7c0aZM+bp2b2tL+QGKgIfGLkHvepEWAi5GJLaKIwm5+j0X55k4ANUgp
pY6vs75NujPLpjdP0xGJNN71KCQ8uxjcsUHUuGZ23uxHrrJvWm1CNvrBUjXeGr+2
bwIDAQAB
-----END PUBLIC KEY-----

2025-05-08 21:20:29,222 - DEBUG - caching sha2: Trying fast path
2025-05-08 21:20:29,222 - DEBUG - caching sha2: Trying full auth...
2025-05-08 21:20:29,222 - DEBUG - -----BEGIN PUBLIC KEY-----
MIIBIjANBgkqhkiG9w0BAQEFAAOCAQ8AMIIBCgKCAQEAho32nDGmqcw9sbhYSLbB
42VfcolqOPklO17ZrwwtBxmfQuoFLvorXJbF0KPIF29XWsWMmEdc+WltEmqeF/90
Z/RvI7Y4nE0UwQty3Ls3qqKXWZrdLzjxN+sumpsimC+Zc+e+FwqvRC7UfyzFxxPi
dIs4zJkDhyfXst37emBWAX6IJtq/nPv17BEOV0lVkaW91MC2zNM7pDyN6hbw40sI
KYrrsEZin7c0aZM+bp2b2tL+QGKgIfGLkHvepEWAi5GJLaKIwm5+j0X55k4ANUgp
pY6vs75NujPLpjdP0xGJNN71KCQ8uxjcsUHUuGZ23uxHrrJvWm1CNvrBUjXeGr+2
bwIDAQAB
-----END PUBLIC KEY-----

2025-05-08 21:20:42,047 - DEBUG - caching sha2: Trying fast path
2025-05-08 21:20:42,048 - DEBUG - caching sha2: Trying full auth...
2025-05-08 21:20:42,048 - DEBUG - -----BEGIN PUBLIC KEY-----
MIIBIjANBgkqhkiG9w0BAQEFAAOCAQ8AMIIBCgKCAQEAho32nDGmqcw9sbhYSLbB
42VfcolqOPklO17ZrwwtBxmfQuoFLvorXJbF0KPIF29XWsWMmEdc+WltEmqeF/90
Z/RvI7Y4nE0UwQty3Ls3qqKXWZrdLzjxN+sumpsimC+Zc+e+FwqvRC7UfyzFxxPi
dIs4zJkDhyfXst37emBWAX6IJtq/nPv17BEOV0lVkaW91MC2zNM7pDyN6hbw40sI
KYrrsEZin7c0aZM+bp2b2tL+QGKgIfGLkHvepEWAi5GJLaKIwm5+j0X55k4ANUgp
pY6vs75NujPLpjdP0xGJNN71KCQ8uxjcsUHUuGZ23uxHrrJvWm1CNvrBUjXeGr+2
bwIDAQAB
-----END PUBLIC KEY-----

2025-05-08 21:21:20,201 - ERROR - Critical error: Traceback (most recent call last):
  File "C:\send_to_ptint\send-to-print\project\api\api.py", line 206, in complete_order
    await cursor.execute(
  File "C:\send_to_ptint\.venv\Lib\site-packages\aiomysql\cursors.py", line 239, in execute
    await self._query(query)
  File "C:\send_to_ptint\.venv\Lib\site-packages\aiomysql\cursors.py", line 457, in _query
    await conn.query(q)
  File "C:\send_to_ptint\.venv\Lib\site-packages\aiomysql\connection.py", line 469, in query
    await self._read_query_result(unbuffered=unbuffered)
  File "C:\send_to_ptint\.venv\Lib\site-packages\aiomysql\connection.py", line 683, in _read_query_result
    await result.read()
  File "C:\send_to_ptint\.venv\Lib\site-packages\aiomysql\connection.py", line 1164, in read
    first_packet = await self.connection._read_packet()
                   ^^^^^^^^^^^^^^^^^^^^^^^^^^^^^^^^^^^^
  File "C:\send_to_ptint\.venv\Lib\site-packages\aiomysql\connection.py", line 652, in _read_packet
    packet.raise_for_error()
  File "C:\send_to_ptint\.venv\Lib\site-packages\pymysql\protocol.py", line 219, in raise_for_error
    err.raise_mysql_exception(self._data)
  File "C:\send_to_ptint\.venv\Lib\site-packages\pymysql\err.py", line 150, in raise_mysql_exception
    raise errorclass(errno, errval)
pymysql.err.OperationalError: (1205, 'Lock wait timeout exceeded; try restarting transaction')

During handling of the above exception, another exception occurred:

Traceback (most recent call last):
  File "C:\send_to_ptint\send-to-print\project\api\api.py", line 234, in complete_order
    raise HTTPException(503, detail="Повторите попытку позже")
fastapi.exceptions.HTTPException: 503: Повторите попытку позже

2025-05-08 21:21:22,213 - ERROR - Critical error: Traceback (most recent call last):
  File "C:\send_to_ptint\send-to-print\project\api\api.py", line 206, in complete_order
    await cursor.execute(
  File "C:\send_to_ptint\.venv\Lib\site-packages\aiomysql\cursors.py", line 239, in execute
    await self._query(query)
  File "C:\send_to_ptint\.venv\Lib\site-packages\aiomysql\cursors.py", line 457, in _query
    await conn.query(q)
  File "C:\send_to_ptint\.venv\Lib\site-packages\aiomysql\connection.py", line 469, in query
    await self._read_query_result(unbuffered=unbuffered)
  File "C:\send_to_ptint\.venv\Lib\site-packages\aiomysql\connection.py", line 683, in _read_query_result
    await result.read()
  File "C:\send_to_ptint\.venv\Lib\site-packages\aiomysql\connection.py", line 1164, in read
    first_packet = await self.connection._read_packet()
                   ^^^^^^^^^^^^^^^^^^^^^^^^^^^^^^^^^^^^
  File "C:\send_to_ptint\.venv\Lib\site-packages\aiomysql\connection.py", line 652, in _read_packet
    packet.raise_for_error()
  File "C:\send_to_ptint\.venv\Lib\site-packages\pymysql\protocol.py", line 219, in raise_for_error
    err.raise_mysql_exception(self._data)
  File "C:\send_to_ptint\.venv\Lib\site-packages\pymysql\err.py", line 150, in raise_mysql_exception
    raise errorclass(errno, errval)
pymysql.err.OperationalError: (1205, 'Lock wait timeout exceeded; try restarting transaction')

During handling of the above exception, another exception occurred:

Traceback (most recent call last):
  File "C:\send_to_ptint\send-to-print\project\api\api.py", line 234, in complete_order
    raise HTTPException(503, detail="Повторите попытку позже")
fastapi.exceptions.HTTPException: 503: Повторите попытку позже

2025-05-08 21:21:47,476 - DEBUG - Calling on_part_begin with no data
2025-05-08 21:21:47,477 - DEBUG - Calling on_header_field with data[36:48]
2025-05-08 21:21:47,477 - DEBUG - Calling on_header_value with data[50:75]
2025-05-08 21:21:47,477 - DEBUG - Calling on_header_end with no data
2025-05-08 21:21:47,477 - DEBUG - Calling on_header_field with data[77:96]
2025-05-08 21:21:47,477 - DEBUG - Calling on_header_value with data[98:123]
2025-05-08 21:21:47,477 - DEBUG - Calling on_header_end with no data
2025-05-08 21:21:47,477 - DEBUG - Calling on_headers_finished with no data
2025-05-08 21:21:47,477 - DEBUG - Calling on_part_data with data[127:128]
2025-05-08 21:21:47,477 - DEBUG - Calling on_part_end with no data
2025-05-08 21:21:47,477 - DEBUG - Calling on_part_begin with no data
2025-05-08 21:21:47,477 - DEBUG - Calling on_header_field with data[166:178]
2025-05-08 21:21:47,477 - DEBUG - Calling on_header_value with data[180:205]
2025-05-08 21:21:47,477 - DEBUG - Calling on_header_end with no data
2025-05-08 21:21:47,477 - DEBUG - Calling on_header_field with data[207:226]
2025-05-08 21:21:47,477 - DEBUG - Calling on_header_value with data[228:251]
2025-05-08 21:21:47,477 - DEBUG - Calling on_header_end with no data
2025-05-08 21:21:47,477 - DEBUG - Calling on_headers_finished with no data
2025-05-08 21:21:47,477 - DEBUG - Calling on_part_data with data[255:259]
2025-05-08 21:21:47,477 - DEBUG - Calling on_part_end with no data
2025-05-08 21:21:47,477 - DEBUG - Calling on_part_begin with no data
2025-05-08 21:21:47,477 - DEBUG - Calling on_header_field with data[297:309]
2025-05-08 21:21:47,477 - DEBUG - Calling on_header_value with data[311:336]
2025-05-08 21:21:47,477 - DEBUG - Calling on_header_end with no data
2025-05-08 21:21:47,477 - DEBUG - Calling on_header_field with data[338:357]
2025-05-08 21:21:47,477 - DEBUG - Calling on_header_value with data[359:382]
2025-05-08 21:21:47,477 - DEBUG - Calling on_header_end with no data
2025-05-08 21:21:47,477 - DEBUG - Calling on_headers_finished with no data
2025-05-08 21:21:47,477 - DEBUG - Calling on_part_data with data[386:387]
2025-05-08 21:21:47,477 - DEBUG - Calling on_part_end with no data
2025-05-08 21:21:47,477 - DEBUG - Calling on_part_begin with no data
2025-05-08 21:21:47,478 - DEBUG - Calling on_header_field with data[425:437]
2025-05-08 21:21:47,478 - DEBUG - Calling on_header_value with data[439:464]
2025-05-08 21:21:47,478 - DEBUG - Calling on_header_end with no data
2025-05-08 21:21:47,478 - DEBUG - Calling on_header_field with data[466:485]
2025-05-08 21:21:47,478 - DEBUG - Calling on_header_value with data[487:510]
2025-05-08 21:21:47,478 - DEBUG - Calling on_header_end with no data
2025-05-08 21:21:47,478 - DEBUG - Calling on_headers_finished with no data
2025-05-08 21:21:47,478 - DEBUG - Calling on_part_data with data[514:535]
2025-05-08 21:21:47,478 - DEBUG - Calling on_part_end with no data
2025-05-08 21:21:47,478 - DEBUG - Calling on_part_begin with no data
2025-05-08 21:21:47,478 - DEBUG - Calling on_header_field with data[573:585]
2025-05-08 21:21:47,478 - DEBUG - Calling on_header_value with data[587:612]
2025-05-08 21:21:47,478 - DEBUG - Calling on_header_end with no data
2025-05-08 21:21:47,478 - DEBUG - Calling on_header_field with data[614:633]
2025-05-08 21:21:47,478 - DEBUG - Calling on_header_value with data[635:660]
2025-05-08 21:21:47,478 - DEBUG - Calling on_header_end with no data
2025-05-08 21:21:47,478 - DEBUG - Calling on_headers_finished with no data
2025-05-08 21:21:47,478 - DEBUG - Calling on_part_data with data[664:674]
2025-05-08 21:21:47,478 - DEBUG - Calling on_part_end with no data
2025-05-08 21:21:47,478 - DEBUG - Calling on_part_begin with no data
2025-05-08 21:21:47,478 - DEBUG - Calling on_header_field with data[712:724]
2025-05-08 21:21:47,478 - DEBUG - Calling on_header_value with data[726:751]
2025-05-08 21:21:47,478 - DEBUG - Calling on_header_end with no data
2025-05-08 21:21:47,478 - DEBUG - Calling on_header_field with data[753:772]
2025-05-08 21:21:47,478 - DEBUG - Calling on_header_value with data[774:796]
2025-05-08 21:21:47,478 - DEBUG - Calling on_header_end with no data
2025-05-08 21:21:47,478 - DEBUG - Calling on_headers_finished with no data
2025-05-08 21:21:47,478 - DEBUG - Calling on_part_data with data[800:802]
2025-05-08 21:21:47,478 - DEBUG - Calling on_part_end with no data
2025-05-08 21:21:47,478 - DEBUG - Calling on_part_begin with no data
2025-05-08 21:21:47,478 - DEBUG - Calling on_header_field with data[840:852]
2025-05-08 21:21:47,478 - DEBUG - Calling on_header_value with data[854:879]
2025-05-08 21:21:47,478 - DEBUG - Calling on_header_end with no data
2025-05-08 21:21:47,479 - DEBUG - Calling on_header_field with data[881:900]
2025-05-08 21:21:47,479 - DEBUG - Calling on_header_value with data[902:934]
2025-05-08 21:21:47,479 - DEBUG - Calling on_header_end with no data
2025-05-08 21:21:47,479 - DEBUG - Calling on_headers_finished with no data
2025-05-08 21:21:47,479 - DEBUG - Calling on_part_data with data[938:942]
2025-05-08 21:21:47,479 - DEBUG - Calling on_part_end with no data
2025-05-08 21:21:47,479 - DEBUG - Calling on_part_begin with no data
2025-05-08 21:21:47,479 - DEBUG - Calling on_header_field with data[980:992]
2025-05-08 21:21:47,479 - DEBUG - Calling on_header_value with data[994:1019]
2025-05-08 21:21:47,479 - DEBUG - Calling on_header_end with no data
2025-05-08 21:21:47,479 - DEBUG - Calling on_header_field with data[1021:1040]
2025-05-08 21:21:47,479 - DEBUG - Calling on_header_value with data[1042:1068]
2025-05-08 21:21:47,479 - DEBUG - Calling on_header_end with no data
2025-05-08 21:21:47,479 - DEBUG - Calling on_headers_finished with no data
2025-05-08 21:21:47,479 - DEBUG - Calling on_part_data with data[1072:1078]
2025-05-08 21:21:47,479 - DEBUG - Calling on_part_end with no data
2025-05-08 21:21:47,479 - DEBUG - Calling on_part_begin with no data
2025-05-08 21:21:47,479 - DEBUG - Calling on_header_field with data[1116:1128]
2025-05-08 21:21:47,479 - DEBUG - Calling on_header_value with data[1130:1154]
2025-05-08 21:21:47,479 - DEBUG - Calling on_header_end with no data
2025-05-08 21:21:47,479 - DEBUG - Calling on_header_field with data[1156:1175]
2025-05-08 21:21:47,479 - DEBUG - Calling on_header_value with data[1177:1301]
2025-05-08 21:21:47,479 - DEBUG - Calling on_header_end with no data
2025-05-08 21:21:47,479 - DEBUG - Calling on_headers_finished with no data
2025-05-08 21:21:47,479 - DEBUG - Calling on_part_data with data[1305:21827]
2025-05-08 21:21:47,479 - DEBUG - Calling on_part_end with no data
2025-05-08 21:21:47,479 - DEBUG - Calling on_end with no data
2025-05-08 21:22:02,058 - DEBUG - = connection is CONNECTING
2025-05-08 21:22:02,059 - DEBUG - > GET /notify HTTP/1.1
2025-05-08 21:22:02,059 - DEBUG - > Host: localhost:8001
2025-05-08 21:22:02,059 - DEBUG - > Upgrade: websocket
2025-05-08 21:22:02,059 - DEBUG - > Connection: Upgrade
2025-05-08 21:22:02,059 - DEBUG - > Sec-WebSocket-Key: lOSSTvocMVt9P+tdxvSCpQ==
2025-05-08 21:22:02,059 - DEBUG - > Sec-WebSocket-Version: 13
2025-05-08 21:22:02,059 - DEBUG - > Sec-WebSocket-Extensions: permessage-deflate; client_max_window_bits
2025-05-08 21:22:02,059 - DEBUG - > User-Agent: Python/3.12 websockets/15.0.1
2025-05-08 21:22:02,060 - DEBUG - < HTTP/1.1 101 Switching Protocols
2025-05-08 21:22:02,060 - DEBUG - < Date: Thu, 08 May 2025 18:22:02 GMT
2025-05-08 21:22:02,060 - DEBUG - < Upgrade: websocket
2025-05-08 21:22:02,060 - DEBUG - < Connection: Upgrade
2025-05-08 21:22:02,060 - DEBUG - < Sec-WebSocket-Accept: wxyD+wc8dv9XSEHbLyir4CS3oDM=
2025-05-08 21:22:02,060 - DEBUG - < Sec-WebSocket-Extensions: permessage-deflate; server_max_window_bits=12; client_max_window_bits=12
2025-05-08 21:22:02,060 - DEBUG - < Server: Python/3.12 websockets/15.0.1
2025-05-08 21:22:02,060 - DEBUG - = connection is OPEN
2025-05-08 21:22:02,060 - DEBUG - > TEXT '{"type": "status_update", "status": "\\u0433\\u... 41, "address": "sdvs"}' [129 bytes]
2025-05-08 21:22:02,061 - DEBUG - > CLOSE 1000 (OK) [2 bytes]
2025-05-08 21:22:02,061 - DEBUG - = connection is CLOSING
2025-05-08 21:22:02,062 - DEBUG - < CLOSE 1000 (OK) [2 bytes]
2025-05-08 21:22:02,062 - DEBUG - < EOF
2025-05-08 21:22:02,062 - DEBUG - > EOF
2025-05-08 21:22:02,062 - DEBUG - = connection is CLOSED
2025-05-08 21:22:02,062 - DEBUG - x half-closing TCP connection
2025-05-08 21:22:08,422 - DEBUG - caching sha2: Trying fast path
2025-05-08 21:22:08,422 - DEBUG - caching sha2: Trying full auth...
2025-05-08 21:22:08,423 - DEBUG - -----BEGIN PUBLIC KEY-----
MIIBIjANBgkqhkiG9w0BAQEFAAOCAQ8AMIIBCgKCAQEAho32nDGmqcw9sbhYSLbB
42VfcolqOPklO17ZrwwtBxmfQuoFLvorXJbF0KPIF29XWsWMmEdc+WltEmqeF/90
Z/RvI7Y4nE0UwQty3Ls3qqKXWZrdLzjxN+sumpsimC+Zc+e+FwqvRC7UfyzFxxPi
dIs4zJkDhyfXst37emBWAX6IJtq/nPv17BEOV0lVkaW91MC2zNM7pDyN6hbw40sI
KYrrsEZin7c0aZM+bp2b2tL+QGKgIfGLkHvepEWAi5GJLaKIwm5+j0X55k4ANUgp
pY6vs75NujPLpjdP0xGJNN71KCQ8uxjcsUHUuGZ23uxHrrJvWm1CNvrBUjXeGr+2
bwIDAQAB
-----END PUBLIC KEY-----

2025-05-08 21:22:50,959 - ERROR - WebSocket error: (1205, 'Lock wait timeout exceeded; try restarting transaction')
2025-05-08 21:23:02,085 - ERROR - Critical error: Traceback (most recent call last):
  File "C:\send_to_ptint\send-to-print\project\api\api.py", line 206, in complete_order
    await cursor.execute(
  File "C:\send_to_ptint\.venv\Lib\site-packages\aiomysql\cursors.py", line 239, in execute
    await self._query(query)
  File "C:\send_to_ptint\.venv\Lib\site-packages\aiomysql\cursors.py", line 457, in _query
    await conn.query(q)
  File "C:\send_to_ptint\.venv\Lib\site-packages\aiomysql\connection.py", line 469, in query
    await self._read_query_result(unbuffered=unbuffered)
  File "C:\send_to_ptint\.venv\Lib\site-packages\aiomysql\connection.py", line 683, in _read_query_result
    await result.read()
  File "C:\send_to_ptint\.venv\Lib\site-packages\aiomysql\connection.py", line 1164, in read
    first_packet = await self.connection._read_packet()
                   ^^^^^^^^^^^^^^^^^^^^^^^^^^^^^^^^^^^^
  File "C:\send_to_ptint\.venv\Lib\site-packages\aiomysql\connection.py", line 652, in _read_packet
    packet.raise_for_error()
  File "C:\send_to_ptint\.venv\Lib\site-packages\pymysql\protocol.py", line 219, in raise_for_error
    err.raise_mysql_exception(self._data)
  File "C:\send_to_ptint\.venv\Lib\site-packages\pymysql\err.py", line 150, in raise_mysql_exception
    raise errorclass(errno, errval)
pymysql.err.OperationalError: (1205, 'Lock wait timeout exceeded; try restarting transaction')

During handling of the above exception, another exception occurred:

Traceback (most recent call last):
  File "C:\send_to_ptint\send-to-print\project\api\api.py", line 234, in complete_order
    raise HTTPException(503, detail="Повторите попытку позже")
fastapi.exceptions.HTTPException: 503: Повторите попытку позже

2025-05-08 21:23:07,131 - ERROR - Critical error: Traceback (most recent call last):
  File "C:\send_to_ptint\send-to-print\project\api\api.py", line 206, in complete_order
    await cursor.execute(
  File "C:\send_to_ptint\.venv\Lib\site-packages\aiomysql\cursors.py", line 239, in execute
    await self._query(query)
  File "C:\send_to_ptint\.venv\Lib\site-packages\aiomysql\cursors.py", line 457, in _query
    await conn.query(q)
  File "C:\send_to_ptint\.venv\Lib\site-packages\aiomysql\connection.py", line 469, in query
    await self._read_query_result(unbuffered=unbuffered)
  File "C:\send_to_ptint\.venv\Lib\site-packages\aiomysql\connection.py", line 683, in _read_query_result
    await result.read()
  File "C:\send_to_ptint\.venv\Lib\site-packages\aiomysql\connection.py", line 1164, in read
    first_packet = await self.connection._read_packet()
                   ^^^^^^^^^^^^^^^^^^^^^^^^^^^^^^^^^^^^
  File "C:\send_to_ptint\.venv\Lib\site-packages\aiomysql\connection.py", line 652, in _read_packet
    packet.raise_for_error()
  File "C:\send_to_ptint\.venv\Lib\site-packages\pymysql\protocol.py", line 219, in raise_for_error
    err.raise_mysql_exception(self._data)
  File "C:\send_to_ptint\.venv\Lib\site-packages\pymysql\err.py", line 150, in raise_mysql_exception
    raise errorclass(errno, errval)
pymysql.err.OperationalError: (1205, 'Lock wait timeout exceeded; try restarting transaction')

During handling of the above exception, another exception occurred:

Traceback (most recent call last):
  File "C:\send_to_ptint\send-to-print\project\api\api.py", line 234, in complete_order
    raise HTTPException(503, detail="Повторите попытку позже")
fastapi.exceptions.HTTPException: 503: Повторите попытку позже

2025-05-08 21:23:10,165 - ERROR - Critical error: Traceback (most recent call last):
  File "C:\send_to_ptint\send-to-print\project\api\api.py", line 206, in complete_order
    await cursor.execute(
  File "C:\send_to_ptint\.venv\Lib\site-packages\aiomysql\cursors.py", line 239, in execute
    await self._query(query)
  File "C:\send_to_ptint\.venv\Lib\site-packages\aiomysql\cursors.py", line 457, in _query
    await conn.query(q)
  File "C:\send_to_ptint\.venv\Lib\site-packages\aiomysql\connection.py", line 469, in query
    await self._read_query_result(unbuffered=unbuffered)
  File "C:\send_to_ptint\.venv\Lib\site-packages\aiomysql\connection.py", line 683, in _read_query_result
    await result.read()
  File "C:\send_to_ptint\.venv\Lib\site-packages\aiomysql\connection.py", line 1164, in read
    first_packet = await self.connection._read_packet()
                   ^^^^^^^^^^^^^^^^^^^^^^^^^^^^^^^^^^^^
  File "C:\send_to_ptint\.venv\Lib\site-packages\aiomysql\connection.py", line 652, in _read_packet
    packet.raise_for_error()
  File "C:\send_to_ptint\.venv\Lib\site-packages\pymysql\protocol.py", line 219, in raise_for_error
    err.raise_mysql_exception(self._data)
  File "C:\send_to_ptint\.venv\Lib\site-packages\pymysql\err.py", line 150, in raise_mysql_exception
    raise errorclass(errno, errval)
pymysql.err.OperationalError: (1205, 'Lock wait timeout exceeded; try restarting transaction')

During handling of the above exception, another exception occurred:

Traceback (most recent call last):
  File "C:\send_to_ptint\send-to-print\project\api\api.py", line 234, in complete_order
    raise HTTPException(503, detail="Повторите попытку позже")
fastapi.exceptions.HTTPException: 503: Повторите попытку позже

2025-05-08 21:23:14,191 - ERROR - Critical error: Traceback (most recent call last):
  File "C:\send_to_ptint\send-to-print\project\api\api.py", line 206, in complete_order
    await cursor.execute(
  File "C:\send_to_ptint\.venv\Lib\site-packages\aiomysql\cursors.py", line 239, in execute
    await self._query(query)
  File "C:\send_to_ptint\.venv\Lib\site-packages\aiomysql\cursors.py", line 457, in _query
    await conn.query(q)
  File "C:\send_to_ptint\.venv\Lib\site-packages\aiomysql\connection.py", line 469, in query
    await self._read_query_result(unbuffered=unbuffered)
  File "C:\send_to_ptint\.venv\Lib\site-packages\aiomysql\connection.py", line 683, in _read_query_result
    await result.read()
  File "C:\send_to_ptint\.venv\Lib\site-packages\aiomysql\connection.py", line 1164, in read
    first_packet = await self.connection._read_packet()
                   ^^^^^^^^^^^^^^^^^^^^^^^^^^^^^^^^^^^^
  File "C:\send_to_ptint\.venv\Lib\site-packages\aiomysql\connection.py", line 652, in _read_packet
    packet.raise_for_error()
  File "C:\send_to_ptint\.venv\Lib\site-packages\pymysql\protocol.py", line 219, in raise_for_error
    err.raise_mysql_exception(self._data)
  File "C:\send_to_ptint\.venv\Lib\site-packages\pymysql\err.py", line 150, in raise_mysql_exception
    raise errorclass(errno, errval)
pymysql.err.OperationalError: (1205, 'Lock wait timeout exceeded; try restarting transaction')

During handling of the above exception, another exception occurred:

Traceback (most recent call last):
  File "C:\send_to_ptint\send-to-print\project\api\api.py", line 234, in complete_order
    raise HTTPException(503, detail="Повторите попытку позже")
fastapi.exceptions.HTTPException: 503: Повторите попытку позже

2025-05-08 21:23:52,876 - DEBUG - Using proactor: IocpProactor
2025-05-08 21:23:52,914 - DEBUG - caching sha2: Trying fast path
2025-05-08 21:23:52,914 - DEBUG - caching sha2: Trying full auth...
2025-05-08 21:23:52,914 - DEBUG - -----BEGIN PUBLIC KEY-----
MIIBIjANBgkqhkiG9w0BAQEFAAOCAQ8AMIIBCgKCAQEAho32nDGmqcw9sbhYSLbB
42VfcolqOPklO17ZrwwtBxmfQuoFLvorXJbF0KPIF29XWsWMmEdc+WltEmqeF/90
Z/RvI7Y4nE0UwQty3Ls3qqKXWZrdLzjxN+sumpsimC+Zc+e+FwqvRC7UfyzFxxPi
dIs4zJkDhyfXst37emBWAX6IJtq/nPv17BEOV0lVkaW91MC2zNM7pDyN6hbw40sI
KYrrsEZin7c0aZM+bp2b2tL+QGKgIfGLkHvepEWAi5GJLaKIwm5+j0X55k4ANUgp
pY6vs75NujPLpjdP0xGJNN71KCQ8uxjcsUHUuGZ23uxHrrJvWm1CNvrBUjXeGr+2
bwIDAQAB
-----END PUBLIC KEY-----

2025-05-08 21:23:52,925 - DEBUG - caching sha2: Trying fast path
2025-05-08 21:23:52,925 - DEBUG - caching sha2: Trying full auth...
2025-05-08 21:23:52,925 - DEBUG - -----BEGIN PUBLIC KEY-----
MIIBIjANBgkqhkiG9w0BAQEFAAOCAQ8AMIIBCgKCAQEAho32nDGmqcw9sbhYSLbB
42VfcolqOPklO17ZrwwtBxmfQuoFLvorXJbF0KPIF29XWsWMmEdc+WltEmqeF/90
Z/RvI7Y4nE0UwQty3Ls3qqKXWZrdLzjxN+sumpsimC+Zc+e+FwqvRC7UfyzFxxPi
dIs4zJkDhyfXst37emBWAX6IJtq/nPv17BEOV0lVkaW91MC2zNM7pDyN6hbw40sI
KYrrsEZin7c0aZM+bp2b2tL+QGKgIfGLkHvepEWAi5GJLaKIwm5+j0X55k4ANUgp
pY6vs75NujPLpjdP0xGJNN71KCQ8uxjcsUHUuGZ23uxHrrJvWm1CNvrBUjXeGr+2
bwIDAQAB
-----END PUBLIC KEY-----

2025-05-08 21:23:52,930 - DEBUG - caching sha2: Trying fast path
2025-05-08 21:23:52,930 - DEBUG - caching sha2: Trying full auth...
2025-05-08 21:23:52,931 - DEBUG - -----BEGIN PUBLIC KEY-----
MIIBIjANBgkqhkiG9w0BAQEFAAOCAQ8AMIIBCgKCAQEAho32nDGmqcw9sbhYSLbB
42VfcolqOPklO17ZrwwtBxmfQuoFLvorXJbF0KPIF29XWsWMmEdc+WltEmqeF/90
Z/RvI7Y4nE0UwQty3Ls3qqKXWZrdLzjxN+sumpsimC+Zc+e+FwqvRC7UfyzFxxPi
dIs4zJkDhyfXst37emBWAX6IJtq/nPv17BEOV0lVkaW91MC2zNM7pDyN6hbw40sI
KYrrsEZin7c0aZM+bp2b2tL+QGKgIfGLkHvepEWAi5GJLaKIwm5+j0X55k4ANUgp
pY6vs75NujPLpjdP0xGJNN71KCQ8uxjcsUHUuGZ23uxHrrJvWm1CNvrBUjXeGr+2
bwIDAQAB
-----END PUBLIC KEY-----

2025-05-08 21:23:52,935 - DEBUG - caching sha2: Trying fast path
2025-05-08 21:23:52,935 - DEBUG - caching sha2: Trying full auth...
2025-05-08 21:23:52,936 - DEBUG - -----BEGIN PUBLIC KEY-----
MIIBIjANBgkqhkiG9w0BAQEFAAOCAQ8AMIIBCgKCAQEAho32nDGmqcw9sbhYSLbB
42VfcolqOPklO17ZrwwtBxmfQuoFLvorXJbF0KPIF29XWsWMmEdc+WltEmqeF/90
Z/RvI7Y4nE0UwQty3Ls3qqKXWZrdLzjxN+sumpsimC+Zc+e+FwqvRC7UfyzFxxPi
dIs4zJkDhyfXst37emBWAX6IJtq/nPv17BEOV0lVkaW91MC2zNM7pDyN6hbw40sI
KYrrsEZin7c0aZM+bp2b2tL+QGKgIfGLkHvepEWAi5GJLaKIwm5+j0X55k4ANUgp
pY6vs75NujPLpjdP0xGJNN71KCQ8uxjcsUHUuGZ23uxHrrJvWm1CNvrBUjXeGr+2
bwIDAQAB
-----END PUBLIC KEY-----

2025-05-08 21:23:52,940 - DEBUG - caching sha2: Trying fast path
2025-05-08 21:23:52,940 - DEBUG - caching sha2: Trying full auth...
2025-05-08 21:23:52,940 - DEBUG - -----BEGIN PUBLIC KEY-----
MIIBIjANBgkqhkiG9w0BAQEFAAOCAQ8AMIIBCgKCAQEAho32nDGmqcw9sbhYSLbB
42VfcolqOPklO17ZrwwtBxmfQuoFLvorXJbF0KPIF29XWsWMmEdc+WltEmqeF/90
Z/RvI7Y4nE0UwQty3Ls3qqKXWZrdLzjxN+sumpsimC+Zc+e+FwqvRC7UfyzFxxPi
dIs4zJkDhyfXst37emBWAX6IJtq/nPv17BEOV0lVkaW91MC2zNM7pDyN6hbw40sI
KYrrsEZin7c0aZM+bp2b2tL+QGKgIfGLkHvepEWAi5GJLaKIwm5+j0X55k4ANUgp
pY6vs75NujPLpjdP0xGJNN71KCQ8uxjcsUHUuGZ23uxHrrJvWm1CNvrBUjXeGr+2
bwIDAQAB
-----END PUBLIC KEY-----

2025-05-08 21:23:52,945 - DEBUG - caching sha2: Trying fast path
2025-05-08 21:23:52,946 - DEBUG - caching sha2: Trying full auth...
2025-05-08 21:23:52,946 - DEBUG - -----BEGIN PUBLIC KEY-----
MIIBIjANBgkqhkiG9w0BAQEFAAOCAQ8AMIIBCgKCAQEAho32nDGmqcw9sbhYSLbB
42VfcolqOPklO17ZrwwtBxmfQuoFLvorXJbF0KPIF29XWsWMmEdc+WltEmqeF/90
Z/RvI7Y4nE0UwQty3Ls3qqKXWZrdLzjxN+sumpsimC+Zc+e+FwqvRC7UfyzFxxPi
dIs4zJkDhyfXst37emBWAX6IJtq/nPv17BEOV0lVkaW91MC2zNM7pDyN6hbw40sI
KYrrsEZin7c0aZM+bp2b2tL+QGKgIfGLkHvepEWAi5GJLaKIwm5+j0X55k4ANUgp
pY6vs75NujPLpjdP0xGJNN71KCQ8uxjcsUHUuGZ23uxHrrJvWm1CNvrBUjXeGr+2
bwIDAQAB
-----END PUBLIC KEY-----

2025-05-08 21:23:52,950 - DEBUG - caching sha2: Trying fast path
2025-05-08 21:23:52,950 - DEBUG - caching sha2: Trying full auth...
2025-05-08 21:23:52,950 - DEBUG - -----BEGIN PUBLIC KEY-----
MIIBIjANBgkqhkiG9w0BAQEFAAOCAQ8AMIIBCgKCAQEAho32nDGmqcw9sbhYSLbB
42VfcolqOPklO17ZrwwtBxmfQuoFLvorXJbF0KPIF29XWsWMmEdc+WltEmqeF/90
Z/RvI7Y4nE0UwQty3Ls3qqKXWZrdLzjxN+sumpsimC+Zc+e+FwqvRC7UfyzFxxPi
dIs4zJkDhyfXst37emBWAX6IJtq/nPv17BEOV0lVkaW91MC2zNM7pDyN6hbw40sI
KYrrsEZin7c0aZM+bp2b2tL+QGKgIfGLkHvepEWAi5GJLaKIwm5+j0X55k4ANUgp
pY6vs75NujPLpjdP0xGJNN71KCQ8uxjcsUHUuGZ23uxHrrJvWm1CNvrBUjXeGr+2
bwIDAQAB
-----END PUBLIC KEY-----

2025-05-08 21:23:52,955 - DEBUG - caching sha2: Trying fast path
2025-05-08 21:23:52,955 - DEBUG - caching sha2: Trying full auth...
2025-05-08 21:23:52,955 - DEBUG - -----BEGIN PUBLIC KEY-----
MIIBIjANBgkqhkiG9w0BAQEFAAOCAQ8AMIIBCgKCAQEAho32nDGmqcw9sbhYSLbB
42VfcolqOPklO17ZrwwtBxmfQuoFLvorXJbF0KPIF29XWsWMmEdc+WltEmqeF/90
Z/RvI7Y4nE0UwQty3Ls3qqKXWZrdLzjxN+sumpsimC+Zc+e+FwqvRC7UfyzFxxPi
dIs4zJkDhyfXst37emBWAX6IJtq/nPv17BEOV0lVkaW91MC2zNM7pDyN6hbw40sI
KYrrsEZin7c0aZM+bp2b2tL+QGKgIfGLkHvepEWAi5GJLaKIwm5+j0X55k4ANUgp
pY6vs75NujPLpjdP0xGJNN71KCQ8uxjcsUHUuGZ23uxHrrJvWm1CNvrBUjXeGr+2
bwIDAQAB
-----END PUBLIC KEY-----

2025-05-08 21:23:52,960 - DEBUG - caching sha2: Trying fast path
2025-05-08 21:23:52,960 - DEBUG - caching sha2: Trying full auth...
2025-05-08 21:23:52,960 - DEBUG - -----BEGIN PUBLIC KEY-----
MIIBIjANBgkqhkiG9w0BAQEFAAOCAQ8AMIIBCgKCAQEAho32nDGmqcw9sbhYSLbB
42VfcolqOPklO17ZrwwtBxmfQuoFLvorXJbF0KPIF29XWsWMmEdc+WltEmqeF/90
Z/RvI7Y4nE0UwQty3Ls3qqKXWZrdLzjxN+sumpsimC+Zc+e+FwqvRC7UfyzFxxPi
dIs4zJkDhyfXst37emBWAX6IJtq/nPv17BEOV0lVkaW91MC2zNM7pDyN6hbw40sI
KYrrsEZin7c0aZM+bp2b2tL+QGKgIfGLkHvepEWAi5GJLaKIwm5+j0X55k4ANUgp
pY6vs75NujPLpjdP0xGJNN71KCQ8uxjcsUHUuGZ23uxHrrJvWm1CNvrBUjXeGr+2
bwIDAQAB
-----END PUBLIC KEY-----

2025-05-08 21:23:52,964 - DEBUG - caching sha2: Trying fast path
2025-05-08 21:23:52,965 - DEBUG - caching sha2: Trying full auth...
2025-05-08 21:23:52,965 - DEBUG - -----BEGIN PUBLIC KEY-----
MIIBIjANBgkqhkiG9w0BAQEFAAOCAQ8AMIIBCgKCAQEAho32nDGmqcw9sbhYSLbB
42VfcolqOPklO17ZrwwtBxmfQuoFLvorXJbF0KPIF29XWsWMmEdc+WltEmqeF/90
Z/RvI7Y4nE0UwQty3Ls3qqKXWZrdLzjxN+sumpsimC+Zc+e+FwqvRC7UfyzFxxPi
dIs4zJkDhyfXst37emBWAX6IJtq/nPv17BEOV0lVkaW91MC2zNM7pDyN6hbw40sI
KYrrsEZin7c0aZM+bp2b2tL+QGKgIfGLkHvepEWAi5GJLaKIwm5+j0X55k4ANUgp
pY6vs75NujPLpjdP0xGJNN71KCQ8uxjcsUHUuGZ23uxHrrJvWm1CNvrBUjXeGr+2
bwIDAQAB
-----END PUBLIC KEY-----

2025-05-08 21:24:48,581 - DEBUG - Using proactor: IocpProactor
2025-05-08 21:24:48,618 - DEBUG - caching sha2: Trying fast path
2025-05-08 21:24:48,618 - DEBUG - caching sha2: Trying full auth...
2025-05-08 21:24:48,618 - DEBUG - -----BEGIN PUBLIC KEY-----
MIIBIjANBgkqhkiG9w0BAQEFAAOCAQ8AMIIBCgKCAQEAho32nDGmqcw9sbhYSLbB
42VfcolqOPklO17ZrwwtBxmfQuoFLvorXJbF0KPIF29XWsWMmEdc+WltEmqeF/90
Z/RvI7Y4nE0UwQty3Ls3qqKXWZrdLzjxN+sumpsimC+Zc+e+FwqvRC7UfyzFxxPi
dIs4zJkDhyfXst37emBWAX6IJtq/nPv17BEOV0lVkaW91MC2zNM7pDyN6hbw40sI
KYrrsEZin7c0aZM+bp2b2tL+QGKgIfGLkHvepEWAi5GJLaKIwm5+j0X55k4ANUgp
pY6vs75NujPLpjdP0xGJNN71KCQ8uxjcsUHUuGZ23uxHrrJvWm1CNvrBUjXeGr+2
bwIDAQAB
-----END PUBLIC KEY-----

2025-05-08 21:24:48,631 - DEBUG - caching sha2: Trying fast path
2025-05-08 21:24:48,631 - DEBUG - caching sha2: Trying full auth...
2025-05-08 21:24:48,631 - DEBUG - -----BEGIN PUBLIC KEY-----
MIIBIjANBgkqhkiG9w0BAQEFAAOCAQ8AMIIBCgKCAQEAho32nDGmqcw9sbhYSLbB
42VfcolqOPklO17ZrwwtBxmfQuoFLvorXJbF0KPIF29XWsWMmEdc+WltEmqeF/90
Z/RvI7Y4nE0UwQty3Ls3qqKXWZrdLzjxN+sumpsimC+Zc+e+FwqvRC7UfyzFxxPi
dIs4zJkDhyfXst37emBWAX6IJtq/nPv17BEOV0lVkaW91MC2zNM7pDyN6hbw40sI
KYrrsEZin7c0aZM+bp2b2tL+QGKgIfGLkHvepEWAi5GJLaKIwm5+j0X55k4ANUgp
pY6vs75NujPLpjdP0xGJNN71KCQ8uxjcsUHUuGZ23uxHrrJvWm1CNvrBUjXeGr+2
bwIDAQAB
-----END PUBLIC KEY-----

2025-05-08 21:24:48,636 - DEBUG - caching sha2: Trying fast path
2025-05-08 21:24:48,636 - DEBUG - caching sha2: Trying full auth...
2025-05-08 21:24:48,636 - DEBUG - -----BEGIN PUBLIC KEY-----
MIIBIjANBgkqhkiG9w0BAQEFAAOCAQ8AMIIBCgKCAQEAho32nDGmqcw9sbhYSLbB
42VfcolqOPklO17ZrwwtBxmfQuoFLvorXJbF0KPIF29XWsWMmEdc+WltEmqeF/90
Z/RvI7Y4nE0UwQty3Ls3qqKXWZrdLzjxN+sumpsimC+Zc+e+FwqvRC7UfyzFxxPi
dIs4zJkDhyfXst37emBWAX6IJtq/nPv17BEOV0lVkaW91MC2zNM7pDyN6hbw40sI
KYrrsEZin7c0aZM+bp2b2tL+QGKgIfGLkHvepEWAi5GJLaKIwm5+j0X55k4ANUgp
pY6vs75NujPLpjdP0xGJNN71KCQ8uxjcsUHUuGZ23uxHrrJvWm1CNvrBUjXeGr+2
bwIDAQAB
-----END PUBLIC KEY-----

2025-05-08 21:24:48,641 - DEBUG - caching sha2: Trying fast path
2025-05-08 21:24:48,641 - DEBUG - caching sha2: Trying full auth...
2025-05-08 21:24:48,641 - DEBUG - -----BEGIN PUBLIC KEY-----
MIIBIjANBgkqhkiG9w0BAQEFAAOCAQ8AMIIBCgKCAQEAho32nDGmqcw9sbhYSLbB
42VfcolqOPklO17ZrwwtBxmfQuoFLvorXJbF0KPIF29XWsWMmEdc+WltEmqeF/90
Z/RvI7Y4nE0UwQty3Ls3qqKXWZrdLzjxN+sumpsimC+Zc+e+FwqvRC7UfyzFxxPi
dIs4zJkDhyfXst37emBWAX6IJtq/nPv17BEOV0lVkaW91MC2zNM7pDyN6hbw40sI
KYrrsEZin7c0aZM+bp2b2tL+QGKgIfGLkHvepEWAi5GJLaKIwm5+j0X55k4ANUgp
pY6vs75NujPLpjdP0xGJNN71KCQ8uxjcsUHUuGZ23uxHrrJvWm1CNvrBUjXeGr+2
bwIDAQAB
-----END PUBLIC KEY-----

2025-05-08 21:24:48,645 - DEBUG - caching sha2: Trying fast path
2025-05-08 21:24:48,645 - DEBUG - caching sha2: Trying full auth...
2025-05-08 21:24:48,645 - DEBUG - -----BEGIN PUBLIC KEY-----
MIIBIjANBgkqhkiG9w0BAQEFAAOCAQ8AMIIBCgKCAQEAho32nDGmqcw9sbhYSLbB
42VfcolqOPklO17ZrwwtBxmfQuoFLvorXJbF0KPIF29XWsWMmEdc+WltEmqeF/90
Z/RvI7Y4nE0UwQty3Ls3qqKXWZrdLzjxN+sumpsimC+Zc+e+FwqvRC7UfyzFxxPi
dIs4zJkDhyfXst37emBWAX6IJtq/nPv17BEOV0lVkaW91MC2zNM7pDyN6hbw40sI
KYrrsEZin7c0aZM+bp2b2tL+QGKgIfGLkHvepEWAi5GJLaKIwm5+j0X55k4ANUgp
pY6vs75NujPLpjdP0xGJNN71KCQ8uxjcsUHUuGZ23uxHrrJvWm1CNvrBUjXeGr+2
bwIDAQAB
-----END PUBLIC KEY-----

2025-05-08 21:24:48,650 - DEBUG - caching sha2: Trying fast path
2025-05-08 21:24:48,650 - DEBUG - caching sha2: Trying full auth...
2025-05-08 21:24:48,650 - DEBUG - -----BEGIN PUBLIC KEY-----
MIIBIjANBgkqhkiG9w0BAQEFAAOCAQ8AMIIBCgKCAQEAho32nDGmqcw9sbhYSLbB
42VfcolqOPklO17ZrwwtBxmfQuoFLvorXJbF0KPIF29XWsWMmEdc+WltEmqeF/90
Z/RvI7Y4nE0UwQty3Ls3qqKXWZrdLzjxN+sumpsimC+Zc+e+FwqvRC7UfyzFxxPi
dIs4zJkDhyfXst37emBWAX6IJtq/nPv17BEOV0lVkaW91MC2zNM7pDyN6hbw40sI
KYrrsEZin7c0aZM+bp2b2tL+QGKgIfGLkHvepEWAi5GJLaKIwm5+j0X55k4ANUgp
pY6vs75NujPLpjdP0xGJNN71KCQ8uxjcsUHUuGZ23uxHrrJvWm1CNvrBUjXeGr+2
bwIDAQAB
-----END PUBLIC KEY-----

2025-05-08 21:24:48,654 - DEBUG - caching sha2: Trying fast path
2025-05-08 21:24:48,654 - DEBUG - caching sha2: Trying full auth...
2025-05-08 21:24:48,654 - DEBUG - -----BEGIN PUBLIC KEY-----
MIIBIjANBgkqhkiG9w0BAQEFAAOCAQ8AMIIBCgKCAQEAho32nDGmqcw9sbhYSLbB
42VfcolqOPklO17ZrwwtBxmfQuoFLvorXJbF0KPIF29XWsWMmEdc+WltEmqeF/90
Z/RvI7Y4nE0UwQty3Ls3qqKXWZrdLzjxN+sumpsimC+Zc+e+FwqvRC7UfyzFxxPi
dIs4zJkDhyfXst37emBWAX6IJtq/nPv17BEOV0lVkaW91MC2zNM7pDyN6hbw40sI
KYrrsEZin7c0aZM+bp2b2tL+QGKgIfGLkHvepEWAi5GJLaKIwm5+j0X55k4ANUgp
pY6vs75NujPLpjdP0xGJNN71KCQ8uxjcsUHUuGZ23uxHrrJvWm1CNvrBUjXeGr+2
bwIDAQAB
-----END PUBLIC KEY-----

2025-05-08 21:24:48,659 - DEBUG - caching sha2: Trying fast path
2025-05-08 21:24:48,659 - DEBUG - caching sha2: Trying full auth...
2025-05-08 21:24:48,659 - DEBUG - -----BEGIN PUBLIC KEY-----
MIIBIjANBgkqhkiG9w0BAQEFAAOCAQ8AMIIBCgKCAQEAho32nDGmqcw9sbhYSLbB
42VfcolqOPklO17ZrwwtBxmfQuoFLvorXJbF0KPIF29XWsWMmEdc+WltEmqeF/90
Z/RvI7Y4nE0UwQty3Ls3qqKXWZrdLzjxN+sumpsimC+Zc+e+FwqvRC7UfyzFxxPi
dIs4zJkDhyfXst37emBWAX6IJtq/nPv17BEOV0lVkaW91MC2zNM7pDyN6hbw40sI
KYrrsEZin7c0aZM+bp2b2tL+QGKgIfGLkHvepEWAi5GJLaKIwm5+j0X55k4ANUgp
pY6vs75NujPLpjdP0xGJNN71KCQ8uxjcsUHUuGZ23uxHrrJvWm1CNvrBUjXeGr+2
bwIDAQAB
-----END PUBLIC KEY-----

2025-05-08 21:24:48,663 - DEBUG - caching sha2: Trying fast path
2025-05-08 21:24:48,664 - DEBUG - caching sha2: Trying full auth...
2025-05-08 21:24:48,664 - DEBUG - -----BEGIN PUBLIC KEY-----
MIIBIjANBgkqhkiG9w0BAQEFAAOCAQ8AMIIBCgKCAQEAho32nDGmqcw9sbhYSLbB
42VfcolqOPklO17ZrwwtBxmfQuoFLvorXJbF0KPIF29XWsWMmEdc+WltEmqeF/90
Z/RvI7Y4nE0UwQty3Ls3qqKXWZrdLzjxN+sumpsimC+Zc+e+FwqvRC7UfyzFxxPi
dIs4zJkDhyfXst37emBWAX6IJtq/nPv17BEOV0lVkaW91MC2zNM7pDyN6hbw40sI
KYrrsEZin7c0aZM+bp2b2tL+QGKgIfGLkHvepEWAi5GJLaKIwm5+j0X55k4ANUgp
pY6vs75NujPLpjdP0xGJNN71KCQ8uxjcsUHUuGZ23uxHrrJvWm1CNvrBUjXeGr+2
bwIDAQAB
-----END PUBLIC KEY-----

2025-05-08 21:24:48,668 - DEBUG - caching sha2: Trying fast path
2025-05-08 21:24:48,669 - DEBUG - caching sha2: Trying full auth...
2025-05-08 21:24:48,669 - DEBUG - -----BEGIN PUBLIC KEY-----
MIIBIjANBgkqhkiG9w0BAQEFAAOCAQ8AMIIBCgKCAQEAho32nDGmqcw9sbhYSLbB
42VfcolqOPklO17ZrwwtBxmfQuoFLvorXJbF0KPIF29XWsWMmEdc+WltEmqeF/90
Z/RvI7Y4nE0UwQty3Ls3qqKXWZrdLzjxN+sumpsimC+Zc+e+FwqvRC7UfyzFxxPi
dIs4zJkDhyfXst37emBWAX6IJtq/nPv17BEOV0lVkaW91MC2zNM7pDyN6hbw40sI
KYrrsEZin7c0aZM+bp2b2tL+QGKgIfGLkHvepEWAi5GJLaKIwm5+j0X55k4ANUgp
pY6vs75NujPLpjdP0xGJNN71KCQ8uxjcsUHUuGZ23uxHrrJvWm1CNvrBUjXeGr+2
bwIDAQAB
-----END PUBLIC KEY-----

2025-05-08 21:25:00,480 - DEBUG - = connection is CONNECTING
2025-05-08 21:25:00,480 - DEBUG - > GET /notify HTTP/1.1
2025-05-08 21:25:00,480 - DEBUG - > Host: localhost:8001
2025-05-08 21:25:00,480 - DEBUG - > Upgrade: websocket
2025-05-08 21:25:00,480 - DEBUG - > Connection: Upgrade
2025-05-08 21:25:00,480 - DEBUG - > Sec-WebSocket-Key: xvrAjtNBmNMIEmdpJaqhAw==
2025-05-08 21:25:00,480 - DEBUG - > Sec-WebSocket-Version: 13
2025-05-08 21:25:00,480 - DEBUG - > Sec-WebSocket-Extensions: permessage-deflate; client_max_window_bits
2025-05-08 21:25:00,480 - DEBUG - > User-Agent: Python/3.12 websockets/15.0.1
2025-05-08 21:25:00,481 - DEBUG - < HTTP/1.1 101 Switching Protocols
2025-05-08 21:25:00,482 - DEBUG - < Date: Thu, 08 May 2025 18:25:00 GMT
2025-05-08 21:25:00,482 - DEBUG - < Upgrade: websocket
2025-05-08 21:25:00,482 - DEBUG - < Connection: Upgrade
2025-05-08 21:25:00,482 - DEBUG - < Sec-WebSocket-Accept: jGBCysGY/1+w5q6fO9zEBgaqYj4=
2025-05-08 21:25:00,482 - DEBUG - < Sec-WebSocket-Extensions: permessage-deflate; server_max_window_bits=12; client_max_window_bits=12
2025-05-08 21:25:00,482 - DEBUG - < Server: Python/3.12 websockets/15.0.1
2025-05-08 21:25:00,482 - DEBUG - = connection is OPEN
2025-05-08 21:25:00,482 - DEBUG - > TEXT '{"type": "status_update", "status": "\\u0433\\u... 40, "address": "sdvs"}' [129 bytes]
2025-05-08 21:25:00,482 - DEBUG - > CLOSE 1000 (OK) [2 bytes]
2025-05-08 21:25:00,482 - DEBUG - = connection is CLOSING
2025-05-08 21:25:00,483 - DEBUG - < CLOSE 1000 (OK) [2 bytes]
2025-05-08 21:25:00,483 - DEBUG - < EOF
2025-05-08 21:25:00,483 - DEBUG - > EOF
2025-05-08 21:25:00,483 - DEBUG - = connection is CLOSED
2025-05-08 21:25:00,483 - DEBUG - x half-closing TCP connection
2025-05-08 21:25:00,638 - ERROR - WebSocket error: name 'Decimal' is not defined
2025-05-08 21:25:49,408 - ERROR - Critical error: Traceback (most recent call last):
  File "C:\send_to_ptint\send-to-print\project\api\api.py", line 223, in complete_order
    (data.status, order_id)
     ^^^^
NameError: name 'data' is not defined

2025-05-08 21:25:49,408 - ERROR - Critical error: Traceback (most recent call last):
  File "C:\send_to_ptint\send-to-print\project\api\api.py", line 223, in complete_order
    (data.status, order_id)
     ^^^^
NameError: name 'data' is not defined

2025-05-08 21:25:49,409 - ERROR - Critical error: Traceback (most recent call last):
  File "C:\send_to_ptint\send-to-print\project\api\api.py", line 223, in complete_order
    (data.status, order_id)
     ^^^^
NameError: name 'data' is not defined

2025-05-08 21:25:49,410 - ERROR - Critical error: Traceback (most recent call last):
  File "C:\send_to_ptint\send-to-print\project\api\api.py", line 223, in complete_order
    (data.status, order_id)
     ^^^^
NameError: name 'data' is not defined

2025-05-08 21:25:49,411 - ERROR - Critical error: Traceback (most recent call last):
  File "C:\send_to_ptint\send-to-print\project\api\api.py", line 223, in complete_order
    (data.status, order_id)
     ^^^^
NameError: name 'data' is not defined

2025-05-08 21:25:49,412 - ERROR - Critical error: Traceback (most recent call last):
  File "C:\send_to_ptint\send-to-print\project\api\api.py", line 223, in complete_order
    (data.status, order_id)
     ^^^^
NameError: name 'data' is not defined

2025-05-08 21:25:49,412 - ERROR - Critical error: Traceback (most recent call last):
  File "C:\send_to_ptint\send-to-print\project\api\api.py", line 223, in complete_order
    (data.status, order_id)
     ^^^^
NameError: name 'data' is not defined

2025-05-08 21:27:15,986 - DEBUG - Using proactor: IocpProactor
2025-05-08 21:27:16,023 - DEBUG - caching sha2: Trying fast path
2025-05-08 21:27:16,024 - DEBUG - caching sha2: Trying full auth...
2025-05-08 21:27:16,024 - DEBUG - -----BEGIN PUBLIC KEY-----
MIIBIjANBgkqhkiG9w0BAQEFAAOCAQ8AMIIBCgKCAQEAho32nDGmqcw9sbhYSLbB
42VfcolqOPklO17ZrwwtBxmfQuoFLvorXJbF0KPIF29XWsWMmEdc+WltEmqeF/90
Z/RvI7Y4nE0UwQty3Ls3qqKXWZrdLzjxN+sumpsimC+Zc+e+FwqvRC7UfyzFxxPi
dIs4zJkDhyfXst37emBWAX6IJtq/nPv17BEOV0lVkaW91MC2zNM7pDyN6hbw40sI
KYrrsEZin7c0aZM+bp2b2tL+QGKgIfGLkHvepEWAi5GJLaKIwm5+j0X55k4ANUgp
pY6vs75NujPLpjdP0xGJNN71KCQ8uxjcsUHUuGZ23uxHrrJvWm1CNvrBUjXeGr+2
bwIDAQAB
-----END PUBLIC KEY-----

2025-05-08 21:27:16,034 - DEBUG - caching sha2: Trying fast path
2025-05-08 21:27:16,034 - DEBUG - caching sha2: Trying full auth...
2025-05-08 21:27:16,034 - DEBUG - -----BEGIN PUBLIC KEY-----
MIIBIjANBgkqhkiG9w0BAQEFAAOCAQ8AMIIBCgKCAQEAho32nDGmqcw9sbhYSLbB
42VfcolqOPklO17ZrwwtBxmfQuoFLvorXJbF0KPIF29XWsWMmEdc+WltEmqeF/90
Z/RvI7Y4nE0UwQty3Ls3qqKXWZrdLzjxN+sumpsimC+Zc+e+FwqvRC7UfyzFxxPi
dIs4zJkDhyfXst37emBWAX6IJtq/nPv17BEOV0lVkaW91MC2zNM7pDyN6hbw40sI
KYrrsEZin7c0aZM+bp2b2tL+QGKgIfGLkHvepEWAi5GJLaKIwm5+j0X55k4ANUgp
pY6vs75NujPLpjdP0xGJNN71KCQ8uxjcsUHUuGZ23uxHrrJvWm1CNvrBUjXeGr+2
bwIDAQAB
-----END PUBLIC KEY-----

2025-05-08 21:27:16,039 - DEBUG - caching sha2: Trying fast path
2025-05-08 21:27:16,039 - DEBUG - caching sha2: Trying full auth...
2025-05-08 21:27:16,039 - DEBUG - -----BEGIN PUBLIC KEY-----
MIIBIjANBgkqhkiG9w0BAQEFAAOCAQ8AMIIBCgKCAQEAho32nDGmqcw9sbhYSLbB
42VfcolqOPklO17ZrwwtBxmfQuoFLvorXJbF0KPIF29XWsWMmEdc+WltEmqeF/90
Z/RvI7Y4nE0UwQty3Ls3qqKXWZrdLzjxN+sumpsimC+Zc+e+FwqvRC7UfyzFxxPi
dIs4zJkDhyfXst37emBWAX6IJtq/nPv17BEOV0lVkaW91MC2zNM7pDyN6hbw40sI
KYrrsEZin7c0aZM+bp2b2tL+QGKgIfGLkHvepEWAi5GJLaKIwm5+j0X55k4ANUgp
pY6vs75NujPLpjdP0xGJNN71KCQ8uxjcsUHUuGZ23uxHrrJvWm1CNvrBUjXeGr+2
bwIDAQAB
-----END PUBLIC KEY-----

2025-05-08 21:27:16,044 - DEBUG - caching sha2: Trying fast path
2025-05-08 21:27:16,044 - DEBUG - caching sha2: Trying full auth...
2025-05-08 21:27:16,044 - DEBUG - -----BEGIN PUBLIC KEY-----
MIIBIjANBgkqhkiG9w0BAQEFAAOCAQ8AMIIBCgKCAQEAho32nDGmqcw9sbhYSLbB
42VfcolqOPklO17ZrwwtBxmfQuoFLvorXJbF0KPIF29XWsWMmEdc+WltEmqeF/90
Z/RvI7Y4nE0UwQty3Ls3qqKXWZrdLzjxN+sumpsimC+Zc+e+FwqvRC7UfyzFxxPi
dIs4zJkDhyfXst37emBWAX6IJtq/nPv17BEOV0lVkaW91MC2zNM7pDyN6hbw40sI
KYrrsEZin7c0aZM+bp2b2tL+QGKgIfGLkHvepEWAi5GJLaKIwm5+j0X55k4ANUgp
pY6vs75NujPLpjdP0xGJNN71KCQ8uxjcsUHUuGZ23uxHrrJvWm1CNvrBUjXeGr+2
bwIDAQAB
-----END PUBLIC KEY-----

2025-05-08 21:27:16,049 - DEBUG - caching sha2: Trying fast path
2025-05-08 21:27:16,049 - DEBUG - caching sha2: Trying full auth...
2025-05-08 21:27:16,049 - DEBUG - -----BEGIN PUBLIC KEY-----
MIIBIjANBgkqhkiG9w0BAQEFAAOCAQ8AMIIBCgKCAQEAho32nDGmqcw9sbhYSLbB
42VfcolqOPklO17ZrwwtBxmfQuoFLvorXJbF0KPIF29XWsWMmEdc+WltEmqeF/90
Z/RvI7Y4nE0UwQty3Ls3qqKXWZrdLzjxN+sumpsimC+Zc+e+FwqvRC7UfyzFxxPi
dIs4zJkDhyfXst37emBWAX6IJtq/nPv17BEOV0lVkaW91MC2zNM7pDyN6hbw40sI
KYrrsEZin7c0aZM+bp2b2tL+QGKgIfGLkHvepEWAi5GJLaKIwm5+j0X55k4ANUgp
pY6vs75NujPLpjdP0xGJNN71KCQ8uxjcsUHUuGZ23uxHrrJvWm1CNvrBUjXeGr+2
bwIDAQAB
-----END PUBLIC KEY-----

2025-05-08 21:27:16,053 - DEBUG - caching sha2: Trying fast path
2025-05-08 21:27:16,054 - DEBUG - caching sha2: Trying full auth...
2025-05-08 21:27:16,054 - DEBUG - -----BEGIN PUBLIC KEY-----
MIIBIjANBgkqhkiG9w0BAQEFAAOCAQ8AMIIBCgKCAQEAho32nDGmqcw9sbhYSLbB
42VfcolqOPklO17ZrwwtBxmfQuoFLvorXJbF0KPIF29XWsWMmEdc+WltEmqeF/90
Z/RvI7Y4nE0UwQty3Ls3qqKXWZrdLzjxN+sumpsimC+Zc+e+FwqvRC7UfyzFxxPi
dIs4zJkDhyfXst37emBWAX6IJtq/nPv17BEOV0lVkaW91MC2zNM7pDyN6hbw40sI
KYrrsEZin7c0aZM+bp2b2tL+QGKgIfGLkHvepEWAi5GJLaKIwm5+j0X55k4ANUgp
pY6vs75NujPLpjdP0xGJNN71KCQ8uxjcsUHUuGZ23uxHrrJvWm1CNvrBUjXeGr+2
bwIDAQAB
-----END PUBLIC KEY-----

2025-05-08 21:27:16,058 - DEBUG - caching sha2: Trying fast path
2025-05-08 21:27:16,059 - DEBUG - caching sha2: Trying full auth...
2025-05-08 21:27:16,059 - DEBUG - -----BEGIN PUBLIC KEY-----
MIIBIjANBgkqhkiG9w0BAQEFAAOCAQ8AMIIBCgKCAQEAho32nDGmqcw9sbhYSLbB
42VfcolqOPklO17ZrwwtBxmfQuoFLvorXJbF0KPIF29XWsWMmEdc+WltEmqeF/90
Z/RvI7Y4nE0UwQty3Ls3qqKXWZrdLzjxN+sumpsimC+Zc+e+FwqvRC7UfyzFxxPi
dIs4zJkDhyfXst37emBWAX6IJtq/nPv17BEOV0lVkaW91MC2zNM7pDyN6hbw40sI
KYrrsEZin7c0aZM+bp2b2tL+QGKgIfGLkHvepEWAi5GJLaKIwm5+j0X55k4ANUgp
pY6vs75NujPLpjdP0xGJNN71KCQ8uxjcsUHUuGZ23uxHrrJvWm1CNvrBUjXeGr+2
bwIDAQAB
-----END PUBLIC KEY-----

2025-05-08 21:27:16,063 - DEBUG - caching sha2: Trying fast path
2025-05-08 21:27:16,063 - DEBUG - caching sha2: Trying full auth...
2025-05-08 21:27:16,063 - DEBUG - -----BEGIN PUBLIC KEY-----
MIIBIjANBgkqhkiG9w0BAQEFAAOCAQ8AMIIBCgKCAQEAho32nDGmqcw9sbhYSLbB
42VfcolqOPklO17ZrwwtBxmfQuoFLvorXJbF0KPIF29XWsWMmEdc+WltEmqeF/90
Z/RvI7Y4nE0UwQty3Ls3qqKXWZrdLzjxN+sumpsimC+Zc+e+FwqvRC7UfyzFxxPi
dIs4zJkDhyfXst37emBWAX6IJtq/nPv17BEOV0lVkaW91MC2zNM7pDyN6hbw40sI
KYrrsEZin7c0aZM+bp2b2tL+QGKgIfGLkHvepEWAi5GJLaKIwm5+j0X55k4ANUgp
pY6vs75NujPLpjdP0xGJNN71KCQ8uxjcsUHUuGZ23uxHrrJvWm1CNvrBUjXeGr+2
bwIDAQAB
-----END PUBLIC KEY-----

2025-05-08 21:27:16,068 - DEBUG - caching sha2: Trying fast path
2025-05-08 21:27:16,068 - DEBUG - caching sha2: Trying full auth...
2025-05-08 21:27:16,068 - DEBUG - -----BEGIN PUBLIC KEY-----
MIIBIjANBgkqhkiG9w0BAQEFAAOCAQ8AMIIBCgKCAQEAho32nDGmqcw9sbhYSLbB
42VfcolqOPklO17ZrwwtBxmfQuoFLvorXJbF0KPIF29XWsWMmEdc+WltEmqeF/90
Z/RvI7Y4nE0UwQty3Ls3qqKXWZrdLzjxN+sumpsimC+Zc+e+FwqvRC7UfyzFxxPi
dIs4zJkDhyfXst37emBWAX6IJtq/nPv17BEOV0lVkaW91MC2zNM7pDyN6hbw40sI
KYrrsEZin7c0aZM+bp2b2tL+QGKgIfGLkHvepEWAi5GJLaKIwm5+j0X55k4ANUgp
pY6vs75NujPLpjdP0xGJNN71KCQ8uxjcsUHUuGZ23uxHrrJvWm1CNvrBUjXeGr+2
bwIDAQAB
-----END PUBLIC KEY-----

2025-05-08 21:27:16,073 - DEBUG - caching sha2: Trying fast path
2025-05-08 21:27:16,073 - DEBUG - caching sha2: Trying full auth...
2025-05-08 21:27:16,073 - DEBUG - -----BEGIN PUBLIC KEY-----
MIIBIjANBgkqhkiG9w0BAQEFAAOCAQ8AMIIBCgKCAQEAho32nDGmqcw9sbhYSLbB
42VfcolqOPklO17ZrwwtBxmfQuoFLvorXJbF0KPIF29XWsWMmEdc+WltEmqeF/90
Z/RvI7Y4nE0UwQty3Ls3qqKXWZrdLzjxN+sumpsimC+Zc+e+FwqvRC7UfyzFxxPi
dIs4zJkDhyfXst37emBWAX6IJtq/nPv17BEOV0lVkaW91MC2zNM7pDyN6hbw40sI
KYrrsEZin7c0aZM+bp2b2tL+QGKgIfGLkHvepEWAi5GJLaKIwm5+j0X55k4ANUgp
pY6vs75NujPLpjdP0xGJNN71KCQ8uxjcsUHUuGZ23uxHrrJvWm1CNvrBUjXeGr+2
bwIDAQAB
-----END PUBLIC KEY-----

2025-05-08 21:28:13,356 - DEBUG - Calling on_part_begin with no data
2025-05-08 21:28:13,357 - DEBUG - Calling on_header_field with data[36:48]
2025-05-08 21:28:13,357 - DEBUG - Calling on_header_value with data[50:75]
2025-05-08 21:28:13,357 - DEBUG - Calling on_header_end with no data
2025-05-08 21:28:13,357 - DEBUG - Calling on_header_field with data[77:96]
2025-05-08 21:28:13,357 - DEBUG - Calling on_header_value with data[98:123]
2025-05-08 21:28:13,357 - DEBUG - Calling on_header_end with no data
2025-05-08 21:28:13,357 - DEBUG - Calling on_headers_finished with no data
2025-05-08 21:28:13,357 - DEBUG - Calling on_part_data with data[127:128]
2025-05-08 21:28:13,357 - DEBUG - Calling on_part_end with no data
2025-05-08 21:28:13,357 - DEBUG - Calling on_part_begin with no data
2025-05-08 21:28:13,357 - DEBUG - Calling on_header_field with data[166:178]
2025-05-08 21:28:13,357 - DEBUG - Calling on_header_value with data[180:205]
2025-05-08 21:28:13,357 - DEBUG - Calling on_header_end with no data
2025-05-08 21:28:13,357 - DEBUG - Calling on_header_field with data[207:226]
2025-05-08 21:28:13,357 - DEBUG - Calling on_header_value with data[228:251]
2025-05-08 21:28:13,357 - DEBUG - Calling on_header_end with no data
2025-05-08 21:28:13,357 - DEBUG - Calling on_headers_finished with no data
2025-05-08 21:28:13,357 - DEBUG - Calling on_part_data with data[255:259]
2025-05-08 21:28:13,357 - DEBUG - Calling on_part_end with no data
2025-05-08 21:28:13,357 - DEBUG - Calling on_part_begin with no data
2025-05-08 21:28:13,357 - DEBUG - Calling on_header_field with data[297:309]
2025-05-08 21:28:13,357 - DEBUG - Calling on_header_value with data[311:336]
2025-05-08 21:28:13,357 - DEBUG - Calling on_header_end with no data
2025-05-08 21:28:13,357 - DEBUG - Calling on_header_field with data[338:357]
2025-05-08 21:28:13,357 - DEBUG - Calling on_header_value with data[359:382]
2025-05-08 21:28:13,357 - DEBUG - Calling on_header_end with no data
2025-05-08 21:28:13,357 - DEBUG - Calling on_headers_finished with no data
2025-05-08 21:28:13,357 - DEBUG - Calling on_part_data with data[386:387]
2025-05-08 21:28:13,357 - DEBUG - Calling on_part_end with no data
2025-05-08 21:28:13,358 - DEBUG - Calling on_part_begin with no data
2025-05-08 21:28:13,358 - DEBUG - Calling on_header_field with data[425:437]
2025-05-08 21:28:13,358 - DEBUG - Calling on_header_value with data[439:464]
2025-05-08 21:28:13,358 - DEBUG - Calling on_header_end with no data
2025-05-08 21:28:13,358 - DEBUG - Calling on_header_field with data[466:485]
2025-05-08 21:28:13,358 - DEBUG - Calling on_header_value with data[487:510]
2025-05-08 21:28:13,358 - DEBUG - Calling on_header_end with no data
2025-05-08 21:28:13,358 - DEBUG - Calling on_headers_finished with no data
2025-05-08 21:28:13,358 - DEBUG - Calling on_part_data with data[514:535]
2025-05-08 21:28:13,358 - DEBUG - Calling on_part_end with no data
2025-05-08 21:28:13,358 - DEBUG - Calling on_part_begin with no data
2025-05-08 21:28:13,358 - DEBUG - Calling on_header_field with data[573:585]
2025-05-08 21:28:13,358 - DEBUG - Calling on_header_value with data[587:612]
2025-05-08 21:28:13,358 - DEBUG - Calling on_header_end with no data
2025-05-08 21:28:13,358 - DEBUG - Calling on_header_field with data[614:633]
2025-05-08 21:28:13,358 - DEBUG - Calling on_header_value with data[635:660]
2025-05-08 21:28:13,358 - DEBUG - Calling on_header_end with no data
2025-05-08 21:28:13,358 - DEBUG - Calling on_headers_finished with no data
2025-05-08 21:28:13,358 - DEBUG - Calling on_part_data with data[664:674]
2025-05-08 21:28:13,358 - DEBUG - Calling on_part_end with no data
2025-05-08 21:28:13,358 - DEBUG - Calling on_part_begin with no data
2025-05-08 21:28:13,358 - DEBUG - Calling on_header_field with data[712:724]
2025-05-08 21:28:13,358 - DEBUG - Calling on_header_value with data[726:751]
2025-05-08 21:28:13,358 - DEBUG - Calling on_header_end with no data
2025-05-08 21:28:13,358 - DEBUG - Calling on_header_field with data[753:772]
2025-05-08 21:28:13,358 - DEBUG - Calling on_header_value with data[774:796]
2025-05-08 21:28:13,358 - DEBUG - Calling on_header_end with no data
2025-05-08 21:28:13,358 - DEBUG - Calling on_headers_finished with no data
2025-05-08 21:28:13,358 - DEBUG - Calling on_part_data with data[800:802]
2025-05-08 21:28:13,358 - DEBUG - Calling on_part_end with no data
2025-05-08 21:28:13,358 - DEBUG - Calling on_part_begin with no data
2025-05-08 21:28:13,358 - DEBUG - Calling on_header_field with data[840:852]
2025-05-08 21:28:13,359 - DEBUG - Calling on_header_value with data[854:879]
2025-05-08 21:28:13,359 - DEBUG - Calling on_header_end with no data
2025-05-08 21:28:13,359 - DEBUG - Calling on_header_field with data[881:900]
2025-05-08 21:28:13,359 - DEBUG - Calling on_header_value with data[902:934]
2025-05-08 21:28:13,359 - DEBUG - Calling on_header_end with no data
2025-05-08 21:28:13,359 - DEBUG - Calling on_headers_finished with no data
2025-05-08 21:28:13,359 - DEBUG - Calling on_part_data with data[938:942]
2025-05-08 21:28:13,359 - DEBUG - Calling on_part_end with no data
2025-05-08 21:28:13,359 - DEBUG - Calling on_part_begin with no data
2025-05-08 21:28:13,359 - DEBUG - Calling on_header_field with data[980:992]
2025-05-08 21:28:13,359 - DEBUG - Calling on_header_value with data[994:1019]
2025-05-08 21:28:13,359 - DEBUG - Calling on_header_end with no data
2025-05-08 21:28:13,359 - DEBUG - Calling on_header_field with data[1021:1040]
2025-05-08 21:28:13,359 - DEBUG - Calling on_header_value with data[1042:1068]
2025-05-08 21:28:13,359 - DEBUG - Calling on_header_end with no data
2025-05-08 21:28:13,359 - DEBUG - Calling on_headers_finished with no data
2025-05-08 21:28:13,359 - DEBUG - Calling on_part_data with data[1072:1078]
2025-05-08 21:28:13,359 - DEBUG - Calling on_part_end with no data
2025-05-08 21:28:13,359 - DEBUG - Calling on_part_begin with no data
2025-05-08 21:28:13,359 - DEBUG - Calling on_header_field with data[1116:1128]
2025-05-08 21:28:13,359 - DEBUG - Calling on_header_value with data[1130:1154]
2025-05-08 21:28:13,359 - DEBUG - Calling on_header_end with no data
2025-05-08 21:28:13,359 - DEBUG - Calling on_header_field with data[1156:1175]
2025-05-08 21:28:13,359 - DEBUG - Calling on_header_value with data[1177:1301]
2025-05-08 21:28:13,359 - DEBUG - Calling on_header_end with no data
2025-05-08 21:28:13,359 - DEBUG - Calling on_headers_finished with no data
2025-05-08 21:28:13,359 - DEBUG - Calling on_part_data with data[1305:21827]
2025-05-08 21:28:13,359 - DEBUG - Calling on_part_end with no data
2025-05-08 21:28:13,359 - DEBUG - Calling on_end with no data
2025-05-08 21:28:27,887 - ERROR - WebSocket error: name 'Decimal' is not defined
2025-05-08 21:28:32,596 - DEBUG - caching sha2: Trying fast path
2025-05-08 21:28:32,596 - DEBUG - caching sha2: Trying full auth...
2025-05-08 21:28:32,596 - DEBUG - -----BEGIN PUBLIC KEY-----
MIIBIjANBgkqhkiG9w0BAQEFAAOCAQ8AMIIBCgKCAQEAho32nDGmqcw9sbhYSLbB
42VfcolqOPklO17ZrwwtBxmfQuoFLvorXJbF0KPIF29XWsWMmEdc+WltEmqeF/90
Z/RvI7Y4nE0UwQty3Ls3qqKXWZrdLzjxN+sumpsimC+Zc+e+FwqvRC7UfyzFxxPi
dIs4zJkDhyfXst37emBWAX6IJtq/nPv17BEOV0lVkaW91MC2zNM7pDyN6hbw40sI
KYrrsEZin7c0aZM+bp2b2tL+QGKgIfGLkHvepEWAi5GJLaKIwm5+j0X55k4ANUgp
pY6vs75NujPLpjdP0xGJNN71KCQ8uxjcsUHUuGZ23uxHrrJvWm1CNvrBUjXeGr+2
bwIDAQAB
-----END PUBLIC KEY-----

2025-05-08 21:29:26,397 - DEBUG - caching sha2: Trying fast path
2025-05-08 21:29:26,398 - DEBUG - caching sha2: Trying full auth...
2025-05-08 21:29:26,398 - DEBUG - -----BEGIN PUBLIC KEY-----
MIIBIjANBgkqhkiG9w0BAQEFAAOCAQ8AMIIBCgKCAQEAho32nDGmqcw9sbhYSLbB
42VfcolqOPklO17ZrwwtBxmfQuoFLvorXJbF0KPIF29XWsWMmEdc+WltEmqeF/90
Z/RvI7Y4nE0UwQty3Ls3qqKXWZrdLzjxN+sumpsimC+Zc+e+FwqvRC7UfyzFxxPi
dIs4zJkDhyfXst37emBWAX6IJtq/nPv17BEOV0lVkaW91MC2zNM7pDyN6hbw40sI
KYrrsEZin7c0aZM+bp2b2tL+QGKgIfGLkHvepEWAi5GJLaKIwm5+j0X55k4ANUgp
pY6vs75NujPLpjdP0xGJNN71KCQ8uxjcsUHUuGZ23uxHrrJvWm1CNvrBUjXeGr+2
bwIDAQAB
-----END PUBLIC KEY-----

2025-05-08 21:29:31,177 - ERROR - Critical error: Traceback (most recent call last):
  File "C:\send_to_ptint\send-to-print\project\api\api.py", line 223, in complete_order
    (data.status, order_id)
     ^^^^
NameError: name 'data' is not defined

2025-05-08 21:29:31,177 - ERROR - Critical error: Traceback (most recent call last):
  File "C:\send_to_ptint\send-to-print\project\api\api.py", line 223, in complete_order
    (data.status, order_id)
     ^^^^
NameError: name 'data' is not defined

2025-05-08 21:29:31,178 - ERROR - Critical error: Traceback (most recent call last):
  File "C:\send_to_ptint\send-to-print\project\api\api.py", line 223, in complete_order
    (data.status, order_id)
     ^^^^
NameError: name 'data' is not defined

2025-05-08 21:29:31,179 - ERROR - Critical error: Traceback (most recent call last):
  File "C:\send_to_ptint\send-to-print\project\api\api.py", line 223, in complete_order
    (data.status, order_id)
     ^^^^
NameError: name 'data' is not defined

2025-05-08 21:29:31,180 - ERROR - Critical error: Traceback (most recent call last):
  File "C:\send_to_ptint\send-to-print\project\api\api.py", line 223, in complete_order
    (data.status, order_id)
     ^^^^
NameError: name 'data' is not defined

2025-05-08 21:29:31,180 - ERROR - WebSocket error: name 'Decimal' is not defined
2025-05-08 21:32:42,797 - DEBUG - caching sha2: Trying fast path
2025-05-08 21:32:42,797 - DEBUG - caching sha2: Trying full auth...
2025-05-08 21:32:42,797 - DEBUG - -----BEGIN PUBLIC KEY-----
MIIBIjANBgkqhkiG9w0BAQEFAAOCAQ8AMIIBCgKCAQEAho32nDGmqcw9sbhYSLbB
42VfcolqOPklO17ZrwwtBxmfQuoFLvorXJbF0KPIF29XWsWMmEdc+WltEmqeF/90
Z/RvI7Y4nE0UwQty3Ls3qqKXWZrdLzjxN+sumpsimC+Zc+e+FwqvRC7UfyzFxxPi
dIs4zJkDhyfXst37emBWAX6IJtq/nPv17BEOV0lVkaW91MC2zNM7pDyN6hbw40sI
KYrrsEZin7c0aZM+bp2b2tL+QGKgIfGLkHvepEWAi5GJLaKIwm5+j0X55k4ANUgp
pY6vs75NujPLpjdP0xGJNN71KCQ8uxjcsUHUuGZ23uxHrrJvWm1CNvrBUjXeGr+2
bwIDAQAB
-----END PUBLIC KEY-----

2025-05-08 21:33:32,627 - DEBUG - Using proactor: IocpProactor
2025-05-08 21:33:32,683 - DEBUG - caching sha2: Trying fast path
2025-05-08 21:33:32,683 - DEBUG - caching sha2: Trying full auth...
2025-05-08 21:33:32,683 - DEBUG - -----BEGIN PUBLIC KEY-----
MIIBIjANBgkqhkiG9w0BAQEFAAOCAQ8AMIIBCgKCAQEAho32nDGmqcw9sbhYSLbB
42VfcolqOPklO17ZrwwtBxmfQuoFLvorXJbF0KPIF29XWsWMmEdc+WltEmqeF/90
Z/RvI7Y4nE0UwQty3Ls3qqKXWZrdLzjxN+sumpsimC+Zc+e+FwqvRC7UfyzFxxPi
dIs4zJkDhyfXst37emBWAX6IJtq/nPv17BEOV0lVkaW91MC2zNM7pDyN6hbw40sI
KYrrsEZin7c0aZM+bp2b2tL+QGKgIfGLkHvepEWAi5GJLaKIwm5+j0X55k4ANUgp
pY6vs75NujPLpjdP0xGJNN71KCQ8uxjcsUHUuGZ23uxHrrJvWm1CNvrBUjXeGr+2
bwIDAQAB
-----END PUBLIC KEY-----

2025-05-08 21:33:32,695 - DEBUG - caching sha2: Trying fast path
2025-05-08 21:33:32,695 - DEBUG - caching sha2: Trying full auth...
2025-05-08 21:33:32,696 - DEBUG - -----BEGIN PUBLIC KEY-----
MIIBIjANBgkqhkiG9w0BAQEFAAOCAQ8AMIIBCgKCAQEAho32nDGmqcw9sbhYSLbB
42VfcolqOPklO17ZrwwtBxmfQuoFLvorXJbF0KPIF29XWsWMmEdc+WltEmqeF/90
Z/RvI7Y4nE0UwQty3Ls3qqKXWZrdLzjxN+sumpsimC+Zc+e+FwqvRC7UfyzFxxPi
dIs4zJkDhyfXst37emBWAX6IJtq/nPv17BEOV0lVkaW91MC2zNM7pDyN6hbw40sI
KYrrsEZin7c0aZM+bp2b2tL+QGKgIfGLkHvepEWAi5GJLaKIwm5+j0X55k4ANUgp
pY6vs75NujPLpjdP0xGJNN71KCQ8uxjcsUHUuGZ23uxHrrJvWm1CNvrBUjXeGr+2
bwIDAQAB
-----END PUBLIC KEY-----

2025-05-08 21:33:32,701 - DEBUG - caching sha2: Trying fast path
2025-05-08 21:33:32,701 - DEBUG - caching sha2: Trying full auth...
2025-05-08 21:33:32,701 - DEBUG - -----BEGIN PUBLIC KEY-----
MIIBIjANBgkqhkiG9w0BAQEFAAOCAQ8AMIIBCgKCAQEAho32nDGmqcw9sbhYSLbB
42VfcolqOPklO17ZrwwtBxmfQuoFLvorXJbF0KPIF29XWsWMmEdc+WltEmqeF/90
Z/RvI7Y4nE0UwQty3Ls3qqKXWZrdLzjxN+sumpsimC+Zc+e+FwqvRC7UfyzFxxPi
dIs4zJkDhyfXst37emBWAX6IJtq/nPv17BEOV0lVkaW91MC2zNM7pDyN6hbw40sI
KYrrsEZin7c0aZM+bp2b2tL+QGKgIfGLkHvepEWAi5GJLaKIwm5+j0X55k4ANUgp
pY6vs75NujPLpjdP0xGJNN71KCQ8uxjcsUHUuGZ23uxHrrJvWm1CNvrBUjXeGr+2
bwIDAQAB
-----END PUBLIC KEY-----

2025-05-08 21:33:32,706 - DEBUG - caching sha2: Trying fast path
2025-05-08 21:33:32,706 - DEBUG - caching sha2: Trying full auth...
2025-05-08 21:33:32,706 - DEBUG - -----BEGIN PUBLIC KEY-----
MIIBIjANBgkqhkiG9w0BAQEFAAOCAQ8AMIIBCgKCAQEAho32nDGmqcw9sbhYSLbB
42VfcolqOPklO17ZrwwtBxmfQuoFLvorXJbF0KPIF29XWsWMmEdc+WltEmqeF/90
Z/RvI7Y4nE0UwQty3Ls3qqKXWZrdLzjxN+sumpsimC+Zc+e+FwqvRC7UfyzFxxPi
dIs4zJkDhyfXst37emBWAX6IJtq/nPv17BEOV0lVkaW91MC2zNM7pDyN6hbw40sI
KYrrsEZin7c0aZM+bp2b2tL+QGKgIfGLkHvepEWAi5GJLaKIwm5+j0X55k4ANUgp
pY6vs75NujPLpjdP0xGJNN71KCQ8uxjcsUHUuGZ23uxHrrJvWm1CNvrBUjXeGr+2
bwIDAQAB
-----END PUBLIC KEY-----

2025-05-08 21:33:32,712 - DEBUG - caching sha2: Trying fast path
2025-05-08 21:33:32,712 - DEBUG - caching sha2: Trying full auth...
2025-05-08 21:33:32,712 - DEBUG - -----BEGIN PUBLIC KEY-----
MIIBIjANBgkqhkiG9w0BAQEFAAOCAQ8AMIIBCgKCAQEAho32nDGmqcw9sbhYSLbB
42VfcolqOPklO17ZrwwtBxmfQuoFLvorXJbF0KPIF29XWsWMmEdc+WltEmqeF/90
Z/RvI7Y4nE0UwQty3Ls3qqKXWZrdLzjxN+sumpsimC+Zc+e+FwqvRC7UfyzFxxPi
dIs4zJkDhyfXst37emBWAX6IJtq/nPv17BEOV0lVkaW91MC2zNM7pDyN6hbw40sI
KYrrsEZin7c0aZM+bp2b2tL+QGKgIfGLkHvepEWAi5GJLaKIwm5+j0X55k4ANUgp
pY6vs75NujPLpjdP0xGJNN71KCQ8uxjcsUHUuGZ23uxHrrJvWm1CNvrBUjXeGr+2
bwIDAQAB
-----END PUBLIC KEY-----

2025-05-08 21:33:32,717 - DEBUG - caching sha2: Trying fast path
2025-05-08 21:33:32,717 - DEBUG - caching sha2: Trying full auth...
2025-05-08 21:33:32,717 - DEBUG - -----BEGIN PUBLIC KEY-----
MIIBIjANBgkqhkiG9w0BAQEFAAOCAQ8AMIIBCgKCAQEAho32nDGmqcw9sbhYSLbB
42VfcolqOPklO17ZrwwtBxmfQuoFLvorXJbF0KPIF29XWsWMmEdc+WltEmqeF/90
Z/RvI7Y4nE0UwQty3Ls3qqKXWZrdLzjxN+sumpsimC+Zc+e+FwqvRC7UfyzFxxPi
dIs4zJkDhyfXst37emBWAX6IJtq/nPv17BEOV0lVkaW91MC2zNM7pDyN6hbw40sI
KYrrsEZin7c0aZM+bp2b2tL+QGKgIfGLkHvepEWAi5GJLaKIwm5+j0X55k4ANUgp
pY6vs75NujPLpjdP0xGJNN71KCQ8uxjcsUHUuGZ23uxHrrJvWm1CNvrBUjXeGr+2
bwIDAQAB
-----END PUBLIC KEY-----

2025-05-08 21:33:32,722 - DEBUG - caching sha2: Trying fast path
2025-05-08 21:33:32,722 - DEBUG - caching sha2: Trying full auth...
2025-05-08 21:33:32,722 - DEBUG - -----BEGIN PUBLIC KEY-----
MIIBIjANBgkqhkiG9w0BAQEFAAOCAQ8AMIIBCgKCAQEAho32nDGmqcw9sbhYSLbB
42VfcolqOPklO17ZrwwtBxmfQuoFLvorXJbF0KPIF29XWsWMmEdc+WltEmqeF/90
Z/RvI7Y4nE0UwQty3Ls3qqKXWZrdLzjxN+sumpsimC+Zc+e+FwqvRC7UfyzFxxPi
dIs4zJkDhyfXst37emBWAX6IJtq/nPv17BEOV0lVkaW91MC2zNM7pDyN6hbw40sI
KYrrsEZin7c0aZM+bp2b2tL+QGKgIfGLkHvepEWAi5GJLaKIwm5+j0X55k4ANUgp
pY6vs75NujPLpjdP0xGJNN71KCQ8uxjcsUHUuGZ23uxHrrJvWm1CNvrBUjXeGr+2
bwIDAQAB
-----END PUBLIC KEY-----

2025-05-08 21:33:32,727 - DEBUG - caching sha2: Trying fast path
2025-05-08 21:33:32,727 - DEBUG - caching sha2: Trying full auth...
2025-05-08 21:33:32,728 - DEBUG - -----BEGIN PUBLIC KEY-----
MIIBIjANBgkqhkiG9w0BAQEFAAOCAQ8AMIIBCgKCAQEAho32nDGmqcw9sbhYSLbB
42VfcolqOPklO17ZrwwtBxmfQuoFLvorXJbF0KPIF29XWsWMmEdc+WltEmqeF/90
Z/RvI7Y4nE0UwQty3Ls3qqKXWZrdLzjxN+sumpsimC+Zc+e+FwqvRC7UfyzFxxPi
dIs4zJkDhyfXst37emBWAX6IJtq/nPv17BEOV0lVkaW91MC2zNM7pDyN6hbw40sI
KYrrsEZin7c0aZM+bp2b2tL+QGKgIfGLkHvepEWAi5GJLaKIwm5+j0X55k4ANUgp
pY6vs75NujPLpjdP0xGJNN71KCQ8uxjcsUHUuGZ23uxHrrJvWm1CNvrBUjXeGr+2
bwIDAQAB
-----END PUBLIC KEY-----

2025-05-08 21:33:32,733 - DEBUG - caching sha2: Trying fast path
2025-05-08 21:33:32,733 - DEBUG - caching sha2: Trying full auth...
2025-05-08 21:33:32,734 - DEBUG - -----BEGIN PUBLIC KEY-----
MIIBIjANBgkqhkiG9w0BAQEFAAOCAQ8AMIIBCgKCAQEAho32nDGmqcw9sbhYSLbB
42VfcolqOPklO17ZrwwtBxmfQuoFLvorXJbF0KPIF29XWsWMmEdc+WltEmqeF/90
Z/RvI7Y4nE0UwQty3Ls3qqKXWZrdLzjxN+sumpsimC+Zc+e+FwqvRC7UfyzFxxPi
dIs4zJkDhyfXst37emBWAX6IJtq/nPv17BEOV0lVkaW91MC2zNM7pDyN6hbw40sI
KYrrsEZin7c0aZM+bp2b2tL+QGKgIfGLkHvepEWAi5GJLaKIwm5+j0X55k4ANUgp
pY6vs75NujPLpjdP0xGJNN71KCQ8uxjcsUHUuGZ23uxHrrJvWm1CNvrBUjXeGr+2
bwIDAQAB
-----END PUBLIC KEY-----

2025-05-08 21:33:32,740 - DEBUG - caching sha2: Trying fast path
2025-05-08 21:33:32,740 - DEBUG - caching sha2: Trying full auth...
2025-05-08 21:33:32,740 - DEBUG - -----BEGIN PUBLIC KEY-----
MIIBIjANBgkqhkiG9w0BAQEFAAOCAQ8AMIIBCgKCAQEAho32nDGmqcw9sbhYSLbB
42VfcolqOPklO17ZrwwtBxmfQuoFLvorXJbF0KPIF29XWsWMmEdc+WltEmqeF/90
Z/RvI7Y4nE0UwQty3Ls3qqKXWZrdLzjxN+sumpsimC+Zc+e+FwqvRC7UfyzFxxPi
dIs4zJkDhyfXst37emBWAX6IJtq/nPv17BEOV0lVkaW91MC2zNM7pDyN6hbw40sI
KYrrsEZin7c0aZM+bp2b2tL+QGKgIfGLkHvepEWAi5GJLaKIwm5+j0X55k4ANUgp
pY6vs75NujPLpjdP0xGJNN71KCQ8uxjcsUHUuGZ23uxHrrJvWm1CNvrBUjXeGr+2
bwIDAQAB
-----END PUBLIC KEY-----

2025-05-08 21:33:42,902 - ERROR - WebSocket error: name 'Decimal' is not defined
2025-05-08 21:33:43,784 - ERROR - Ошибка БД: (3572, 'Statement aborted because lock(s) could not be acquired immediately and NOWAIT is set.')
2025-05-08 21:35:27,928 - DEBUG - Using proactor: IocpProactor
2025-05-08 21:35:27,964 - DEBUG - caching sha2: Trying fast path
2025-05-08 21:35:27,964 - DEBUG - caching sha2: Trying full auth...
2025-05-08 21:35:27,964 - DEBUG - -----BEGIN PUBLIC KEY-----
MIIBIjANBgkqhkiG9w0BAQEFAAOCAQ8AMIIBCgKCAQEAho32nDGmqcw9sbhYSLbB
42VfcolqOPklO17ZrwwtBxmfQuoFLvorXJbF0KPIF29XWsWMmEdc+WltEmqeF/90
Z/RvI7Y4nE0UwQty3Ls3qqKXWZrdLzjxN+sumpsimC+Zc+e+FwqvRC7UfyzFxxPi
dIs4zJkDhyfXst37emBWAX6IJtq/nPv17BEOV0lVkaW91MC2zNM7pDyN6hbw40sI
KYrrsEZin7c0aZM+bp2b2tL+QGKgIfGLkHvepEWAi5GJLaKIwm5+j0X55k4ANUgp
pY6vs75NujPLpjdP0xGJNN71KCQ8uxjcsUHUuGZ23uxHrrJvWm1CNvrBUjXeGr+2
bwIDAQAB
-----END PUBLIC KEY-----

2025-05-08 21:35:27,975 - DEBUG - caching sha2: Trying fast path
2025-05-08 21:35:27,975 - DEBUG - caching sha2: Trying full auth...
2025-05-08 21:35:27,975 - DEBUG - -----BEGIN PUBLIC KEY-----
MIIBIjANBgkqhkiG9w0BAQEFAAOCAQ8AMIIBCgKCAQEAho32nDGmqcw9sbhYSLbB
42VfcolqOPklO17ZrwwtBxmfQuoFLvorXJbF0KPIF29XWsWMmEdc+WltEmqeF/90
Z/RvI7Y4nE0UwQty3Ls3qqKXWZrdLzjxN+sumpsimC+Zc+e+FwqvRC7UfyzFxxPi
dIs4zJkDhyfXst37emBWAX6IJtq/nPv17BEOV0lVkaW91MC2zNM7pDyN6hbw40sI
KYrrsEZin7c0aZM+bp2b2tL+QGKgIfGLkHvepEWAi5GJLaKIwm5+j0X55k4ANUgp
pY6vs75NujPLpjdP0xGJNN71KCQ8uxjcsUHUuGZ23uxHrrJvWm1CNvrBUjXeGr+2
bwIDAQAB
-----END PUBLIC KEY-----

2025-05-08 21:35:27,979 - DEBUG - caching sha2: Trying fast path
2025-05-08 21:35:27,980 - DEBUG - caching sha2: Trying full auth...
2025-05-08 21:35:27,980 - DEBUG - -----BEGIN PUBLIC KEY-----
MIIBIjANBgkqhkiG9w0BAQEFAAOCAQ8AMIIBCgKCAQEAho32nDGmqcw9sbhYSLbB
42VfcolqOPklO17ZrwwtBxmfQuoFLvorXJbF0KPIF29XWsWMmEdc+WltEmqeF/90
Z/RvI7Y4nE0UwQty3Ls3qqKXWZrdLzjxN+sumpsimC+Zc+e+FwqvRC7UfyzFxxPi
dIs4zJkDhyfXst37emBWAX6IJtq/nPv17BEOV0lVkaW91MC2zNM7pDyN6hbw40sI
KYrrsEZin7c0aZM+bp2b2tL+QGKgIfGLkHvepEWAi5GJLaKIwm5+j0X55k4ANUgp
pY6vs75NujPLpjdP0xGJNN71KCQ8uxjcsUHUuGZ23uxHrrJvWm1CNvrBUjXeGr+2
bwIDAQAB
-----END PUBLIC KEY-----

2025-05-08 21:35:27,984 - DEBUG - caching sha2: Trying fast path
2025-05-08 21:35:27,985 - DEBUG - caching sha2: Trying full auth...
2025-05-08 21:35:27,985 - DEBUG - -----BEGIN PUBLIC KEY-----
MIIBIjANBgkqhkiG9w0BAQEFAAOCAQ8AMIIBCgKCAQEAho32nDGmqcw9sbhYSLbB
42VfcolqOPklO17ZrwwtBxmfQuoFLvorXJbF0KPIF29XWsWMmEdc+WltEmqeF/90
Z/RvI7Y4nE0UwQty3Ls3qqKXWZrdLzjxN+sumpsimC+Zc+e+FwqvRC7UfyzFxxPi
dIs4zJkDhyfXst37emBWAX6IJtq/nPv17BEOV0lVkaW91MC2zNM7pDyN6hbw40sI
KYrrsEZin7c0aZM+bp2b2tL+QGKgIfGLkHvepEWAi5GJLaKIwm5+j0X55k4ANUgp
pY6vs75NujPLpjdP0xGJNN71KCQ8uxjcsUHUuGZ23uxHrrJvWm1CNvrBUjXeGr+2
bwIDAQAB
-----END PUBLIC KEY-----

2025-05-08 21:35:27,989 - DEBUG - caching sha2: Trying fast path
2025-05-08 21:35:27,989 - DEBUG - caching sha2: Trying full auth...
2025-05-08 21:35:27,989 - DEBUG - -----BEGIN PUBLIC KEY-----
MIIBIjANBgkqhkiG9w0BAQEFAAOCAQ8AMIIBCgKCAQEAho32nDGmqcw9sbhYSLbB
42VfcolqOPklO17ZrwwtBxmfQuoFLvorXJbF0KPIF29XWsWMmEdc+WltEmqeF/90
Z/RvI7Y4nE0UwQty3Ls3qqKXWZrdLzjxN+sumpsimC+Zc+e+FwqvRC7UfyzFxxPi
dIs4zJkDhyfXst37emBWAX6IJtq/nPv17BEOV0lVkaW91MC2zNM7pDyN6hbw40sI
KYrrsEZin7c0aZM+bp2b2tL+QGKgIfGLkHvepEWAi5GJLaKIwm5+j0X55k4ANUgp
pY6vs75NujPLpjdP0xGJNN71KCQ8uxjcsUHUuGZ23uxHrrJvWm1CNvrBUjXeGr+2
bwIDAQAB
-----END PUBLIC KEY-----

2025-05-08 21:35:27,994 - DEBUG - caching sha2: Trying fast path
2025-05-08 21:35:27,994 - DEBUG - caching sha2: Trying full auth...
2025-05-08 21:35:27,994 - DEBUG - -----BEGIN PUBLIC KEY-----
MIIBIjANBgkqhkiG9w0BAQEFAAOCAQ8AMIIBCgKCAQEAho32nDGmqcw9sbhYSLbB
42VfcolqOPklO17ZrwwtBxmfQuoFLvorXJbF0KPIF29XWsWMmEdc+WltEmqeF/90
Z/RvI7Y4nE0UwQty3Ls3qqKXWZrdLzjxN+sumpsimC+Zc+e+FwqvRC7UfyzFxxPi
dIs4zJkDhyfXst37emBWAX6IJtq/nPv17BEOV0lVkaW91MC2zNM7pDyN6hbw40sI
KYrrsEZin7c0aZM+bp2b2tL+QGKgIfGLkHvepEWAi5GJLaKIwm5+j0X55k4ANUgp
pY6vs75NujPLpjdP0xGJNN71KCQ8uxjcsUHUuGZ23uxHrrJvWm1CNvrBUjXeGr+2
bwIDAQAB
-----END PUBLIC KEY-----

2025-05-08 21:35:27,999 - DEBUG - caching sha2: Trying fast path
2025-05-08 21:35:27,999 - DEBUG - caching sha2: Trying full auth...
2025-05-08 21:35:27,999 - DEBUG - -----BEGIN PUBLIC KEY-----
MIIBIjANBgkqhkiG9w0BAQEFAAOCAQ8AMIIBCgKCAQEAho32nDGmqcw9sbhYSLbB
42VfcolqOPklO17ZrwwtBxmfQuoFLvorXJbF0KPIF29XWsWMmEdc+WltEmqeF/90
Z/RvI7Y4nE0UwQty3Ls3qqKXWZrdLzjxN+sumpsimC+Zc+e+FwqvRC7UfyzFxxPi
dIs4zJkDhyfXst37emBWAX6IJtq/nPv17BEOV0lVkaW91MC2zNM7pDyN6hbw40sI
KYrrsEZin7c0aZM+bp2b2tL+QGKgIfGLkHvepEWAi5GJLaKIwm5+j0X55k4ANUgp
pY6vs75NujPLpjdP0xGJNN71KCQ8uxjcsUHUuGZ23uxHrrJvWm1CNvrBUjXeGr+2
bwIDAQAB
-----END PUBLIC KEY-----

2025-05-08 21:35:28,004 - DEBUG - caching sha2: Trying fast path
2025-05-08 21:35:28,004 - DEBUG - caching sha2: Trying full auth...
2025-05-08 21:35:28,004 - DEBUG - -----BEGIN PUBLIC KEY-----
MIIBIjANBgkqhkiG9w0BAQEFAAOCAQ8AMIIBCgKCAQEAho32nDGmqcw9sbhYSLbB
42VfcolqOPklO17ZrwwtBxmfQuoFLvorXJbF0KPIF29XWsWMmEdc+WltEmqeF/90
Z/RvI7Y4nE0UwQty3Ls3qqKXWZrdLzjxN+sumpsimC+Zc+e+FwqvRC7UfyzFxxPi
dIs4zJkDhyfXst37emBWAX6IJtq/nPv17BEOV0lVkaW91MC2zNM7pDyN6hbw40sI
KYrrsEZin7c0aZM+bp2b2tL+QGKgIfGLkHvepEWAi5GJLaKIwm5+j0X55k4ANUgp
pY6vs75NujPLpjdP0xGJNN71KCQ8uxjcsUHUuGZ23uxHrrJvWm1CNvrBUjXeGr+2
bwIDAQAB
-----END PUBLIC KEY-----

2025-05-08 21:35:28,008 - DEBUG - caching sha2: Trying fast path
2025-05-08 21:35:28,008 - DEBUG - caching sha2: Trying full auth...
2025-05-08 21:35:28,009 - DEBUG - -----BEGIN PUBLIC KEY-----
MIIBIjANBgkqhkiG9w0BAQEFAAOCAQ8AMIIBCgKCAQEAho32nDGmqcw9sbhYSLbB
42VfcolqOPklO17ZrwwtBxmfQuoFLvorXJbF0KPIF29XWsWMmEdc+WltEmqeF/90
Z/RvI7Y4nE0UwQty3Ls3qqKXWZrdLzjxN+sumpsimC+Zc+e+FwqvRC7UfyzFxxPi
dIs4zJkDhyfXst37emBWAX6IJtq/nPv17BEOV0lVkaW91MC2zNM7pDyN6hbw40sI
KYrrsEZin7c0aZM+bp2b2tL+QGKgIfGLkHvepEWAi5GJLaKIwm5+j0X55k4ANUgp
pY6vs75NujPLpjdP0xGJNN71KCQ8uxjcsUHUuGZ23uxHrrJvWm1CNvrBUjXeGr+2
bwIDAQAB
-----END PUBLIC KEY-----

2025-05-08 21:35:28,013 - DEBUG - caching sha2: Trying fast path
2025-05-08 21:35:28,014 - DEBUG - caching sha2: Trying full auth...
2025-05-08 21:35:28,014 - DEBUG - -----BEGIN PUBLIC KEY-----
MIIBIjANBgkqhkiG9w0BAQEFAAOCAQ8AMIIBCgKCAQEAho32nDGmqcw9sbhYSLbB
42VfcolqOPklO17ZrwwtBxmfQuoFLvorXJbF0KPIF29XWsWMmEdc+WltEmqeF/90
Z/RvI7Y4nE0UwQty3Ls3qqKXWZrdLzjxN+sumpsimC+Zc+e+FwqvRC7UfyzFxxPi
dIs4zJkDhyfXst37emBWAX6IJtq/nPv17BEOV0lVkaW91MC2zNM7pDyN6hbw40sI
KYrrsEZin7c0aZM+bp2b2tL+QGKgIfGLkHvepEWAi5GJLaKIwm5+j0X55k4ANUgp
pY6vs75NujPLpjdP0xGJNN71KCQ8uxjcsUHUuGZ23uxHrrJvWm1CNvrBUjXeGr+2
bwIDAQAB
-----END PUBLIC KEY-----

2025-05-08 21:35:38,111 - ERROR - WebSocket error: name 'Decimal' is not defined
2025-05-08 21:36:02,564 - ERROR - Critical error: Traceback (most recent call last):
  File "C:\send_to_ptint\send-to-print\project\api\api.py", line 225, in complete_order
    (data.status, order_id)
     ^^^^
NameError: name 'data' is not defined

2025-05-08 21:36:02,565 - ERROR - Critical error: Traceback (most recent call last):
  File "C:\send_to_ptint\send-to-print\project\api\api.py", line 225, in complete_order
    (data.status, order_id)
     ^^^^
NameError: name 'data' is not defined

2025-05-08 21:36:02,566 - ERROR - Critical error: Traceback (most recent call last):
  File "C:\send_to_ptint\send-to-print\project\api\api.py", line 225, in complete_order
    (data.status, order_id)
     ^^^^
NameError: name 'data' is not defined

2025-05-08 21:36:02,567 - ERROR - Critical error: Traceback (most recent call last):
  File "C:\send_to_ptint\send-to-print\project\api\api.py", line 225, in complete_order
    (data.status, order_id)
     ^^^^
NameError: name 'data' is not defined

2025-05-08 21:36:02,568 - ERROR - Critical error: Traceback (most recent call last):
  File "C:\send_to_ptint\send-to-print\project\api\api.py", line 225, in complete_order
    (data.status, order_id)
     ^^^^
NameError: name 'data' is not defined

2025-05-08 21:36:02,579 - ERROR - Ошибка: Traceback (most recent call last):
  File "C:\send_to_ptint\send-to-print\project\api\api.py", line 171, in mark_order_ready
    raise HTTPException(400, detail="Текущий статус не позволяет перевести в 'готов'")
fastapi.exceptions.HTTPException: 400: Текущий статус не позволяет перевести в 'готов'

2025-05-08 21:36:02,579 - ERROR - Ошибка: Traceback (most recent call last):
  File "C:\send_to_ptint\send-to-print\project\api\api.py", line 171, in mark_order_ready
    raise HTTPException(400, detail="Текущий статус не позволяет перевести в 'готов'")
fastapi.exceptions.HTTPException: 400: Текущий статус не позволяет перевести в 'готов'

2025-05-08 21:36:02,580 - ERROR - Ошибка: Traceback (most recent call last):
  File "C:\send_to_ptint\send-to-print\project\api\api.py", line 171, in mark_order_ready
    raise HTTPException(400, detail="Текущий статус не позволяет перевести в 'готов'")
fastapi.exceptions.HTTPException: 400: Текущий статус не позволяет перевести в 'готов'

2025-05-08 21:36:02,581 - ERROR - Ошибка: Traceback (most recent call last):
  File "C:\send_to_ptint\send-to-print\project\api\api.py", line 171, in mark_order_ready
    raise HTTPException(400, detail="Текущий статус не позволяет перевести в 'готов'")
fastapi.exceptions.HTTPException: 400: Текущий статус не позволяет перевести в 'готов'

2025-05-08 21:36:06,639 - ERROR - WebSocket error: [WinError 1225] Удаленный компьютер отклонил это сетевое подключение
2025-05-08 21:36:57,499 - ERROR - WebSocket error: name 'Decimal' is not defined
2025-05-08 21:37:48,882 - ERROR - Critical error: Traceback (most recent call last):
  File "C:\send_to_ptint\send-to-print\project\api\api.py", line 208, in complete_order
    await cursor.execute(
  File "C:\send_to_ptint\.venv\Lib\site-packages\aiomysql\cursors.py", line 239, in execute
    await self._query(query)
  File "C:\send_to_ptint\.venv\Lib\site-packages\aiomysql\cursors.py", line 457, in _query
    await conn.query(q)
  File "C:\send_to_ptint\.venv\Lib\site-packages\aiomysql\connection.py", line 469, in query
    await self._read_query_result(unbuffered=unbuffered)
  File "C:\send_to_ptint\.venv\Lib\site-packages\aiomysql\connection.py", line 683, in _read_query_result
    await result.read()
  File "C:\send_to_ptint\.venv\Lib\site-packages\aiomysql\connection.py", line 1164, in read
    first_packet = await self.connection._read_packet()
                   ^^^^^^^^^^^^^^^^^^^^^^^^^^^^^^^^^^^^
  File "C:\send_to_ptint\.venv\Lib\site-packages\aiomysql\connection.py", line 652, in _read_packet
    packet.raise_for_error()
  File "C:\send_to_ptint\.venv\Lib\site-packages\pymysql\protocol.py", line 219, in raise_for_error
    err.raise_mysql_exception(self._data)
  File "C:\send_to_ptint\.venv\Lib\site-packages\pymysql\err.py", line 150, in raise_mysql_exception
    raise errorclass(errno, errval)
pymysql.err.OperationalError: (1205, 'Lock wait timeout exceeded; try restarting transaction')

During handling of the above exception, another exception occurred:

Traceback (most recent call last):
  File "C:\send_to_ptint\send-to-print\project\api\api.py", line 236, in complete_order
    raise HTTPException(503, detail="Повторите попытку позже")
fastapi.exceptions.HTTPException: 503: Повторите попытку позже

2025-05-08 21:37:58,735 - DEBUG - Calling on_part_begin with no data
2025-05-08 21:37:58,735 - DEBUG - Calling on_header_field with data[36:48]
2025-05-08 21:37:58,735 - DEBUG - Calling on_header_value with data[50:75]
2025-05-08 21:37:58,736 - DEBUG - Calling on_header_end with no data
2025-05-08 21:37:58,736 - DEBUG - Calling on_header_field with data[77:96]
2025-05-08 21:37:58,736 - DEBUG - Calling on_header_value with data[98:123]
2025-05-08 21:37:58,736 - DEBUG - Calling on_header_end with no data
2025-05-08 21:37:58,736 - DEBUG - Calling on_headers_finished with no data
2025-05-08 21:37:58,736 - DEBUG - Calling on_part_data with data[127:128]
2025-05-08 21:37:58,737 - DEBUG - Calling on_part_end with no data
2025-05-08 21:37:58,737 - DEBUG - Calling on_part_begin with no data
2025-05-08 21:37:58,737 - DEBUG - Calling on_header_field with data[166:178]
2025-05-08 21:37:58,737 - DEBUG - Calling on_header_value with data[180:205]
2025-05-08 21:37:58,737 - DEBUG - Calling on_header_end with no data
2025-05-08 21:37:58,737 - DEBUG - Calling on_header_field with data[207:226]
2025-05-08 21:37:58,737 - DEBUG - Calling on_header_value with data[228:251]
2025-05-08 21:37:58,737 - DEBUG - Calling on_header_end with no data
2025-05-08 21:37:58,737 - DEBUG - Calling on_headers_finished with no data
2025-05-08 21:37:58,737 - DEBUG - Calling on_part_data with data[255:259]
2025-05-08 21:37:58,737 - DEBUG - Calling on_part_end with no data
2025-05-08 21:37:58,738 - DEBUG - Calling on_part_begin with no data
2025-05-08 21:37:58,738 - DEBUG - Calling on_header_field with data[297:309]
2025-05-08 21:37:58,738 - DEBUG - Calling on_header_value with data[311:336]
2025-05-08 21:37:58,738 - DEBUG - Calling on_header_end with no data
2025-05-08 21:37:58,738 - DEBUG - Calling on_header_field with data[338:357]
2025-05-08 21:37:58,738 - DEBUG - Calling on_header_value with data[359:382]
2025-05-08 21:37:58,738 - DEBUG - Calling on_header_end with no data
2025-05-08 21:37:58,738 - DEBUG - Calling on_headers_finished with no data
2025-05-08 21:37:58,738 - DEBUG - Calling on_part_data with data[386:387]
2025-05-08 21:37:58,738 - DEBUG - Calling on_part_end with no data
2025-05-08 21:37:58,738 - DEBUG - Calling on_part_begin with no data
2025-05-08 21:37:58,738 - DEBUG - Calling on_header_field with data[425:437]
2025-05-08 21:37:58,739 - DEBUG - Calling on_header_value with data[439:464]
2025-05-08 21:37:58,739 - DEBUG - Calling on_header_end with no data
2025-05-08 21:37:58,739 - DEBUG - Calling on_header_field with data[466:485]
2025-05-08 21:37:58,739 - DEBUG - Calling on_header_value with data[487:510]
2025-05-08 21:37:58,739 - DEBUG - Calling on_header_end with no data
2025-05-08 21:37:58,739 - DEBUG - Calling on_headers_finished with no data
2025-05-08 21:37:58,739 - DEBUG - Calling on_part_data with data[514:535]
2025-05-08 21:37:58,739 - DEBUG - Calling on_part_end with no data
2025-05-08 21:37:58,739 - DEBUG - Calling on_part_begin with no data
2025-05-08 21:37:58,739 - DEBUG - Calling on_header_field with data[573:585]
2025-05-08 21:37:58,739 - DEBUG - Calling on_header_value with data[587:612]
2025-05-08 21:37:58,739 - DEBUG - Calling on_header_end with no data
2025-05-08 21:37:58,740 - DEBUG - Calling on_header_field with data[614:633]
2025-05-08 21:37:58,740 - DEBUG - Calling on_header_value with data[635:660]
2025-05-08 21:37:58,740 - DEBUG - Calling on_header_end with no data
2025-05-08 21:37:58,740 - DEBUG - Calling on_headers_finished with no data
2025-05-08 21:37:58,740 - DEBUG - Calling on_part_data with data[664:674]
2025-05-08 21:37:58,740 - DEBUG - Calling on_part_end with no data
2025-05-08 21:37:58,740 - DEBUG - Calling on_part_begin with no data
2025-05-08 21:37:58,740 - DEBUG - Calling on_header_field with data[712:724]
2025-05-08 21:37:58,740 - DEBUG - Calling on_header_value with data[726:751]
2025-05-08 21:37:58,740 - DEBUG - Calling on_header_end with no data
2025-05-08 21:37:58,740 - DEBUG - Calling on_header_field with data[753:772]
2025-05-08 21:37:58,740 - DEBUG - Calling on_header_value with data[774:796]
2025-05-08 21:37:58,740 - DEBUG - Calling on_header_end with no data
2025-05-08 21:37:58,740 - DEBUG - Calling on_headers_finished with no data
2025-05-08 21:37:58,740 - DEBUG - Calling on_part_data with data[800:802]
2025-05-08 21:37:58,740 - DEBUG - Calling on_part_end with no data
2025-05-08 21:37:58,740 - DEBUG - Calling on_part_begin with no data
2025-05-08 21:37:58,740 - DEBUG - Calling on_header_field with data[840:852]
2025-05-08 21:37:58,740 - DEBUG - Calling on_header_value with data[854:879]
2025-05-08 21:37:58,741 - DEBUG - Calling on_header_end with no data
2025-05-08 21:37:58,741 - DEBUG - Calling on_header_field with data[881:900]
2025-05-08 21:37:58,741 - DEBUG - Calling on_header_value with data[902:934]
2025-05-08 21:37:58,741 - DEBUG - Calling on_header_end with no data
2025-05-08 21:37:58,741 - DEBUG - Calling on_headers_finished with no data
2025-05-08 21:37:58,741 - DEBUG - Calling on_part_data with data[938:942]
2025-05-08 21:37:58,741 - DEBUG - Calling on_part_end with no data
2025-05-08 21:37:58,741 - DEBUG - Calling on_part_begin with no data
2025-05-08 21:37:58,741 - DEBUG - Calling on_header_field with data[980:992]
2025-05-08 21:37:58,741 - DEBUG - Calling on_header_value with data[994:1019]
2025-05-08 21:37:58,741 - DEBUG - Calling on_header_end with no data
2025-05-08 21:37:58,741 - DEBUG - Calling on_header_field with data[1021:1040]
2025-05-08 21:37:58,741 - DEBUG - Calling on_header_value with data[1042:1068]
2025-05-08 21:37:58,741 - DEBUG - Calling on_header_end with no data
2025-05-08 21:37:58,741 - DEBUG - Calling on_headers_finished with no data
2025-05-08 21:37:58,741 - DEBUG - Calling on_part_data with data[1072:1078]
2025-05-08 21:37:58,741 - DEBUG - Calling on_part_end with no data
2025-05-08 21:37:58,741 - DEBUG - Calling on_part_begin with no data
2025-05-08 21:37:58,741 - DEBUG - Calling on_header_field with data[1116:1128]
2025-05-08 21:37:58,741 - DEBUG - Calling on_header_value with data[1130:1154]
2025-05-08 21:37:58,741 - DEBUG - Calling on_header_end with no data
2025-05-08 21:37:58,742 - DEBUG - Calling on_header_field with data[1156:1175]
2025-05-08 21:37:58,742 - DEBUG - Calling on_header_value with data[1177:1301]
2025-05-08 21:37:58,742 - DEBUG - Calling on_header_end with no data
2025-05-08 21:37:58,742 - DEBUG - Calling on_headers_finished with no data
2025-05-08 21:37:58,742 - DEBUG - Calling on_part_data with data[1305:21827]
2025-05-08 21:37:58,742 - DEBUG - Calling on_part_end with no data
2025-05-08 21:37:58,742 - DEBUG - Calling on_end with no data
2025-05-08 21:37:58,747 - ERROR - Critical error: Traceback (most recent call last):
  File "C:\send_to_ptint\send-to-print\project\api\api.py", line 225, in complete_order
    (data.status, order_id)
     ^^^^
NameError: name 'data' is not defined

2025-05-08 21:37:58,748 - ERROR - WebSocket error: name 'Decimal' is not defined
2025-05-08 21:38:55,271 - ERROR - Ошибка БД: (1205, 'Lock wait timeout exceeded; try restarting transaction')
2025-05-08 21:39:04,362 - ERROR - Ошибка БД: (1205, 'Lock wait timeout exceeded; try restarting transaction')
2025-05-08 21:39:05,364 - ERROR - Ошибка БД: (1205, 'Lock wait timeout exceeded; try restarting transaction')
2025-05-08 21:39:21,506 - ERROR - Ошибка БД: (1205, 'Lock wait timeout exceeded; try restarting transaction')
2025-05-08 21:39:21,506 - ERROR - WebSocket error: (1205, 'Lock wait timeout exceeded; try restarting transaction')
2025-05-08 21:39:42,432 - DEBUG - Using proactor: IocpProactor
2025-05-08 21:39:42,466 - DEBUG - caching sha2: Trying fast path
2025-05-08 21:39:42,467 - DEBUG - caching sha2: Trying full auth...
2025-05-08 21:39:42,467 - DEBUG - -----BEGIN PUBLIC KEY-----
MIIBIjANBgkqhkiG9w0BAQEFAAOCAQ8AMIIBCgKCAQEAho32nDGmqcw9sbhYSLbB
42VfcolqOPklO17ZrwwtBxmfQuoFLvorXJbF0KPIF29XWsWMmEdc+WltEmqeF/90
Z/RvI7Y4nE0UwQty3Ls3qqKXWZrdLzjxN+sumpsimC+Zc+e+FwqvRC7UfyzFxxPi
dIs4zJkDhyfXst37emBWAX6IJtq/nPv17BEOV0lVkaW91MC2zNM7pDyN6hbw40sI
KYrrsEZin7c0aZM+bp2b2tL+QGKgIfGLkHvepEWAi5GJLaKIwm5+j0X55k4ANUgp
pY6vs75NujPLpjdP0xGJNN71KCQ8uxjcsUHUuGZ23uxHrrJvWm1CNvrBUjXeGr+2
bwIDAQAB
-----END PUBLIC KEY-----

2025-05-08 21:39:42,477 - DEBUG - caching sha2: Trying fast path
2025-05-08 21:39:42,477 - DEBUG - caching sha2: Trying full auth...
2025-05-08 21:39:42,477 - DEBUG - -----BEGIN PUBLIC KEY-----
MIIBIjANBgkqhkiG9w0BAQEFAAOCAQ8AMIIBCgKCAQEAho32nDGmqcw9sbhYSLbB
42VfcolqOPklO17ZrwwtBxmfQuoFLvorXJbF0KPIF29XWsWMmEdc+WltEmqeF/90
Z/RvI7Y4nE0UwQty3Ls3qqKXWZrdLzjxN+sumpsimC+Zc+e+FwqvRC7UfyzFxxPi
dIs4zJkDhyfXst37emBWAX6IJtq/nPv17BEOV0lVkaW91MC2zNM7pDyN6hbw40sI
KYrrsEZin7c0aZM+bp2b2tL+QGKgIfGLkHvepEWAi5GJLaKIwm5+j0X55k4ANUgp
pY6vs75NujPLpjdP0xGJNN71KCQ8uxjcsUHUuGZ23uxHrrJvWm1CNvrBUjXeGr+2
bwIDAQAB
-----END PUBLIC KEY-----

2025-05-08 21:39:42,482 - DEBUG - caching sha2: Trying fast path
2025-05-08 21:39:42,482 - DEBUG - caching sha2: Trying full auth...
2025-05-08 21:39:42,482 - DEBUG - -----BEGIN PUBLIC KEY-----
MIIBIjANBgkqhkiG9w0BAQEFAAOCAQ8AMIIBCgKCAQEAho32nDGmqcw9sbhYSLbB
42VfcolqOPklO17ZrwwtBxmfQuoFLvorXJbF0KPIF29XWsWMmEdc+WltEmqeF/90
Z/RvI7Y4nE0UwQty3Ls3qqKXWZrdLzjxN+sumpsimC+Zc+e+FwqvRC7UfyzFxxPi
dIs4zJkDhyfXst37emBWAX6IJtq/nPv17BEOV0lVkaW91MC2zNM7pDyN6hbw40sI
KYrrsEZin7c0aZM+bp2b2tL+QGKgIfGLkHvepEWAi5GJLaKIwm5+j0X55k4ANUgp
pY6vs75NujPLpjdP0xGJNN71KCQ8uxjcsUHUuGZ23uxHrrJvWm1CNvrBUjXeGr+2
bwIDAQAB
-----END PUBLIC KEY-----

2025-05-08 21:39:42,486 - DEBUG - caching sha2: Trying fast path
2025-05-08 21:39:42,487 - DEBUG - caching sha2: Trying full auth...
2025-05-08 21:39:42,487 - DEBUG - -----BEGIN PUBLIC KEY-----
MIIBIjANBgkqhkiG9w0BAQEFAAOCAQ8AMIIBCgKCAQEAho32nDGmqcw9sbhYSLbB
42VfcolqOPklO17ZrwwtBxmfQuoFLvorXJbF0KPIF29XWsWMmEdc+WltEmqeF/90
Z/RvI7Y4nE0UwQty3Ls3qqKXWZrdLzjxN+sumpsimC+Zc+e+FwqvRC7UfyzFxxPi
dIs4zJkDhyfXst37emBWAX6IJtq/nPv17BEOV0lVkaW91MC2zNM7pDyN6hbw40sI
KYrrsEZin7c0aZM+bp2b2tL+QGKgIfGLkHvepEWAi5GJLaKIwm5+j0X55k4ANUgp
pY6vs75NujPLpjdP0xGJNN71KCQ8uxjcsUHUuGZ23uxHrrJvWm1CNvrBUjXeGr+2
bwIDAQAB
-----END PUBLIC KEY-----

2025-05-08 21:39:42,491 - DEBUG - caching sha2: Trying fast path
2025-05-08 21:39:42,491 - DEBUG - caching sha2: Trying full auth...
2025-05-08 21:39:42,491 - DEBUG - -----BEGIN PUBLIC KEY-----
MIIBIjANBgkqhkiG9w0BAQEFAAOCAQ8AMIIBCgKCAQEAho32nDGmqcw9sbhYSLbB
42VfcolqOPklO17ZrwwtBxmfQuoFLvorXJbF0KPIF29XWsWMmEdc+WltEmqeF/90
Z/RvI7Y4nE0UwQty3Ls3qqKXWZrdLzjxN+sumpsimC+Zc+e+FwqvRC7UfyzFxxPi
dIs4zJkDhyfXst37emBWAX6IJtq/nPv17BEOV0lVkaW91MC2zNM7pDyN6hbw40sI
KYrrsEZin7c0aZM+bp2b2tL+QGKgIfGLkHvepEWAi5GJLaKIwm5+j0X55k4ANUgp
pY6vs75NujPLpjdP0xGJNN71KCQ8uxjcsUHUuGZ23uxHrrJvWm1CNvrBUjXeGr+2
bwIDAQAB
-----END PUBLIC KEY-----

2025-05-08 21:39:42,496 - DEBUG - caching sha2: Trying fast path
2025-05-08 21:39:42,496 - DEBUG - caching sha2: Trying full auth...
2025-05-08 21:39:42,496 - DEBUG - -----BEGIN PUBLIC KEY-----
MIIBIjANBgkqhkiG9w0BAQEFAAOCAQ8AMIIBCgKCAQEAho32nDGmqcw9sbhYSLbB
42VfcolqOPklO17ZrwwtBxmfQuoFLvorXJbF0KPIF29XWsWMmEdc+WltEmqeF/90
Z/RvI7Y4nE0UwQty3Ls3qqKXWZrdLzjxN+sumpsimC+Zc+e+FwqvRC7UfyzFxxPi
dIs4zJkDhyfXst37emBWAX6IJtq/nPv17BEOV0lVkaW91MC2zNM7pDyN6hbw40sI
KYrrsEZin7c0aZM+bp2b2tL+QGKgIfGLkHvepEWAi5GJLaKIwm5+j0X55k4ANUgp
pY6vs75NujPLpjdP0xGJNN71KCQ8uxjcsUHUuGZ23uxHrrJvWm1CNvrBUjXeGr+2
bwIDAQAB
-----END PUBLIC KEY-----

2025-05-08 21:39:42,500 - DEBUG - caching sha2: Trying fast path
2025-05-08 21:39:42,500 - DEBUG - caching sha2: Trying full auth...
2025-05-08 21:39:42,501 - DEBUG - -----BEGIN PUBLIC KEY-----
MIIBIjANBgkqhkiG9w0BAQEFAAOCAQ8AMIIBCgKCAQEAho32nDGmqcw9sbhYSLbB
42VfcolqOPklO17ZrwwtBxmfQuoFLvorXJbF0KPIF29XWsWMmEdc+WltEmqeF/90
Z/RvI7Y4nE0UwQty3Ls3qqKXWZrdLzjxN+sumpsimC+Zc+e+FwqvRC7UfyzFxxPi
dIs4zJkDhyfXst37emBWAX6IJtq/nPv17BEOV0lVkaW91MC2zNM7pDyN6hbw40sI
KYrrsEZin7c0aZM+bp2b2tL+QGKgIfGLkHvepEWAi5GJLaKIwm5+j0X55k4ANUgp
pY6vs75NujPLpjdP0xGJNN71KCQ8uxjcsUHUuGZ23uxHrrJvWm1CNvrBUjXeGr+2
bwIDAQAB
-----END PUBLIC KEY-----

2025-05-08 21:39:42,505 - DEBUG - caching sha2: Trying fast path
2025-05-08 21:39:42,505 - DEBUG - caching sha2: Trying full auth...
2025-05-08 21:39:42,505 - DEBUG - -----BEGIN PUBLIC KEY-----
MIIBIjANBgkqhkiG9w0BAQEFAAOCAQ8AMIIBCgKCAQEAho32nDGmqcw9sbhYSLbB
42VfcolqOPklO17ZrwwtBxmfQuoFLvorXJbF0KPIF29XWsWMmEdc+WltEmqeF/90
Z/RvI7Y4nE0UwQty3Ls3qqKXWZrdLzjxN+sumpsimC+Zc+e+FwqvRC7UfyzFxxPi
dIs4zJkDhyfXst37emBWAX6IJtq/nPv17BEOV0lVkaW91MC2zNM7pDyN6hbw40sI
KYrrsEZin7c0aZM+bp2b2tL+QGKgIfGLkHvepEWAi5GJLaKIwm5+j0X55k4ANUgp
pY6vs75NujPLpjdP0xGJNN71KCQ8uxjcsUHUuGZ23uxHrrJvWm1CNvrBUjXeGr+2
bwIDAQAB
-----END PUBLIC KEY-----

2025-05-08 21:39:42,510 - DEBUG - caching sha2: Trying fast path
2025-05-08 21:39:42,510 - DEBUG - caching sha2: Trying full auth...
2025-05-08 21:39:42,510 - DEBUG - -----BEGIN PUBLIC KEY-----
MIIBIjANBgkqhkiG9w0BAQEFAAOCAQ8AMIIBCgKCAQEAho32nDGmqcw9sbhYSLbB
42VfcolqOPklO17ZrwwtBxmfQuoFLvorXJbF0KPIF29XWsWMmEdc+WltEmqeF/90
Z/RvI7Y4nE0UwQty3Ls3qqKXWZrdLzjxN+sumpsimC+Zc+e+FwqvRC7UfyzFxxPi
dIs4zJkDhyfXst37emBWAX6IJtq/nPv17BEOV0lVkaW91MC2zNM7pDyN6hbw40sI
KYrrsEZin7c0aZM+bp2b2tL+QGKgIfGLkHvepEWAi5GJLaKIwm5+j0X55k4ANUgp
pY6vs75NujPLpjdP0xGJNN71KCQ8uxjcsUHUuGZ23uxHrrJvWm1CNvrBUjXeGr+2
bwIDAQAB
-----END PUBLIC KEY-----

2025-05-08 21:39:42,515 - DEBUG - caching sha2: Trying fast path
2025-05-08 21:39:42,516 - DEBUG - caching sha2: Trying full auth...
2025-05-08 21:39:42,516 - DEBUG - -----BEGIN PUBLIC KEY-----
MIIBIjANBgkqhkiG9w0BAQEFAAOCAQ8AMIIBCgKCAQEAho32nDGmqcw9sbhYSLbB
42VfcolqOPklO17ZrwwtBxmfQuoFLvorXJbF0KPIF29XWsWMmEdc+WltEmqeF/90
Z/RvI7Y4nE0UwQty3Ls3qqKXWZrdLzjxN+sumpsimC+Zc+e+FwqvRC7UfyzFxxPi
dIs4zJkDhyfXst37emBWAX6IJtq/nPv17BEOV0lVkaW91MC2zNM7pDyN6hbw40sI
KYrrsEZin7c0aZM+bp2b2tL+QGKgIfGLkHvepEWAi5GJLaKIwm5+j0X55k4ANUgp
pY6vs75NujPLpjdP0xGJNN71KCQ8uxjcsUHUuGZ23uxHrrJvWm1CNvrBUjXeGr+2
bwIDAQAB
-----END PUBLIC KEY-----

2025-05-08 21:39:52,488 - ERROR - WebSocket error: name 'Decimal' is not defined
2025-05-08 21:40:43,453 - ERROR - Ошибка БД: (1205, 'Lock wait timeout exceeded; try restarting transaction')
2025-05-08 21:40:59,379 - DEBUG - Using proactor: IocpProactor
2025-05-08 21:40:59,414 - DEBUG - caching sha2: Trying fast path
2025-05-08 21:40:59,414 - DEBUG - caching sha2: Trying full auth...
2025-05-08 21:40:59,414 - DEBUG - -----BEGIN PUBLIC KEY-----
MIIBIjANBgkqhkiG9w0BAQEFAAOCAQ8AMIIBCgKCAQEAho32nDGmqcw9sbhYSLbB
42VfcolqOPklO17ZrwwtBxmfQuoFLvorXJbF0KPIF29XWsWMmEdc+WltEmqeF/90
Z/RvI7Y4nE0UwQty3Ls3qqKXWZrdLzjxN+sumpsimC+Zc+e+FwqvRC7UfyzFxxPi
dIs4zJkDhyfXst37emBWAX6IJtq/nPv17BEOV0lVkaW91MC2zNM7pDyN6hbw40sI
KYrrsEZin7c0aZM+bp2b2tL+QGKgIfGLkHvepEWAi5GJLaKIwm5+j0X55k4ANUgp
pY6vs75NujPLpjdP0xGJNN71KCQ8uxjcsUHUuGZ23uxHrrJvWm1CNvrBUjXeGr+2
bwIDAQAB
-----END PUBLIC KEY-----

2025-05-08 21:40:59,424 - DEBUG - caching sha2: Trying fast path
2025-05-08 21:40:59,424 - DEBUG - caching sha2: Trying full auth...
2025-05-08 21:40:59,424 - DEBUG - -----BEGIN PUBLIC KEY-----
MIIBIjANBgkqhkiG9w0BAQEFAAOCAQ8AMIIBCgKCAQEAho32nDGmqcw9sbhYSLbB
42VfcolqOPklO17ZrwwtBxmfQuoFLvorXJbF0KPIF29XWsWMmEdc+WltEmqeF/90
Z/RvI7Y4nE0UwQty3Ls3qqKXWZrdLzjxN+sumpsimC+Zc+e+FwqvRC7UfyzFxxPi
dIs4zJkDhyfXst37emBWAX6IJtq/nPv17BEOV0lVkaW91MC2zNM7pDyN6hbw40sI
KYrrsEZin7c0aZM+bp2b2tL+QGKgIfGLkHvepEWAi5GJLaKIwm5+j0X55k4ANUgp
pY6vs75NujPLpjdP0xGJNN71KCQ8uxjcsUHUuGZ23uxHrrJvWm1CNvrBUjXeGr+2
bwIDAQAB
-----END PUBLIC KEY-----

2025-05-08 21:40:59,428 - DEBUG - caching sha2: Trying fast path
2025-05-08 21:40:59,428 - DEBUG - caching sha2: Trying full auth...
2025-05-08 21:40:59,429 - DEBUG - -----BEGIN PUBLIC KEY-----
MIIBIjANBgkqhkiG9w0BAQEFAAOCAQ8AMIIBCgKCAQEAho32nDGmqcw9sbhYSLbB
42VfcolqOPklO17ZrwwtBxmfQuoFLvorXJbF0KPIF29XWsWMmEdc+WltEmqeF/90
Z/RvI7Y4nE0UwQty3Ls3qqKXWZrdLzjxN+sumpsimC+Zc+e+FwqvRC7UfyzFxxPi
dIs4zJkDhyfXst37emBWAX6IJtq/nPv17BEOV0lVkaW91MC2zNM7pDyN6hbw40sI
KYrrsEZin7c0aZM+bp2b2tL+QGKgIfGLkHvepEWAi5GJLaKIwm5+j0X55k4ANUgp
pY6vs75NujPLpjdP0xGJNN71KCQ8uxjcsUHUuGZ23uxHrrJvWm1CNvrBUjXeGr+2
bwIDAQAB
-----END PUBLIC KEY-----

2025-05-08 21:40:59,434 - DEBUG - caching sha2: Trying fast path
2025-05-08 21:40:59,434 - DEBUG - caching sha2: Trying full auth...
2025-05-08 21:40:59,434 - DEBUG - -----BEGIN PUBLIC KEY-----
MIIBIjANBgkqhkiG9w0BAQEFAAOCAQ8AMIIBCgKCAQEAho32nDGmqcw9sbhYSLbB
42VfcolqOPklO17ZrwwtBxmfQuoFLvorXJbF0KPIF29XWsWMmEdc+WltEmqeF/90
Z/RvI7Y4nE0UwQty3Ls3qqKXWZrdLzjxN+sumpsimC+Zc+e+FwqvRC7UfyzFxxPi
dIs4zJkDhyfXst37emBWAX6IJtq/nPv17BEOV0lVkaW91MC2zNM7pDyN6hbw40sI
KYrrsEZin7c0aZM+bp2b2tL+QGKgIfGLkHvepEWAi5GJLaKIwm5+j0X55k4ANUgp
pY6vs75NujPLpjdP0xGJNN71KCQ8uxjcsUHUuGZ23uxHrrJvWm1CNvrBUjXeGr+2
bwIDAQAB
-----END PUBLIC KEY-----

2025-05-08 21:40:59,438 - DEBUG - caching sha2: Trying fast path
2025-05-08 21:40:59,438 - DEBUG - caching sha2: Trying full auth...
2025-05-08 21:40:59,439 - DEBUG - -----BEGIN PUBLIC KEY-----
MIIBIjANBgkqhkiG9w0BAQEFAAOCAQ8AMIIBCgKCAQEAho32nDGmqcw9sbhYSLbB
42VfcolqOPklO17ZrwwtBxmfQuoFLvorXJbF0KPIF29XWsWMmEdc+WltEmqeF/90
Z/RvI7Y4nE0UwQty3Ls3qqKXWZrdLzjxN+sumpsimC+Zc+e+FwqvRC7UfyzFxxPi
dIs4zJkDhyfXst37emBWAX6IJtq/nPv17BEOV0lVkaW91MC2zNM7pDyN6hbw40sI
KYrrsEZin7c0aZM+bp2b2tL+QGKgIfGLkHvepEWAi5GJLaKIwm5+j0X55k4ANUgp
pY6vs75NujPLpjdP0xGJNN71KCQ8uxjcsUHUuGZ23uxHrrJvWm1CNvrBUjXeGr+2
bwIDAQAB
-----END PUBLIC KEY-----

2025-05-08 21:40:59,443 - DEBUG - caching sha2: Trying fast path
2025-05-08 21:40:59,444 - DEBUG - caching sha2: Trying full auth...
2025-05-08 21:40:59,444 - DEBUG - -----BEGIN PUBLIC KEY-----
MIIBIjANBgkqhkiG9w0BAQEFAAOCAQ8AMIIBCgKCAQEAho32nDGmqcw9sbhYSLbB
42VfcolqOPklO17ZrwwtBxmfQuoFLvorXJbF0KPIF29XWsWMmEdc+WltEmqeF/90
Z/RvI7Y4nE0UwQty3Ls3qqKXWZrdLzjxN+sumpsimC+Zc+e+FwqvRC7UfyzFxxPi
dIs4zJkDhyfXst37emBWAX6IJtq/nPv17BEOV0lVkaW91MC2zNM7pDyN6hbw40sI
KYrrsEZin7c0aZM+bp2b2tL+QGKgIfGLkHvepEWAi5GJLaKIwm5+j0X55k4ANUgp
pY6vs75NujPLpjdP0xGJNN71KCQ8uxjcsUHUuGZ23uxHrrJvWm1CNvrBUjXeGr+2
bwIDAQAB
-----END PUBLIC KEY-----

2025-05-08 21:40:59,448 - DEBUG - caching sha2: Trying fast path
2025-05-08 21:40:59,448 - DEBUG - caching sha2: Trying full auth...
2025-05-08 21:40:59,449 - DEBUG - -----BEGIN PUBLIC KEY-----
MIIBIjANBgkqhkiG9w0BAQEFAAOCAQ8AMIIBCgKCAQEAho32nDGmqcw9sbhYSLbB
42VfcolqOPklO17ZrwwtBxmfQuoFLvorXJbF0KPIF29XWsWMmEdc+WltEmqeF/90
Z/RvI7Y4nE0UwQty3Ls3qqKXWZrdLzjxN+sumpsimC+Zc+e+FwqvRC7UfyzFxxPi
dIs4zJkDhyfXst37emBWAX6IJtq/nPv17BEOV0lVkaW91MC2zNM7pDyN6hbw40sI
KYrrsEZin7c0aZM+bp2b2tL+QGKgIfGLkHvepEWAi5GJLaKIwm5+j0X55k4ANUgp
pY6vs75NujPLpjdP0xGJNN71KCQ8uxjcsUHUuGZ23uxHrrJvWm1CNvrBUjXeGr+2
bwIDAQAB
-----END PUBLIC KEY-----

2025-05-08 21:40:59,453 - DEBUG - caching sha2: Trying fast path
2025-05-08 21:40:59,453 - DEBUG - caching sha2: Trying full auth...
2025-05-08 21:40:59,453 - DEBUG - -----BEGIN PUBLIC KEY-----
MIIBIjANBgkqhkiG9w0BAQEFAAOCAQ8AMIIBCgKCAQEAho32nDGmqcw9sbhYSLbB
42VfcolqOPklO17ZrwwtBxmfQuoFLvorXJbF0KPIF29XWsWMmEdc+WltEmqeF/90
Z/RvI7Y4nE0UwQty3Ls3qqKXWZrdLzjxN+sumpsimC+Zc+e+FwqvRC7UfyzFxxPi
dIs4zJkDhyfXst37emBWAX6IJtq/nPv17BEOV0lVkaW91MC2zNM7pDyN6hbw40sI
KYrrsEZin7c0aZM+bp2b2tL+QGKgIfGLkHvepEWAi5GJLaKIwm5+j0X55k4ANUgp
pY6vs75NujPLpjdP0xGJNN71KCQ8uxjcsUHUuGZ23uxHrrJvWm1CNvrBUjXeGr+2
bwIDAQAB
-----END PUBLIC KEY-----

2025-05-08 21:40:59,458 - DEBUG - caching sha2: Trying fast path
2025-05-08 21:40:59,458 - DEBUG - caching sha2: Trying full auth...
2025-05-08 21:40:59,458 - DEBUG - -----BEGIN PUBLIC KEY-----
MIIBIjANBgkqhkiG9w0BAQEFAAOCAQ8AMIIBCgKCAQEAho32nDGmqcw9sbhYSLbB
42VfcolqOPklO17ZrwwtBxmfQuoFLvorXJbF0KPIF29XWsWMmEdc+WltEmqeF/90
Z/RvI7Y4nE0UwQty3Ls3qqKXWZrdLzjxN+sumpsimC+Zc+e+FwqvRC7UfyzFxxPi
dIs4zJkDhyfXst37emBWAX6IJtq/nPv17BEOV0lVkaW91MC2zNM7pDyN6hbw40sI
KYrrsEZin7c0aZM+bp2b2tL+QGKgIfGLkHvepEWAi5GJLaKIwm5+j0X55k4ANUgp
pY6vs75NujPLpjdP0xGJNN71KCQ8uxjcsUHUuGZ23uxHrrJvWm1CNvrBUjXeGr+2
bwIDAQAB
-----END PUBLIC KEY-----

2025-05-08 21:40:59,464 - DEBUG - caching sha2: Trying fast path
2025-05-08 21:40:59,464 - DEBUG - caching sha2: Trying full auth...
2025-05-08 21:40:59,464 - DEBUG - -----BEGIN PUBLIC KEY-----
MIIBIjANBgkqhkiG9w0BAQEFAAOCAQ8AMIIBCgKCAQEAho32nDGmqcw9sbhYSLbB
42VfcolqOPklO17ZrwwtBxmfQuoFLvorXJbF0KPIF29XWsWMmEdc+WltEmqeF/90
Z/RvI7Y4nE0UwQty3Ls3qqKXWZrdLzjxN+sumpsimC+Zc+e+FwqvRC7UfyzFxxPi
dIs4zJkDhyfXst37emBWAX6IJtq/nPv17BEOV0lVkaW91MC2zNM7pDyN6hbw40sI
KYrrsEZin7c0aZM+bp2b2tL+QGKgIfGLkHvepEWAi5GJLaKIwm5+j0X55k4ANUgp
pY6vs75NujPLpjdP0xGJNN71KCQ8uxjcsUHUuGZ23uxHrrJvWm1CNvrBUjXeGr+2
bwIDAQAB
-----END PUBLIC KEY-----

2025-05-08 21:41:11,578 - ERROR - WebSocket error: name 'Decimal' is not defined
2025-05-08 21:42:32,772 - DEBUG - caching sha2: Trying fast path
2025-05-08 21:42:32,773 - DEBUG - caching sha2: Trying full auth...
2025-05-08 21:42:32,773 - DEBUG - -----BEGIN PUBLIC KEY-----
MIIBIjANBgkqhkiG9w0BAQEFAAOCAQ8AMIIBCgKCAQEAho32nDGmqcw9sbhYSLbB
42VfcolqOPklO17ZrwwtBxmfQuoFLvorXJbF0KPIF29XWsWMmEdc+WltEmqeF/90
Z/RvI7Y4nE0UwQty3Ls3qqKXWZrdLzjxN+sumpsimC+Zc+e+FwqvRC7UfyzFxxPi
dIs4zJkDhyfXst37emBWAX6IJtq/nPv17BEOV0lVkaW91MC2zNM7pDyN6hbw40sI
KYrrsEZin7c0aZM+bp2b2tL+QGKgIfGLkHvepEWAi5GJLaKIwm5+j0X55k4ANUgp
pY6vs75NujPLpjdP0xGJNN71KCQ8uxjcsUHUuGZ23uxHrrJvWm1CNvrBUjXeGr+2
bwIDAQAB
-----END PUBLIC KEY-----

2025-05-08 21:44:43,237 - DEBUG - Using proactor: IocpProactor
2025-05-08 21:44:43,270 - DEBUG - caching sha2: Trying fast path
2025-05-08 21:44:43,271 - DEBUG - caching sha2: Trying full auth...
2025-05-08 21:44:43,271 - DEBUG - -----BEGIN PUBLIC KEY-----
MIIBIjANBgkqhkiG9w0BAQEFAAOCAQ8AMIIBCgKCAQEAho32nDGmqcw9sbhYSLbB
42VfcolqOPklO17ZrwwtBxmfQuoFLvorXJbF0KPIF29XWsWMmEdc+WltEmqeF/90
Z/RvI7Y4nE0UwQty3Ls3qqKXWZrdLzjxN+sumpsimC+Zc+e+FwqvRC7UfyzFxxPi
dIs4zJkDhyfXst37emBWAX6IJtq/nPv17BEOV0lVkaW91MC2zNM7pDyN6hbw40sI
KYrrsEZin7c0aZM+bp2b2tL+QGKgIfGLkHvepEWAi5GJLaKIwm5+j0X55k4ANUgp
pY6vs75NujPLpjdP0xGJNN71KCQ8uxjcsUHUuGZ23uxHrrJvWm1CNvrBUjXeGr+2
bwIDAQAB
-----END PUBLIC KEY-----

2025-05-08 21:44:43,281 - DEBUG - caching sha2: Trying fast path
2025-05-08 21:44:43,282 - DEBUG - caching sha2: Trying full auth...
2025-05-08 21:44:43,282 - DEBUG - -----BEGIN PUBLIC KEY-----
MIIBIjANBgkqhkiG9w0BAQEFAAOCAQ8AMIIBCgKCAQEAho32nDGmqcw9sbhYSLbB
42VfcolqOPklO17ZrwwtBxmfQuoFLvorXJbF0KPIF29XWsWMmEdc+WltEmqeF/90
Z/RvI7Y4nE0UwQty3Ls3qqKXWZrdLzjxN+sumpsimC+Zc+e+FwqvRC7UfyzFxxPi
dIs4zJkDhyfXst37emBWAX6IJtq/nPv17BEOV0lVkaW91MC2zNM7pDyN6hbw40sI
KYrrsEZin7c0aZM+bp2b2tL+QGKgIfGLkHvepEWAi5GJLaKIwm5+j0X55k4ANUgp
pY6vs75NujPLpjdP0xGJNN71KCQ8uxjcsUHUuGZ23uxHrrJvWm1CNvrBUjXeGr+2
bwIDAQAB
-----END PUBLIC KEY-----

2025-05-08 21:44:43,286 - DEBUG - caching sha2: Trying fast path
2025-05-08 21:44:43,286 - DEBUG - caching sha2: Trying full auth...
2025-05-08 21:44:43,286 - DEBUG - -----BEGIN PUBLIC KEY-----
MIIBIjANBgkqhkiG9w0BAQEFAAOCAQ8AMIIBCgKCAQEAho32nDGmqcw9sbhYSLbB
42VfcolqOPklO17ZrwwtBxmfQuoFLvorXJbF0KPIF29XWsWMmEdc+WltEmqeF/90
Z/RvI7Y4nE0UwQty3Ls3qqKXWZrdLzjxN+sumpsimC+Zc+e+FwqvRC7UfyzFxxPi
dIs4zJkDhyfXst37emBWAX6IJtq/nPv17BEOV0lVkaW91MC2zNM7pDyN6hbw40sI
KYrrsEZin7c0aZM+bp2b2tL+QGKgIfGLkHvepEWAi5GJLaKIwm5+j0X55k4ANUgp
pY6vs75NujPLpjdP0xGJNN71KCQ8uxjcsUHUuGZ23uxHrrJvWm1CNvrBUjXeGr+2
bwIDAQAB
-----END PUBLIC KEY-----

2025-05-08 21:44:43,291 - DEBUG - caching sha2: Trying fast path
2025-05-08 21:44:43,291 - DEBUG - caching sha2: Trying full auth...
2025-05-08 21:44:43,291 - DEBUG - -----BEGIN PUBLIC KEY-----
MIIBIjANBgkqhkiG9w0BAQEFAAOCAQ8AMIIBCgKCAQEAho32nDGmqcw9sbhYSLbB
42VfcolqOPklO17ZrwwtBxmfQuoFLvorXJbF0KPIF29XWsWMmEdc+WltEmqeF/90
Z/RvI7Y4nE0UwQty3Ls3qqKXWZrdLzjxN+sumpsimC+Zc+e+FwqvRC7UfyzFxxPi
dIs4zJkDhyfXst37emBWAX6IJtq/nPv17BEOV0lVkaW91MC2zNM7pDyN6hbw40sI
KYrrsEZin7c0aZM+bp2b2tL+QGKgIfGLkHvepEWAi5GJLaKIwm5+j0X55k4ANUgp
pY6vs75NujPLpjdP0xGJNN71KCQ8uxjcsUHUuGZ23uxHrrJvWm1CNvrBUjXeGr+2
bwIDAQAB
-----END PUBLIC KEY-----

2025-05-08 21:44:43,295 - DEBUG - caching sha2: Trying fast path
2025-05-08 21:44:43,295 - DEBUG - caching sha2: Trying full auth...
2025-05-08 21:44:43,296 - DEBUG - -----BEGIN PUBLIC KEY-----
MIIBIjANBgkqhkiG9w0BAQEFAAOCAQ8AMIIBCgKCAQEAho32nDGmqcw9sbhYSLbB
42VfcolqOPklO17ZrwwtBxmfQuoFLvorXJbF0KPIF29XWsWMmEdc+WltEmqeF/90
Z/RvI7Y4nE0UwQty3Ls3qqKXWZrdLzjxN+sumpsimC+Zc+e+FwqvRC7UfyzFxxPi
dIs4zJkDhyfXst37emBWAX6IJtq/nPv17BEOV0lVkaW91MC2zNM7pDyN6hbw40sI
KYrrsEZin7c0aZM+bp2b2tL+QGKgIfGLkHvepEWAi5GJLaKIwm5+j0X55k4ANUgp
pY6vs75NujPLpjdP0xGJNN71KCQ8uxjcsUHUuGZ23uxHrrJvWm1CNvrBUjXeGr+2
bwIDAQAB
-----END PUBLIC KEY-----

2025-05-08 21:44:43,300 - DEBUG - caching sha2: Trying fast path
2025-05-08 21:44:43,300 - DEBUG - caching sha2: Trying full auth...
2025-05-08 21:44:43,300 - DEBUG - -----BEGIN PUBLIC KEY-----
MIIBIjANBgkqhkiG9w0BAQEFAAOCAQ8AMIIBCgKCAQEAho32nDGmqcw9sbhYSLbB
42VfcolqOPklO17ZrwwtBxmfQuoFLvorXJbF0KPIF29XWsWMmEdc+WltEmqeF/90
Z/RvI7Y4nE0UwQty3Ls3qqKXWZrdLzjxN+sumpsimC+Zc+e+FwqvRC7UfyzFxxPi
dIs4zJkDhyfXst37emBWAX6IJtq/nPv17BEOV0lVkaW91MC2zNM7pDyN6hbw40sI
KYrrsEZin7c0aZM+bp2b2tL+QGKgIfGLkHvepEWAi5GJLaKIwm5+j0X55k4ANUgp
pY6vs75NujPLpjdP0xGJNN71KCQ8uxjcsUHUuGZ23uxHrrJvWm1CNvrBUjXeGr+2
bwIDAQAB
-----END PUBLIC KEY-----

2025-05-08 21:44:43,304 - DEBUG - caching sha2: Trying fast path
2025-05-08 21:44:43,305 - DEBUG - caching sha2: Trying full auth...
2025-05-08 21:44:43,305 - DEBUG - -----BEGIN PUBLIC KEY-----
MIIBIjANBgkqhkiG9w0BAQEFAAOCAQ8AMIIBCgKCAQEAho32nDGmqcw9sbhYSLbB
42VfcolqOPklO17ZrwwtBxmfQuoFLvorXJbF0KPIF29XWsWMmEdc+WltEmqeF/90
Z/RvI7Y4nE0UwQty3Ls3qqKXWZrdLzjxN+sumpsimC+Zc+e+FwqvRC7UfyzFxxPi
dIs4zJkDhyfXst37emBWAX6IJtq/nPv17BEOV0lVkaW91MC2zNM7pDyN6hbw40sI
KYrrsEZin7c0aZM+bp2b2tL+QGKgIfGLkHvepEWAi5GJLaKIwm5+j0X55k4ANUgp
pY6vs75NujPLpjdP0xGJNN71KCQ8uxjcsUHUuGZ23uxHrrJvWm1CNvrBUjXeGr+2
bwIDAQAB
-----END PUBLIC KEY-----

2025-05-08 21:44:43,309 - DEBUG - caching sha2: Trying fast path
2025-05-08 21:44:43,309 - DEBUG - caching sha2: Trying full auth...
2025-05-08 21:44:43,309 - DEBUG - -----BEGIN PUBLIC KEY-----
MIIBIjANBgkqhkiG9w0BAQEFAAOCAQ8AMIIBCgKCAQEAho32nDGmqcw9sbhYSLbB
42VfcolqOPklO17ZrwwtBxmfQuoFLvorXJbF0KPIF29XWsWMmEdc+WltEmqeF/90
Z/RvI7Y4nE0UwQty3Ls3qqKXWZrdLzjxN+sumpsimC+Zc+e+FwqvRC7UfyzFxxPi
dIs4zJkDhyfXst37emBWAX6IJtq/nPv17BEOV0lVkaW91MC2zNM7pDyN6hbw40sI
KYrrsEZin7c0aZM+bp2b2tL+QGKgIfGLkHvepEWAi5GJLaKIwm5+j0X55k4ANUgp
pY6vs75NujPLpjdP0xGJNN71KCQ8uxjcsUHUuGZ23uxHrrJvWm1CNvrBUjXeGr+2
bwIDAQAB
-----END PUBLIC KEY-----

2025-05-08 21:44:43,314 - DEBUG - caching sha2: Trying fast path
2025-05-08 21:44:43,314 - DEBUG - caching sha2: Trying full auth...
2025-05-08 21:44:43,314 - DEBUG - -----BEGIN PUBLIC KEY-----
MIIBIjANBgkqhkiG9w0BAQEFAAOCAQ8AMIIBCgKCAQEAho32nDGmqcw9sbhYSLbB
42VfcolqOPklO17ZrwwtBxmfQuoFLvorXJbF0KPIF29XWsWMmEdc+WltEmqeF/90
Z/RvI7Y4nE0UwQty3Ls3qqKXWZrdLzjxN+sumpsimC+Zc+e+FwqvRC7UfyzFxxPi
dIs4zJkDhyfXst37emBWAX6IJtq/nPv17BEOV0lVkaW91MC2zNM7pDyN6hbw40sI
KYrrsEZin7c0aZM+bp2b2tL+QGKgIfGLkHvepEWAi5GJLaKIwm5+j0X55k4ANUgp
pY6vs75NujPLpjdP0xGJNN71KCQ8uxjcsUHUuGZ23uxHrrJvWm1CNvrBUjXeGr+2
bwIDAQAB
-----END PUBLIC KEY-----

2025-05-08 21:44:43,319 - DEBUG - caching sha2: Trying fast path
2025-05-08 21:44:43,319 - DEBUG - caching sha2: Trying full auth...
2025-05-08 21:44:43,319 - DEBUG - -----BEGIN PUBLIC KEY-----
MIIBIjANBgkqhkiG9w0BAQEFAAOCAQ8AMIIBCgKCAQEAho32nDGmqcw9sbhYSLbB
42VfcolqOPklO17ZrwwtBxmfQuoFLvorXJbF0KPIF29XWsWMmEdc+WltEmqeF/90
Z/RvI7Y4nE0UwQty3Ls3qqKXWZrdLzjxN+sumpsimC+Zc+e+FwqvRC7UfyzFxxPi
dIs4zJkDhyfXst37emBWAX6IJtq/nPv17BEOV0lVkaW91MC2zNM7pDyN6hbw40sI
KYrrsEZin7c0aZM+bp2b2tL+QGKgIfGLkHvepEWAi5GJLaKIwm5+j0X55k4ANUgp
pY6vs75NujPLpjdP0xGJNN71KCQ8uxjcsUHUuGZ23uxHrrJvWm1CNvrBUjXeGr+2
bwIDAQAB
-----END PUBLIC KEY-----

2025-05-08 21:45:07,348 - DEBUG - Calling on_part_begin with no data
2025-05-08 21:45:07,348 - DEBUG - Calling on_header_field with data[36:48]
2025-05-08 21:45:07,348 - DEBUG - Calling on_header_value with data[50:75]
2025-05-08 21:45:07,349 - DEBUG - Calling on_header_end with no data
2025-05-08 21:45:07,349 - DEBUG - Calling on_header_field with data[77:96]
2025-05-08 21:45:07,349 - DEBUG - Calling on_header_value with data[98:123]
2025-05-08 21:45:07,349 - DEBUG - Calling on_header_end with no data
2025-05-08 21:45:07,349 - DEBUG - Calling on_headers_finished with no data
2025-05-08 21:45:07,349 - DEBUG - Calling on_part_data with data[127:128]
2025-05-08 21:45:07,350 - DEBUG - Calling on_part_end with no data
2025-05-08 21:45:07,350 - DEBUG - Calling on_part_begin with no data
2025-05-08 21:45:07,350 - DEBUG - Calling on_header_field with data[166:178]
2025-05-08 21:45:07,350 - DEBUG - Calling on_header_value with data[180:205]
2025-05-08 21:45:07,350 - DEBUG - Calling on_header_end with no data
2025-05-08 21:45:07,350 - DEBUG - Calling on_header_field with data[207:226]
2025-05-08 21:45:07,350 - DEBUG - Calling on_header_value with data[228:251]
2025-05-08 21:45:07,350 - DEBUG - Calling on_header_end with no data
2025-05-08 21:45:07,350 - DEBUG - Calling on_headers_finished with no data
2025-05-08 21:45:07,350 - DEBUG - Calling on_part_data with data[255:259]
2025-05-08 21:45:07,350 - DEBUG - Calling on_part_end with no data
2025-05-08 21:45:07,351 - DEBUG - Calling on_part_begin with no data
2025-05-08 21:45:07,351 - DEBUG - Calling on_header_field with data[297:309]
2025-05-08 21:45:07,351 - DEBUG - Calling on_header_value with data[311:336]
2025-05-08 21:45:07,351 - DEBUG - Calling on_header_end with no data
2025-05-08 21:45:07,351 - DEBUG - Calling on_header_field with data[338:357]
2025-05-08 21:45:07,351 - DEBUG - Calling on_header_value with data[359:382]
2025-05-08 21:45:07,351 - DEBUG - Calling on_header_end with no data
2025-05-08 21:45:07,351 - DEBUG - Calling on_headers_finished with no data
2025-05-08 21:45:07,351 - DEBUG - Calling on_part_data with data[386:387]
2025-05-08 21:45:07,351 - DEBUG - Calling on_part_end with no data
2025-05-08 21:45:07,352 - DEBUG - Calling on_part_begin with no data
2025-05-08 21:45:07,352 - DEBUG - Calling on_header_field with data[425:437]
2025-05-08 21:45:07,352 - DEBUG - Calling on_header_value with data[439:464]
2025-05-08 21:45:07,352 - DEBUG - Calling on_header_end with no data
2025-05-08 21:45:07,352 - DEBUG - Calling on_header_field with data[466:485]
2025-05-08 21:45:07,352 - DEBUG - Calling on_header_value with data[487:510]
2025-05-08 21:45:07,352 - DEBUG - Calling on_header_end with no data
2025-05-08 21:45:07,352 - DEBUG - Calling on_headers_finished with no data
2025-05-08 21:45:07,352 - DEBUG - Calling on_part_data with data[514:535]
2025-05-08 21:45:07,352 - DEBUG - Calling on_part_end with no data
2025-05-08 21:45:07,352 - DEBUG - Calling on_part_begin with no data
2025-05-08 21:45:07,352 - DEBUG - Calling on_header_field with data[573:585]
2025-05-08 21:45:07,352 - DEBUG - Calling on_header_value with data[587:612]
2025-05-08 21:45:07,352 - DEBUG - Calling on_header_end with no data
2025-05-08 21:45:07,352 - DEBUG - Calling on_header_field with data[614:633]
2025-05-08 21:45:07,352 - DEBUG - Calling on_header_value with data[635:660]
2025-05-08 21:45:07,353 - DEBUG - Calling on_header_end with no data
2025-05-08 21:45:07,353 - DEBUG - Calling on_headers_finished with no data
2025-05-08 21:45:07,353 - DEBUG - Calling on_part_data with data[664:674]
2025-05-08 21:45:07,353 - DEBUG - Calling on_part_end with no data
2025-05-08 21:45:07,353 - DEBUG - Calling on_part_begin with no data
2025-05-08 21:45:07,353 - DEBUG - Calling on_header_field with data[712:724]
2025-05-08 21:45:07,353 - DEBUG - Calling on_header_value with data[726:751]
2025-05-08 21:45:07,353 - DEBUG - Calling on_header_end with no data
2025-05-08 21:45:07,353 - DEBUG - Calling on_header_field with data[753:772]
2025-05-08 21:45:07,353 - DEBUG - Calling on_header_value with data[774:796]
2025-05-08 21:45:07,353 - DEBUG - Calling on_header_end with no data
2025-05-08 21:45:07,353 - DEBUG - Calling on_headers_finished with no data
2025-05-08 21:45:07,353 - DEBUG - Calling on_part_data with data[800:802]
2025-05-08 21:45:07,353 - DEBUG - Calling on_part_end with no data
2025-05-08 21:45:07,353 - DEBUG - Calling on_part_begin with no data
2025-05-08 21:45:07,353 - DEBUG - Calling on_header_field with data[840:852]
2025-05-08 21:45:07,353 - DEBUG - Calling on_header_value with data[854:879]
2025-05-08 21:45:07,353 - DEBUG - Calling on_header_end with no data
2025-05-08 21:45:07,353 - DEBUG - Calling on_header_field with data[881:900]
2025-05-08 21:45:07,353 - DEBUG - Calling on_header_value with data[902:934]
2025-05-08 21:45:07,353 - DEBUG - Calling on_header_end with no data
2025-05-08 21:45:07,353 - DEBUG - Calling on_headers_finished with no data
2025-05-08 21:45:07,353 - DEBUG - Calling on_part_data with data[938:942]
2025-05-08 21:45:07,353 - DEBUG - Calling on_part_end with no data
2025-05-08 21:45:07,353 - DEBUG - Calling on_part_begin with no data
2025-05-08 21:45:07,353 - DEBUG - Calling on_header_field with data[980:992]
2025-05-08 21:45:07,353 - DEBUG - Calling on_header_value with data[994:1019]
2025-05-08 21:45:07,353 - DEBUG - Calling on_header_end with no data
2025-05-08 21:45:07,354 - DEBUG - Calling on_header_field with data[1021:1040]
2025-05-08 21:45:07,354 - DEBUG - Calling on_header_value with data[1042:1068]
2025-05-08 21:45:07,354 - DEBUG - Calling on_header_end with no data
2025-05-08 21:45:07,354 - DEBUG - Calling on_headers_finished with no data
2025-05-08 21:45:07,354 - DEBUG - Calling on_part_data with data[1072:1078]
2025-05-08 21:45:07,354 - DEBUG - Calling on_part_end with no data
2025-05-08 21:45:07,354 - DEBUG - Calling on_part_begin with no data
2025-05-08 21:45:07,354 - DEBUG - Calling on_header_field with data[1116:1128]
2025-05-08 21:45:07,354 - DEBUG - Calling on_header_value with data[1130:1154]
2025-05-08 21:45:07,354 - DEBUG - Calling on_header_end with no data
2025-05-08 21:45:07,354 - DEBUG - Calling on_header_field with data[1156:1175]
2025-05-08 21:45:07,354 - DEBUG - Calling on_header_value with data[1177:1301]
2025-05-08 21:45:07,354 - DEBUG - Calling on_header_end with no data
2025-05-08 21:45:07,354 - DEBUG - Calling on_headers_finished with no data
2025-05-08 21:45:07,354 - DEBUG - Calling on_part_data with data[1305:21827]
2025-05-08 21:45:07,354 - DEBUG - Calling on_part_end with no data
2025-05-08 21:45:07,354 - DEBUG - Calling on_end with no data
2025-05-08 21:51:42,894 - DEBUG - Using proactor: IocpProactor
2025-05-08 21:51:42,932 - DEBUG - caching sha2: Trying fast path
2025-05-08 21:51:42,932 - DEBUG - caching sha2: Trying full auth...
2025-05-08 21:51:42,932 - DEBUG - -----BEGIN PUBLIC KEY-----
MIIBIjANBgkqhkiG9w0BAQEFAAOCAQ8AMIIBCgKCAQEAho32nDGmqcw9sbhYSLbB
42VfcolqOPklO17ZrwwtBxmfQuoFLvorXJbF0KPIF29XWsWMmEdc+WltEmqeF/90
Z/RvI7Y4nE0UwQty3Ls3qqKXWZrdLzjxN+sumpsimC+Zc+e+FwqvRC7UfyzFxxPi
dIs4zJkDhyfXst37emBWAX6IJtq/nPv17BEOV0lVkaW91MC2zNM7pDyN6hbw40sI
KYrrsEZin7c0aZM+bp2b2tL+QGKgIfGLkHvepEWAi5GJLaKIwm5+j0X55k4ANUgp
pY6vs75NujPLpjdP0xGJNN71KCQ8uxjcsUHUuGZ23uxHrrJvWm1CNvrBUjXeGr+2
bwIDAQAB
-----END PUBLIC KEY-----

2025-05-08 21:51:42,944 - DEBUG - caching sha2: Trying fast path
2025-05-08 21:51:42,944 - DEBUG - caching sha2: Trying full auth...
2025-05-08 21:51:42,944 - DEBUG - -----BEGIN PUBLIC KEY-----
MIIBIjANBgkqhkiG9w0BAQEFAAOCAQ8AMIIBCgKCAQEAho32nDGmqcw9sbhYSLbB
42VfcolqOPklO17ZrwwtBxmfQuoFLvorXJbF0KPIF29XWsWMmEdc+WltEmqeF/90
Z/RvI7Y4nE0UwQty3Ls3qqKXWZrdLzjxN+sumpsimC+Zc+e+FwqvRC7UfyzFxxPi
dIs4zJkDhyfXst37emBWAX6IJtq/nPv17BEOV0lVkaW91MC2zNM7pDyN6hbw40sI
KYrrsEZin7c0aZM+bp2b2tL+QGKgIfGLkHvepEWAi5GJLaKIwm5+j0X55k4ANUgp
pY6vs75NujPLpjdP0xGJNN71KCQ8uxjcsUHUuGZ23uxHrrJvWm1CNvrBUjXeGr+2
bwIDAQAB
-----END PUBLIC KEY-----

2025-05-08 21:51:42,949 - DEBUG - caching sha2: Trying fast path
2025-05-08 21:51:42,949 - DEBUG - caching sha2: Trying full auth...
2025-05-08 21:51:42,949 - DEBUG - -----BEGIN PUBLIC KEY-----
MIIBIjANBgkqhkiG9w0BAQEFAAOCAQ8AMIIBCgKCAQEAho32nDGmqcw9sbhYSLbB
42VfcolqOPklO17ZrwwtBxmfQuoFLvorXJbF0KPIF29XWsWMmEdc+WltEmqeF/90
Z/RvI7Y4nE0UwQty3Ls3qqKXWZrdLzjxN+sumpsimC+Zc+e+FwqvRC7UfyzFxxPi
dIs4zJkDhyfXst37emBWAX6IJtq/nPv17BEOV0lVkaW91MC2zNM7pDyN6hbw40sI
KYrrsEZin7c0aZM+bp2b2tL+QGKgIfGLkHvepEWAi5GJLaKIwm5+j0X55k4ANUgp
pY6vs75NujPLpjdP0xGJNN71KCQ8uxjcsUHUuGZ23uxHrrJvWm1CNvrBUjXeGr+2
bwIDAQAB
-----END PUBLIC KEY-----

2025-05-08 21:51:42,953 - DEBUG - caching sha2: Trying fast path
2025-05-08 21:51:42,953 - DEBUG - caching sha2: Trying full auth...
2025-05-08 21:51:42,954 - DEBUG - -----BEGIN PUBLIC KEY-----
MIIBIjANBgkqhkiG9w0BAQEFAAOCAQ8AMIIBCgKCAQEAho32nDGmqcw9sbhYSLbB
42VfcolqOPklO17ZrwwtBxmfQuoFLvorXJbF0KPIF29XWsWMmEdc+WltEmqeF/90
Z/RvI7Y4nE0UwQty3Ls3qqKXWZrdLzjxN+sumpsimC+Zc+e+FwqvRC7UfyzFxxPi
dIs4zJkDhyfXst37emBWAX6IJtq/nPv17BEOV0lVkaW91MC2zNM7pDyN6hbw40sI
KYrrsEZin7c0aZM+bp2b2tL+QGKgIfGLkHvepEWAi5GJLaKIwm5+j0X55k4ANUgp
pY6vs75NujPLpjdP0xGJNN71KCQ8uxjcsUHUuGZ23uxHrrJvWm1CNvrBUjXeGr+2
bwIDAQAB
-----END PUBLIC KEY-----

2025-05-08 21:51:42,958 - DEBUG - caching sha2: Trying fast path
2025-05-08 21:51:42,958 - DEBUG - caching sha2: Trying full auth...
2025-05-08 21:51:42,958 - DEBUG - -----BEGIN PUBLIC KEY-----
MIIBIjANBgkqhkiG9w0BAQEFAAOCAQ8AMIIBCgKCAQEAho32nDGmqcw9sbhYSLbB
42VfcolqOPklO17ZrwwtBxmfQuoFLvorXJbF0KPIF29XWsWMmEdc+WltEmqeF/90
Z/RvI7Y4nE0UwQty3Ls3qqKXWZrdLzjxN+sumpsimC+Zc+e+FwqvRC7UfyzFxxPi
dIs4zJkDhyfXst37emBWAX6IJtq/nPv17BEOV0lVkaW91MC2zNM7pDyN6hbw40sI
KYrrsEZin7c0aZM+bp2b2tL+QGKgIfGLkHvepEWAi5GJLaKIwm5+j0X55k4ANUgp
pY6vs75NujPLpjdP0xGJNN71KCQ8uxjcsUHUuGZ23uxHrrJvWm1CNvrBUjXeGr+2
bwIDAQAB
-----END PUBLIC KEY-----

2025-05-08 21:51:42,962 - DEBUG - caching sha2: Trying fast path
2025-05-08 21:51:42,963 - DEBUG - caching sha2: Trying full auth...
2025-05-08 21:51:42,963 - DEBUG - -----BEGIN PUBLIC KEY-----
MIIBIjANBgkqhkiG9w0BAQEFAAOCAQ8AMIIBCgKCAQEAho32nDGmqcw9sbhYSLbB
42VfcolqOPklO17ZrwwtBxmfQuoFLvorXJbF0KPIF29XWsWMmEdc+WltEmqeF/90
Z/RvI7Y4nE0UwQty3Ls3qqKXWZrdLzjxN+sumpsimC+Zc+e+FwqvRC7UfyzFxxPi
dIs4zJkDhyfXst37emBWAX6IJtq/nPv17BEOV0lVkaW91MC2zNM7pDyN6hbw40sI
KYrrsEZin7c0aZM+bp2b2tL+QGKgIfGLkHvepEWAi5GJLaKIwm5+j0X55k4ANUgp
pY6vs75NujPLpjdP0xGJNN71KCQ8uxjcsUHUuGZ23uxHrrJvWm1CNvrBUjXeGr+2
bwIDAQAB
-----END PUBLIC KEY-----

2025-05-08 21:51:42,967 - DEBUG - caching sha2: Trying fast path
2025-05-08 21:51:42,968 - DEBUG - caching sha2: Trying full auth...
2025-05-08 21:51:42,968 - DEBUG - -----BEGIN PUBLIC KEY-----
MIIBIjANBgkqhkiG9w0BAQEFAAOCAQ8AMIIBCgKCAQEAho32nDGmqcw9sbhYSLbB
42VfcolqOPklO17ZrwwtBxmfQuoFLvorXJbF0KPIF29XWsWMmEdc+WltEmqeF/90
Z/RvI7Y4nE0UwQty3Ls3qqKXWZrdLzjxN+sumpsimC+Zc+e+FwqvRC7UfyzFxxPi
dIs4zJkDhyfXst37emBWAX6IJtq/nPv17BEOV0lVkaW91MC2zNM7pDyN6hbw40sI
KYrrsEZin7c0aZM+bp2b2tL+QGKgIfGLkHvepEWAi5GJLaKIwm5+j0X55k4ANUgp
pY6vs75NujPLpjdP0xGJNN71KCQ8uxjcsUHUuGZ23uxHrrJvWm1CNvrBUjXeGr+2
bwIDAQAB
-----END PUBLIC KEY-----

2025-05-08 21:51:42,972 - DEBUG - caching sha2: Trying fast path
2025-05-08 21:51:42,972 - DEBUG - caching sha2: Trying full auth...
2025-05-08 21:51:42,972 - DEBUG - -----BEGIN PUBLIC KEY-----
MIIBIjANBgkqhkiG9w0BAQEFAAOCAQ8AMIIBCgKCAQEAho32nDGmqcw9sbhYSLbB
42VfcolqOPklO17ZrwwtBxmfQuoFLvorXJbF0KPIF29XWsWMmEdc+WltEmqeF/90
Z/RvI7Y4nE0UwQty3Ls3qqKXWZrdLzjxN+sumpsimC+Zc+e+FwqvRC7UfyzFxxPi
dIs4zJkDhyfXst37emBWAX6IJtq/nPv17BEOV0lVkaW91MC2zNM7pDyN6hbw40sI
KYrrsEZin7c0aZM+bp2b2tL+QGKgIfGLkHvepEWAi5GJLaKIwm5+j0X55k4ANUgp
pY6vs75NujPLpjdP0xGJNN71KCQ8uxjcsUHUuGZ23uxHrrJvWm1CNvrBUjXeGr+2
bwIDAQAB
-----END PUBLIC KEY-----

2025-05-08 21:51:42,977 - DEBUG - caching sha2: Trying fast path
2025-05-08 21:51:42,977 - DEBUG - caching sha2: Trying full auth...
2025-05-08 21:51:42,978 - DEBUG - -----BEGIN PUBLIC KEY-----
MIIBIjANBgkqhkiG9w0BAQEFAAOCAQ8AMIIBCgKCAQEAho32nDGmqcw9sbhYSLbB
42VfcolqOPklO17ZrwwtBxmfQuoFLvorXJbF0KPIF29XWsWMmEdc+WltEmqeF/90
Z/RvI7Y4nE0UwQty3Ls3qqKXWZrdLzjxN+sumpsimC+Zc+e+FwqvRC7UfyzFxxPi
dIs4zJkDhyfXst37emBWAX6IJtq/nPv17BEOV0lVkaW91MC2zNM7pDyN6hbw40sI
KYrrsEZin7c0aZM+bp2b2tL+QGKgIfGLkHvepEWAi5GJLaKIwm5+j0X55k4ANUgp
pY6vs75NujPLpjdP0xGJNN71KCQ8uxjcsUHUuGZ23uxHrrJvWm1CNvrBUjXeGr+2
bwIDAQAB
-----END PUBLIC KEY-----

2025-05-08 21:51:42,982 - DEBUG - caching sha2: Trying fast path
2025-05-08 21:51:42,982 - DEBUG - caching sha2: Trying full auth...
2025-05-08 21:51:42,983 - DEBUG - -----BEGIN PUBLIC KEY-----
MIIBIjANBgkqhkiG9w0BAQEFAAOCAQ8AMIIBCgKCAQEAho32nDGmqcw9sbhYSLbB
42VfcolqOPklO17ZrwwtBxmfQuoFLvorXJbF0KPIF29XWsWMmEdc+WltEmqeF/90
Z/RvI7Y4nE0UwQty3Ls3qqKXWZrdLzjxN+sumpsimC+Zc+e+FwqvRC7UfyzFxxPi
dIs4zJkDhyfXst37emBWAX6IJtq/nPv17BEOV0lVkaW91MC2zNM7pDyN6hbw40sI
KYrrsEZin7c0aZM+bp2b2tL+QGKgIfGLkHvepEWAi5GJLaKIwm5+j0X55k4ANUgp
pY6vs75NujPLpjdP0xGJNN71KCQ8uxjcsUHUuGZ23uxHrrJvWm1CNvrBUjXeGr+2
bwIDAQAB
-----END PUBLIC KEY-----

2025-05-08 21:52:03,605 - ERROR - WebSocket error: name 'Decimal' is not defined
2025-05-08 21:52:18,162 - DEBUG - caching sha2: Trying fast path
2025-05-08 21:52:18,162 - DEBUG - caching sha2: Trying full auth...
2025-05-08 21:52:18,162 - DEBUG - -----BEGIN PUBLIC KEY-----
MIIBIjANBgkqhkiG9w0BAQEFAAOCAQ8AMIIBCgKCAQEAho32nDGmqcw9sbhYSLbB
42VfcolqOPklO17ZrwwtBxmfQuoFLvorXJbF0KPIF29XWsWMmEdc+WltEmqeF/90
Z/RvI7Y4nE0UwQty3Ls3qqKXWZrdLzjxN+sumpsimC+Zc+e+FwqvRC7UfyzFxxPi
dIs4zJkDhyfXst37emBWAX6IJtq/nPv17BEOV0lVkaW91MC2zNM7pDyN6hbw40sI
KYrrsEZin7c0aZM+bp2b2tL+QGKgIfGLkHvepEWAi5GJLaKIwm5+j0X55k4ANUgp
pY6vs75NujPLpjdP0xGJNN71KCQ8uxjcsUHUuGZ23uxHrrJvWm1CNvrBUjXeGr+2
bwIDAQAB
-----END PUBLIC KEY-----

2025-05-08 21:52:22,630 - ERROR - Critical error: Traceback (most recent call last):
  File "C:\send_to_ptint\send-to-print\project\api\api.py", line 223, in complete_order
    (data.status, order_id)
     ^^^^
NameError: name 'data' is not defined

2025-05-08 21:52:22,631 - ERROR - Critical error: Traceback (most recent call last):
  File "C:\send_to_ptint\send-to-print\project\api\api.py", line 223, in complete_order
    (data.status, order_id)
     ^^^^
NameError: name 'data' is not defined

2025-05-08 21:52:22,632 - ERROR - Critical error: Traceback (most recent call last):
  File "C:\send_to_ptint\send-to-print\project\api\api.py", line 223, in complete_order
    (data.status, order_id)
     ^^^^
NameError: name 'data' is not defined

2025-05-08 21:52:22,633 - ERROR - Critical error: Traceback (most recent call last):
  File "C:\send_to_ptint\send-to-print\project\api\api.py", line 223, in complete_order
    (data.status, order_id)
     ^^^^
NameError: name 'data' is not defined

2025-05-08 21:52:22,634 - ERROR - Critical error: Traceback (most recent call last):
  File "C:\send_to_ptint\send-to-print\project\api\api.py", line 223, in complete_order
    (data.status, order_id)
     ^^^^
NameError: name 'data' is not defined

2025-05-08 21:52:22,635 - ERROR - Critical error: Traceback (most recent call last):
  File "C:\send_to_ptint\send-to-print\project\api\api.py", line 223, in complete_order
    (data.status, order_id)
     ^^^^
NameError: name 'data' is not defined

2025-05-08 21:52:22,636 - ERROR - Critical error: Traceback (most recent call last):
  File "C:\send_to_ptint\send-to-print\project\api\api.py", line 223, in complete_order
    (data.status, order_id)
     ^^^^
NameError: name 'data' is not defined

2025-05-08 21:52:22,637 - ERROR - Critical error: Traceback (most recent call last):
  File "C:\send_to_ptint\send-to-print\project\api\api.py", line 223, in complete_order
    (data.status, order_id)
     ^^^^
NameError: name 'data' is not defined

2025-05-08 21:52:22,638 - ERROR - Critical error: Traceback (most recent call last):
  File "C:\send_to_ptint\send-to-print\project\api\api.py", line 223, in complete_order
    (data.status, order_id)
     ^^^^
NameError: name 'data' is not defined

2025-05-08 21:52:26,296 - ERROR - Critical error: Traceback (most recent call last):
  File "C:\send_to_ptint\send-to-print\project\api\api.py", line 223, in complete_order
    (data.status, order_id)
     ^^^^
NameError: name 'data' is not defined

2025-05-08 21:52:28,361 - ERROR - Critical error: Traceback (most recent call last):
  File "C:\send_to_ptint\send-to-print\project\api\api.py", line 223, in complete_order
    (data.status, order_id)
     ^^^^
NameError: name 'data' is not defined

2025-05-08 21:52:30,221 - ERROR - Critical error: Traceback (most recent call last):
  File "C:\send_to_ptint\send-to-print\project\api\api.py", line 223, in complete_order
    (data.status, order_id)
     ^^^^
NameError: name 'data' is not defined

2025-05-08 21:54:04,038 - DEBUG - Using proactor: IocpProactor
2025-05-08 21:54:04,073 - DEBUG - caching sha2: Trying fast path
2025-05-08 21:54:04,074 - DEBUG - caching sha2: Trying full auth...
2025-05-08 21:54:04,074 - DEBUG - -----BEGIN PUBLIC KEY-----
MIIBIjANBgkqhkiG9w0BAQEFAAOCAQ8AMIIBCgKCAQEAho32nDGmqcw9sbhYSLbB
42VfcolqOPklO17ZrwwtBxmfQuoFLvorXJbF0KPIF29XWsWMmEdc+WltEmqeF/90
Z/RvI7Y4nE0UwQty3Ls3qqKXWZrdLzjxN+sumpsimC+Zc+e+FwqvRC7UfyzFxxPi
dIs4zJkDhyfXst37emBWAX6IJtq/nPv17BEOV0lVkaW91MC2zNM7pDyN6hbw40sI
KYrrsEZin7c0aZM+bp2b2tL+QGKgIfGLkHvepEWAi5GJLaKIwm5+j0X55k4ANUgp
pY6vs75NujPLpjdP0xGJNN71KCQ8uxjcsUHUuGZ23uxHrrJvWm1CNvrBUjXeGr+2
bwIDAQAB
-----END PUBLIC KEY-----

2025-05-08 21:54:04,084 - DEBUG - caching sha2: Trying fast path
2025-05-08 21:54:04,084 - DEBUG - caching sha2: Trying full auth...
2025-05-08 21:54:04,085 - DEBUG - -----BEGIN PUBLIC KEY-----
MIIBIjANBgkqhkiG9w0BAQEFAAOCAQ8AMIIBCgKCAQEAho32nDGmqcw9sbhYSLbB
42VfcolqOPklO17ZrwwtBxmfQuoFLvorXJbF0KPIF29XWsWMmEdc+WltEmqeF/90
Z/RvI7Y4nE0UwQty3Ls3qqKXWZrdLzjxN+sumpsimC+Zc+e+FwqvRC7UfyzFxxPi
dIs4zJkDhyfXst37emBWAX6IJtq/nPv17BEOV0lVkaW91MC2zNM7pDyN6hbw40sI
KYrrsEZin7c0aZM+bp2b2tL+QGKgIfGLkHvepEWAi5GJLaKIwm5+j0X55k4ANUgp
pY6vs75NujPLpjdP0xGJNN71KCQ8uxjcsUHUuGZ23uxHrrJvWm1CNvrBUjXeGr+2
bwIDAQAB
-----END PUBLIC KEY-----

2025-05-08 21:54:04,089 - DEBUG - caching sha2: Trying fast path
2025-05-08 21:54:04,089 - DEBUG - caching sha2: Trying full auth...
2025-05-08 21:54:04,089 - DEBUG - -----BEGIN PUBLIC KEY-----
MIIBIjANBgkqhkiG9w0BAQEFAAOCAQ8AMIIBCgKCAQEAho32nDGmqcw9sbhYSLbB
42VfcolqOPklO17ZrwwtBxmfQuoFLvorXJbF0KPIF29XWsWMmEdc+WltEmqeF/90
Z/RvI7Y4nE0UwQty3Ls3qqKXWZrdLzjxN+sumpsimC+Zc+e+FwqvRC7UfyzFxxPi
dIs4zJkDhyfXst37emBWAX6IJtq/nPv17BEOV0lVkaW91MC2zNM7pDyN6hbw40sI
KYrrsEZin7c0aZM+bp2b2tL+QGKgIfGLkHvepEWAi5GJLaKIwm5+j0X55k4ANUgp
pY6vs75NujPLpjdP0xGJNN71KCQ8uxjcsUHUuGZ23uxHrrJvWm1CNvrBUjXeGr+2
bwIDAQAB
-----END PUBLIC KEY-----

2025-05-08 21:54:04,094 - DEBUG - caching sha2: Trying fast path
2025-05-08 21:54:04,094 - DEBUG - caching sha2: Trying full auth...
2025-05-08 21:54:04,094 - DEBUG - -----BEGIN PUBLIC KEY-----
MIIBIjANBgkqhkiG9w0BAQEFAAOCAQ8AMIIBCgKCAQEAho32nDGmqcw9sbhYSLbB
42VfcolqOPklO17ZrwwtBxmfQuoFLvorXJbF0KPIF29XWsWMmEdc+WltEmqeF/90
Z/RvI7Y4nE0UwQty3Ls3qqKXWZrdLzjxN+sumpsimC+Zc+e+FwqvRC7UfyzFxxPi
dIs4zJkDhyfXst37emBWAX6IJtq/nPv17BEOV0lVkaW91MC2zNM7pDyN6hbw40sI
KYrrsEZin7c0aZM+bp2b2tL+QGKgIfGLkHvepEWAi5GJLaKIwm5+j0X55k4ANUgp
pY6vs75NujPLpjdP0xGJNN71KCQ8uxjcsUHUuGZ23uxHrrJvWm1CNvrBUjXeGr+2
bwIDAQAB
-----END PUBLIC KEY-----

2025-05-08 21:54:04,099 - DEBUG - caching sha2: Trying fast path
2025-05-08 21:54:04,099 - DEBUG - caching sha2: Trying full auth...
2025-05-08 21:54:04,099 - DEBUG - -----BEGIN PUBLIC KEY-----
MIIBIjANBgkqhkiG9w0BAQEFAAOCAQ8AMIIBCgKCAQEAho32nDGmqcw9sbhYSLbB
42VfcolqOPklO17ZrwwtBxmfQuoFLvorXJbF0KPIF29XWsWMmEdc+WltEmqeF/90
Z/RvI7Y4nE0UwQty3Ls3qqKXWZrdLzjxN+sumpsimC+Zc+e+FwqvRC7UfyzFxxPi
dIs4zJkDhyfXst37emBWAX6IJtq/nPv17BEOV0lVkaW91MC2zNM7pDyN6hbw40sI
KYrrsEZin7c0aZM+bp2b2tL+QGKgIfGLkHvepEWAi5GJLaKIwm5+j0X55k4ANUgp
pY6vs75NujPLpjdP0xGJNN71KCQ8uxjcsUHUuGZ23uxHrrJvWm1CNvrBUjXeGr+2
bwIDAQAB
-----END PUBLIC KEY-----

2025-05-08 21:54:04,103 - DEBUG - caching sha2: Trying fast path
2025-05-08 21:54:04,103 - DEBUG - caching sha2: Trying full auth...
2025-05-08 21:54:04,103 - DEBUG - -----BEGIN PUBLIC KEY-----
MIIBIjANBgkqhkiG9w0BAQEFAAOCAQ8AMIIBCgKCAQEAho32nDGmqcw9sbhYSLbB
42VfcolqOPklO17ZrwwtBxmfQuoFLvorXJbF0KPIF29XWsWMmEdc+WltEmqeF/90
Z/RvI7Y4nE0UwQty3Ls3qqKXWZrdLzjxN+sumpsimC+Zc+e+FwqvRC7UfyzFxxPi
dIs4zJkDhyfXst37emBWAX6IJtq/nPv17BEOV0lVkaW91MC2zNM7pDyN6hbw40sI
KYrrsEZin7c0aZM+bp2b2tL+QGKgIfGLkHvepEWAi5GJLaKIwm5+j0X55k4ANUgp
pY6vs75NujPLpjdP0xGJNN71KCQ8uxjcsUHUuGZ23uxHrrJvWm1CNvrBUjXeGr+2
bwIDAQAB
-----END PUBLIC KEY-----

2025-05-08 21:54:04,108 - DEBUG - caching sha2: Trying fast path
2025-05-08 21:54:04,108 - DEBUG - caching sha2: Trying full auth...
2025-05-08 21:54:04,108 - DEBUG - -----BEGIN PUBLIC KEY-----
MIIBIjANBgkqhkiG9w0BAQEFAAOCAQ8AMIIBCgKCAQEAho32nDGmqcw9sbhYSLbB
42VfcolqOPklO17ZrwwtBxmfQuoFLvorXJbF0KPIF29XWsWMmEdc+WltEmqeF/90
Z/RvI7Y4nE0UwQty3Ls3qqKXWZrdLzjxN+sumpsimC+Zc+e+FwqvRC7UfyzFxxPi
dIs4zJkDhyfXst37emBWAX6IJtq/nPv17BEOV0lVkaW91MC2zNM7pDyN6hbw40sI
KYrrsEZin7c0aZM+bp2b2tL+QGKgIfGLkHvepEWAi5GJLaKIwm5+j0X55k4ANUgp
pY6vs75NujPLpjdP0xGJNN71KCQ8uxjcsUHUuGZ23uxHrrJvWm1CNvrBUjXeGr+2
bwIDAQAB
-----END PUBLIC KEY-----

2025-05-08 21:54:04,112 - DEBUG - caching sha2: Trying fast path
2025-05-08 21:54:04,113 - DEBUG - caching sha2: Trying full auth...
2025-05-08 21:54:04,113 - DEBUG - -----BEGIN PUBLIC KEY-----
MIIBIjANBgkqhkiG9w0BAQEFAAOCAQ8AMIIBCgKCAQEAho32nDGmqcw9sbhYSLbB
42VfcolqOPklO17ZrwwtBxmfQuoFLvorXJbF0KPIF29XWsWMmEdc+WltEmqeF/90
Z/RvI7Y4nE0UwQty3Ls3qqKXWZrdLzjxN+sumpsimC+Zc+e+FwqvRC7UfyzFxxPi
dIs4zJkDhyfXst37emBWAX6IJtq/nPv17BEOV0lVkaW91MC2zNM7pDyN6hbw40sI
KYrrsEZin7c0aZM+bp2b2tL+QGKgIfGLkHvepEWAi5GJLaKIwm5+j0X55k4ANUgp
pY6vs75NujPLpjdP0xGJNN71KCQ8uxjcsUHUuGZ23uxHrrJvWm1CNvrBUjXeGr+2
bwIDAQAB
-----END PUBLIC KEY-----

2025-05-08 21:54:04,117 - DEBUG - caching sha2: Trying fast path
2025-05-08 21:54:04,117 - DEBUG - caching sha2: Trying full auth...
2025-05-08 21:54:04,117 - DEBUG - -----BEGIN PUBLIC KEY-----
MIIBIjANBgkqhkiG9w0BAQEFAAOCAQ8AMIIBCgKCAQEAho32nDGmqcw9sbhYSLbB
42VfcolqOPklO17ZrwwtBxmfQuoFLvorXJbF0KPIF29XWsWMmEdc+WltEmqeF/90
Z/RvI7Y4nE0UwQty3Ls3qqKXWZrdLzjxN+sumpsimC+Zc+e+FwqvRC7UfyzFxxPi
dIs4zJkDhyfXst37emBWAX6IJtq/nPv17BEOV0lVkaW91MC2zNM7pDyN6hbw40sI
KYrrsEZin7c0aZM+bp2b2tL+QGKgIfGLkHvepEWAi5GJLaKIwm5+j0X55k4ANUgp
pY6vs75NujPLpjdP0xGJNN71KCQ8uxjcsUHUuGZ23uxHrrJvWm1CNvrBUjXeGr+2
bwIDAQAB
-----END PUBLIC KEY-----

2025-05-08 21:54:04,122 - DEBUG - caching sha2: Trying fast path
2025-05-08 21:54:04,122 - DEBUG - caching sha2: Trying full auth...
2025-05-08 21:54:04,122 - DEBUG - -----BEGIN PUBLIC KEY-----
MIIBIjANBgkqhkiG9w0BAQEFAAOCAQ8AMIIBCgKCAQEAho32nDGmqcw9sbhYSLbB
42VfcolqOPklO17ZrwwtBxmfQuoFLvorXJbF0KPIF29XWsWMmEdc+WltEmqeF/90
Z/RvI7Y4nE0UwQty3Ls3qqKXWZrdLzjxN+sumpsimC+Zc+e+FwqvRC7UfyzFxxPi
dIs4zJkDhyfXst37emBWAX6IJtq/nPv17BEOV0lVkaW91MC2zNM7pDyN6hbw40sI
KYrrsEZin7c0aZM+bp2b2tL+QGKgIfGLkHvepEWAi5GJLaKIwm5+j0X55k4ANUgp
pY6vs75NujPLpjdP0xGJNN71KCQ8uxjcsUHUuGZ23uxHrrJvWm1CNvrBUjXeGr+2
bwIDAQAB
-----END PUBLIC KEY-----

2025-05-08 21:54:13,907 - DEBUG - = connection is CONNECTING
2025-05-08 21:54:13,907 - DEBUG - > GET /notify HTTP/1.1
2025-05-08 21:54:13,907 - DEBUG - > Host: localhost:8001
2025-05-08 21:54:13,907 - DEBUG - > Upgrade: websocket
2025-05-08 21:54:13,907 - DEBUG - > Connection: Upgrade
2025-05-08 21:54:13,907 - DEBUG - > Sec-WebSocket-Key: nZu1oDnJIRv/ztI2cCLvqw==
2025-05-08 21:54:13,907 - DEBUG - > Sec-WebSocket-Version: 13
2025-05-08 21:54:13,907 - DEBUG - > Sec-WebSocket-Extensions: permessage-deflate; client_max_window_bits
2025-05-08 21:54:13,907 - DEBUG - > User-Agent: Python/3.12 websockets/15.0.1
2025-05-08 21:54:13,908 - DEBUG - < HTTP/1.1 101 Switching Protocols
2025-05-08 21:54:13,908 - DEBUG - < Date: Thu, 08 May 2025 18:54:13 GMT
2025-05-08 21:54:13,909 - DEBUG - < Upgrade: websocket
2025-05-08 21:54:13,909 - DEBUG - < Connection: Upgrade
2025-05-08 21:54:13,909 - DEBUG - < Sec-WebSocket-Accept: 2MU7bmlUNjWx/1tArd9HyXj15ZA=
2025-05-08 21:54:13,909 - DEBUG - < Sec-WebSocket-Extensions: permessage-deflate; server_max_window_bits=12; client_max_window_bits=12
2025-05-08 21:54:13,909 - DEBUG - < Server: Python/3.12 websockets/15.0.1
2025-05-08 21:54:13,909 - DEBUG - = connection is OPEN
2025-05-08 21:54:13,909 - DEBUG - > TEXT '{"type": "status_update", "status": "\\u0433\\u... 43, "address": "sdvs"}' [129 bytes]
2025-05-08 21:54:13,909 - DEBUG - > CLOSE 1000 (OK) [2 bytes]
2025-05-08 21:54:13,909 - DEBUG - = connection is CLOSING
2025-05-08 21:54:13,910 - DEBUG - < CLOSE 1000 (OK) [2 bytes]
2025-05-08 21:54:13,910 - DEBUG - < EOF
2025-05-08 21:54:13,910 - DEBUG - > EOF
2025-05-08 21:54:13,910 - DEBUG - = connection is CLOSED
2025-05-08 21:54:13,910 - DEBUG - x half-closing TCP connection
2025-05-08 21:54:14,412 - ERROR - WebSocket error: name 'Decimal' is not defined
2025-05-08 21:54:22,095 - DEBUG - caching sha2: Trying fast path
2025-05-08 21:54:22,095 - DEBUG - caching sha2: Trying full auth...
2025-05-08 21:54:22,095 - DEBUG - -----BEGIN PUBLIC KEY-----
MIIBIjANBgkqhkiG9w0BAQEFAAOCAQ8AMIIBCgKCAQEAho32nDGmqcw9sbhYSLbB
42VfcolqOPklO17ZrwwtBxmfQuoFLvorXJbF0KPIF29XWsWMmEdc+WltEmqeF/90
Z/RvI7Y4nE0UwQty3Ls3qqKXWZrdLzjxN+sumpsimC+Zc+e+FwqvRC7UfyzFxxPi
dIs4zJkDhyfXst37emBWAX6IJtq/nPv17BEOV0lVkaW91MC2zNM7pDyN6hbw40sI
KYrrsEZin7c0aZM+bp2b2tL+QGKgIfGLkHvepEWAi5GJLaKIwm5+j0X55k4ANUgp
pY6vs75NujPLpjdP0xGJNN71KCQ8uxjcsUHUuGZ23uxHrrJvWm1CNvrBUjXeGr+2
bwIDAQAB
-----END PUBLIC KEY-----

2025-05-08 21:54:36,049 - DEBUG - caching sha2: Trying fast path
2025-05-08 21:54:36,049 - DEBUG - caching sha2: Trying full auth...
2025-05-08 21:54:36,049 - DEBUG - -----BEGIN PUBLIC KEY-----
MIIBIjANBgkqhkiG9w0BAQEFAAOCAQ8AMIIBCgKCAQEAho32nDGmqcw9sbhYSLbB
42VfcolqOPklO17ZrwwtBxmfQuoFLvorXJbF0KPIF29XWsWMmEdc+WltEmqeF/90
Z/RvI7Y4nE0UwQty3Ls3qqKXWZrdLzjxN+sumpsimC+Zc+e+FwqvRC7UfyzFxxPi
dIs4zJkDhyfXst37emBWAX6IJtq/nPv17BEOV0lVkaW91MC2zNM7pDyN6hbw40sI
KYrrsEZin7c0aZM+bp2b2tL+QGKgIfGLkHvepEWAi5GJLaKIwm5+j0X55k4ANUgp
pY6vs75NujPLpjdP0xGJNN71KCQ8uxjcsUHUuGZ23uxHrrJvWm1CNvrBUjXeGr+2
bwIDAQAB
-----END PUBLIC KEY-----

2025-05-08 21:54:38,234 - DEBUG - caching sha2: Trying fast path
2025-05-08 21:54:38,234 - DEBUG - caching sha2: Trying full auth...
2025-05-08 21:54:38,234 - DEBUG - -----BEGIN PUBLIC KEY-----
MIIBIjANBgkqhkiG9w0BAQEFAAOCAQ8AMIIBCgKCAQEAho32nDGmqcw9sbhYSLbB
42VfcolqOPklO17ZrwwtBxmfQuoFLvorXJbF0KPIF29XWsWMmEdc+WltEmqeF/90
Z/RvI7Y4nE0UwQty3Ls3qqKXWZrdLzjxN+sumpsimC+Zc+e+FwqvRC7UfyzFxxPi
dIs4zJkDhyfXst37emBWAX6IJtq/nPv17BEOV0lVkaW91MC2zNM7pDyN6hbw40sI
KYrrsEZin7c0aZM+bp2b2tL+QGKgIfGLkHvepEWAi5GJLaKIwm5+j0X55k4ANUgp
pY6vs75NujPLpjdP0xGJNN71KCQ8uxjcsUHUuGZ23uxHrrJvWm1CNvrBUjXeGr+2
bwIDAQAB
-----END PUBLIC KEY-----

2025-05-08 21:54:42,675 - ERROR - Ошибка: Traceback (most recent call last):
  File "C:\send_to_ptint\send-to-print\project\api\api.py", line 214, in complete_order
    raise HTTPException(400, detail="Недопустимый статус для перехода")
fastapi.exceptions.HTTPException: 400: Недопустимый статус для перехода

2025-05-08 21:54:42,675 - ERROR - Ошибка: Traceback (most recent call last):
  File "C:\send_to_ptint\send-to-print\project\api\api.py", line 214, in complete_order
    raise HTTPException(400, detail="Недопустимый статус для перехода")
fastapi.exceptions.HTTPException: 400: Недопустимый статус для перехода

2025-05-08 21:54:42,676 - DEBUG - = connection is CONNECTING
2025-05-08 21:54:42,677 - DEBUG - > GET /notify HTTP/1.1
2025-05-08 21:54:42,677 - DEBUG - > Host: localhost:8001
2025-05-08 21:54:42,677 - DEBUG - > Upgrade: websocket
2025-05-08 21:54:42,677 - DEBUG - > Connection: Upgrade
2025-05-08 21:54:42,677 - DEBUG - > Sec-WebSocket-Key: q7k2brRfwOBfuOMK6w3lSA==
2025-05-08 21:54:42,677 - DEBUG - > Sec-WebSocket-Version: 13
2025-05-08 21:54:42,677 - DEBUG - > Sec-WebSocket-Extensions: permessage-deflate; client_max_window_bits
2025-05-08 21:54:42,677 - DEBUG - > User-Agent: Python/3.12 websockets/15.0.1
2025-05-08 21:54:42,677 - DEBUG - = connection is CONNECTING
2025-05-08 21:54:42,678 - DEBUG - > GET /notify HTTP/1.1
2025-05-08 21:54:42,678 - DEBUG - > Host: localhost:8001
2025-05-08 21:54:42,678 - DEBUG - > Upgrade: websocket
2025-05-08 21:54:42,678 - DEBUG - > Connection: Upgrade
2025-05-08 21:54:42,678 - DEBUG - > Sec-WebSocket-Key: xY65lWX1fK1vYcne52coLA==
2025-05-08 21:54:42,678 - DEBUG - > Sec-WebSocket-Version: 13
2025-05-08 21:54:42,678 - DEBUG - > Sec-WebSocket-Extensions: permessage-deflate; client_max_window_bits
2025-05-08 21:54:42,678 - DEBUG - > User-Agent: Python/3.12 websockets/15.0.1
2025-05-08 21:54:42,678 - DEBUG - < HTTP/1.1 101 Switching Protocols
2025-05-08 21:54:42,678 - DEBUG - < Date: Thu, 08 May 2025 18:54:42 GMT
2025-05-08 21:54:42,678 - DEBUG - < Upgrade: websocket
2025-05-08 21:54:42,678 - DEBUG - < Connection: Upgrade
2025-05-08 21:54:42,678 - DEBUG - < Sec-WebSocket-Accept: Q0kiUg6sF2TWIQegnmxuTTogx50=
2025-05-08 21:54:42,678 - DEBUG - < Sec-WebSocket-Extensions: permessage-deflate; server_max_window_bits=12; client_max_window_bits=12
2025-05-08 21:54:42,678 - DEBUG - < Server: Python/3.12 websockets/15.0.1
2025-05-08 21:54:42,679 - DEBUG - = connection is OPEN
2025-05-08 21:54:42,679 - DEBUG - > TEXT '{"type": "status_update", "status": "\\u0432\\u... 43, "address": "sdvs"}' [129 bytes]
2025-05-08 21:54:42,679 - DEBUG - > CLOSE 1000 (OK) [2 bytes]
2025-05-08 21:54:42,679 - DEBUG - = connection is CLOSING
2025-05-08 21:54:42,679 - DEBUG - < HTTP/1.1 101 Switching Protocols
2025-05-08 21:54:42,679 - DEBUG - < Date: Thu, 08 May 2025 18:54:42 GMT
2025-05-08 21:54:42,679 - DEBUG - < Upgrade: websocket
2025-05-08 21:54:42,679 - DEBUG - < Connection: Upgrade
2025-05-08 21:54:42,679 - DEBUG - < Sec-WebSocket-Accept: O0rB99FsGvOm/13rbDV0uAq0aWQ=
2025-05-08 21:54:42,679 - DEBUG - < Sec-WebSocket-Extensions: permessage-deflate; server_max_window_bits=12; client_max_window_bits=12
2025-05-08 21:54:42,679 - DEBUG - < Server: Python/3.12 websockets/15.0.1
2025-05-08 21:54:42,679 - DEBUG - = connection is OPEN
2025-05-08 21:54:42,680 - DEBUG - < CLOSE 1000 (OK) [2 bytes]
2025-05-08 21:54:42,680 - DEBUG - > TEXT '{"type": "status_update", "status": "\\u0432\\u... 42, "address": "sdvs"}' [129 bytes]
2025-05-08 21:54:42,680 - DEBUG - > CLOSE 1000 (OK) [2 bytes]
2025-05-08 21:54:42,680 - DEBUG - = connection is CLOSING
2025-05-08 21:54:42,680 - DEBUG - < EOF
2025-05-08 21:54:42,680 - DEBUG - > EOF
2025-05-08 21:54:42,680 - DEBUG - = connection is CLOSED
2025-05-08 21:54:42,680 - DEBUG - x half-closing TCP connection
2025-05-08 21:54:42,681 - DEBUG - < CLOSE 1000 (OK) [2 bytes]
2025-05-08 21:54:42,681 - DEBUG - < EOF
2025-05-08 21:54:42,681 - DEBUG - > EOF
2025-05-08 21:54:42,681 - DEBUG - = connection is CLOSED
2025-05-08 21:54:42,681 - DEBUG - x half-closing TCP connection
2025-05-08 21:54:55,149 - DEBUG - = connection is CONNECTING
2025-05-08 21:54:55,150 - DEBUG - > GET /notify HTTP/1.1
2025-05-08 21:54:55,150 - DEBUG - > Host: localhost:8001
2025-05-08 21:54:55,150 - DEBUG - > Upgrade: websocket
2025-05-08 21:54:55,150 - DEBUG - > Connection: Upgrade
2025-05-08 21:54:55,150 - DEBUG - > Sec-WebSocket-Key: Tcb+SfHEBR+Uq+YhOjQG1A==
2025-05-08 21:54:55,150 - DEBUG - > Sec-WebSocket-Version: 13
2025-05-08 21:54:55,150 - DEBUG - > Sec-WebSocket-Extensions: permessage-deflate; client_max_window_bits
2025-05-08 21:54:55,150 - DEBUG - > User-Agent: Python/3.12 websockets/15.0.1
2025-05-08 21:54:55,151 - DEBUG - < HTTP/1.1 101 Switching Protocols
2025-05-08 21:54:55,151 - DEBUG - < Date: Thu, 08 May 2025 18:54:55 GMT
2025-05-08 21:54:55,151 - DEBUG - < Upgrade: websocket
2025-05-08 21:54:55,151 - DEBUG - < Connection: Upgrade
2025-05-08 21:54:55,151 - DEBUG - < Sec-WebSocket-Accept: S50aqZGwBLaGLAVvMTwwOUMZy50=
2025-05-08 21:54:55,151 - DEBUG - < Sec-WebSocket-Extensions: permessage-deflate; server_max_window_bits=12; client_max_window_bits=12
2025-05-08 21:54:55,151 - DEBUG - < Server: Python/3.12 websockets/15.0.1
2025-05-08 21:54:55,151 - DEBUG - = connection is OPEN
2025-05-08 21:54:55,151 - DEBUG - > TEXT '{"type": "status_update", "status": "\\u0433\\u... 44, "address": "sdvs"}' [129 bytes]
2025-05-08 21:54:55,151 - DEBUG - > CLOSE 1000 (OK) [2 bytes]
2025-05-08 21:54:55,151 - DEBUG - = connection is CLOSING
2025-05-08 21:54:55,152 - DEBUG - < CLOSE 1000 (OK) [2 bytes]
2025-05-08 21:54:55,152 - DEBUG - < EOF
2025-05-08 21:54:55,152 - DEBUG - > EOF
2025-05-08 21:54:55,152 - DEBUG - = connection is CLOSED
2025-05-08 21:54:55,152 - DEBUG - x half-closing TCP connection
2025-05-08 21:55:05,928 - DEBUG - = connection is CONNECTING
2025-05-08 21:55:05,928 - DEBUG - > GET /notify HTTP/1.1
2025-05-08 21:55:05,928 - DEBUG - > Host: localhost:8001
2025-05-08 21:55:05,928 - DEBUG - > Upgrade: websocket
2025-05-08 21:55:05,928 - DEBUG - > Connection: Upgrade
2025-05-08 21:55:05,928 - DEBUG - > Sec-WebSocket-Key: YBlnCFyzc3TueZa6nABMww==
2025-05-08 21:55:05,928 - DEBUG - > Sec-WebSocket-Version: 13
2025-05-08 21:55:05,928 - DEBUG - > Sec-WebSocket-Extensions: permessage-deflate; client_max_window_bits
2025-05-08 21:55:05,928 - DEBUG - > User-Agent: Python/3.12 websockets/15.0.1
2025-05-08 21:55:05,929 - DEBUG - < HTTP/1.1 101 Switching Protocols
2025-05-08 21:55:05,929 - DEBUG - < Date: Thu, 08 May 2025 18:55:05 GMT
2025-05-08 21:55:05,929 - DEBUG - < Upgrade: websocket
2025-05-08 21:55:05,929 - DEBUG - < Connection: Upgrade
2025-05-08 21:55:05,929 - DEBUG - < Sec-WebSocket-Accept: kbOiyVmptLpI0O4lWAYxb35v/N0=
2025-05-08 21:55:05,930 - DEBUG - < Sec-WebSocket-Extensions: permessage-deflate; server_max_window_bits=12; client_max_window_bits=12
2025-05-08 21:55:05,930 - DEBUG - < Server: Python/3.12 websockets/15.0.1
2025-05-08 21:55:05,930 - DEBUG - = connection is OPEN
2025-05-08 21:55:05,930 - DEBUG - > TEXT '{"type": "status_update", "status": "\\u0432\\u... 44, "address": "sdvs"}' [129 bytes]
2025-05-08 21:55:05,930 - DEBUG - > CLOSE 1000 (OK) [2 bytes]
2025-05-08 21:55:05,930 - DEBUG - = connection is CLOSING
2025-05-08 21:55:05,931 - DEBUG - < CLOSE 1000 (OK) [2 bytes]
2025-05-08 21:55:05,931 - DEBUG - < EOF
2025-05-08 21:55:05,931 - DEBUG - > EOF
2025-05-08 21:55:05,931 - DEBUG - = connection is CLOSED
2025-05-08 21:55:05,931 - DEBUG - x half-closing TCP connection
2025-05-08 21:55:10,866 - DEBUG - = connection is CONNECTING
2025-05-08 21:55:10,866 - DEBUG - > GET /notify HTTP/1.1
2025-05-08 21:55:10,866 - DEBUG - > Host: localhost:8001
2025-05-08 21:55:10,866 - DEBUG - > Upgrade: websocket
2025-05-08 21:55:10,866 - DEBUG - > Connection: Upgrade
2025-05-08 21:55:10,866 - DEBUG - > Sec-WebSocket-Key: UpXrN2RlRItdwsff5fDT2A==
2025-05-08 21:55:10,866 - DEBUG - > Sec-WebSocket-Version: 13
2025-05-08 21:55:10,866 - DEBUG - > Sec-WebSocket-Extensions: permessage-deflate; client_max_window_bits
2025-05-08 21:55:10,866 - DEBUG - > User-Agent: Python/3.12 websockets/15.0.1
2025-05-08 21:55:10,867 - DEBUG - < HTTP/1.1 101 Switching Protocols
2025-05-08 21:55:10,867 - DEBUG - < Date: Thu, 08 May 2025 18:55:10 GMT
2025-05-08 21:55:10,867 - DEBUG - < Upgrade: websocket
2025-05-08 21:55:10,867 - DEBUG - < Connection: Upgrade
2025-05-08 21:55:10,867 - DEBUG - < Sec-WebSocket-Accept: GTu6ZMpZhAIRitVTg1SPuRXtKIc=
2025-05-08 21:55:10,867 - DEBUG - < Sec-WebSocket-Extensions: permessage-deflate; server_max_window_bits=12; client_max_window_bits=12
2025-05-08 21:55:10,867 - DEBUG - < Server: Python/3.12 websockets/15.0.1
2025-05-08 21:55:10,867 - DEBUG - = connection is OPEN
2025-05-08 21:55:10,868 - DEBUG - > TEXT '{"type": "status_update", "status": "\\u0432\\u... 40, "address": "sdvs"}' [129 bytes]
2025-05-08 21:55:10,868 - DEBUG - > CLOSE 1000 (OK) [2 bytes]
2025-05-08 21:55:10,868 - DEBUG - = connection is CLOSING
2025-05-08 21:55:10,868 - DEBUG - < CLOSE 1000 (OK) [2 bytes]
2025-05-08 21:55:10,868 - DEBUG - < EOF
2025-05-08 21:55:10,869 - DEBUG - > EOF
2025-05-08 21:55:10,869 - DEBUG - = connection is CLOSED
2025-05-08 21:55:10,869 - DEBUG - x half-closing TCP connection
2025-05-08 21:55:19,646 - DEBUG - = connection is CONNECTING
2025-05-08 21:55:19,646 - DEBUG - > GET /notify HTTP/1.1
2025-05-08 21:55:19,646 - DEBUG - > Host: localhost:8001
2025-05-08 21:55:19,646 - DEBUG - > Upgrade: websocket
2025-05-08 21:55:19,646 - DEBUG - > Connection: Upgrade
2025-05-08 21:55:19,646 - DEBUG - > Sec-WebSocket-Key: P372A5MNLDJe6KRpXs31/g==
2025-05-08 21:55:19,646 - DEBUG - > Sec-WebSocket-Version: 13
2025-05-08 21:55:19,646 - DEBUG - > Sec-WebSocket-Extensions: permessage-deflate; client_max_window_bits
2025-05-08 21:55:19,646 - DEBUG - > User-Agent: Python/3.12 websockets/15.0.1
2025-05-08 21:55:19,647 - DEBUG - < HTTP/1.1 101 Switching Protocols
2025-05-08 21:55:19,647 - DEBUG - < Date: Thu, 08 May 2025 18:55:19 GMT
2025-05-08 21:55:19,647 - DEBUG - < Upgrade: websocket
2025-05-08 21:55:19,647 - DEBUG - < Connection: Upgrade
2025-05-08 21:55:19,647 - DEBUG - < Sec-WebSocket-Accept: cJGZ23YKqtruatTTzVHoyu+f00s=
2025-05-08 21:55:19,647 - DEBUG - < Sec-WebSocket-Extensions: permessage-deflate; server_max_window_bits=12; client_max_window_bits=12
2025-05-08 21:55:19,647 - DEBUG - < Server: Python/3.12 websockets/15.0.1
2025-05-08 21:55:19,647 - DEBUG - = connection is OPEN
2025-05-08 21:55:19,648 - DEBUG - > TEXT '{"type": "status_update", "status": "\\u0432\\u... 41, "address": "sdvs"}' [129 bytes]
2025-05-08 21:55:19,648 - DEBUG - > CLOSE 1000 (OK) [2 bytes]
2025-05-08 21:55:19,648 - DEBUG - = connection is CLOSING
2025-05-08 21:55:19,649 - DEBUG - < CLOSE 1000 (OK) [2 bytes]
2025-05-08 21:55:19,649 - DEBUG - < EOF
2025-05-08 21:55:19,649 - DEBUG - > EOF
2025-05-08 21:55:19,649 - DEBUG - = connection is CLOSED
2025-05-08 21:55:19,649 - DEBUG - x half-closing TCP connection
2025-05-08 21:55:28,734 - DEBUG - = connection is CONNECTING
2025-05-08 21:55:28,735 - DEBUG - > GET /notify HTTP/1.1
2025-05-08 21:55:28,735 - DEBUG - > Host: localhost:8001
2025-05-08 21:55:28,735 - DEBUG - > Upgrade: websocket
2025-05-08 21:55:28,735 - DEBUG - > Connection: Upgrade
2025-05-08 21:55:28,735 - DEBUG - > Sec-WebSocket-Key: CTgLKIx9udvbyuOXBI0Taw==
2025-05-08 21:55:28,735 - DEBUG - > Sec-WebSocket-Version: 13
2025-05-08 21:55:28,735 - DEBUG - > Sec-WebSocket-Extensions: permessage-deflate; client_max_window_bits
2025-05-08 21:55:28,735 - DEBUG - > User-Agent: Python/3.12 websockets/15.0.1
2025-05-08 21:55:28,737 - DEBUG - < HTTP/1.1 101 Switching Protocols
2025-05-08 21:55:28,737 - DEBUG - < Date: Thu, 08 May 2025 18:55:28 GMT
2025-05-08 21:55:28,738 - DEBUG - < Upgrade: websocket
2025-05-08 21:55:28,738 - DEBUG - < Connection: Upgrade
2025-05-08 21:55:28,738 - DEBUG - < Sec-WebSocket-Accept: 2jn2jwJxI2/6boKMwqFOnCJEjIQ=
2025-05-08 21:55:28,738 - DEBUG - < Sec-WebSocket-Extensions: permessage-deflate; server_max_window_bits=12; client_max_window_bits=12
2025-05-08 21:55:28,738 - DEBUG - < Server: Python/3.12 websockets/15.0.1
2025-05-08 21:55:28,738 - DEBUG - = connection is OPEN
2025-05-08 21:55:28,738 - DEBUG - > TEXT '{"type": "status_update", "status": "\\u0432\\u... 39, "address": "sdvs"}' [129 bytes]
2025-05-08 21:55:28,738 - DEBUG - > CLOSE 1000 (OK) [2 bytes]
2025-05-08 21:55:28,739 - DEBUG - = connection is CLOSING
2025-05-08 21:55:28,740 - DEBUG - < CLOSE 1000 (OK) [2 bytes]
2025-05-08 21:55:28,740 - DEBUG - < EOF
2025-05-08 21:55:28,740 - DEBUG - > EOF
2025-05-08 21:55:28,740 - DEBUG - = connection is CLOSED
2025-05-08 21:55:28,740 - DEBUG - x half-closing TCP connection
